n = 1: 1
1 
n = 2: 2
2 1 
n = 3: 3
3 1 2 
n = 4: 4
4 1 2 3 
n = 5: 6
2 1 5 3 4 
n = 6: 6
1 3 2 6 4 5 
n = 7: 12
3 1 2 7 4 5 6 
n = 8: 15
3 1 2 8 4 5 6 7 
n = 9: 20
4 1 2 3 9 5 6 7 8 
n = 10: 30
2 1 5 3 4 10 6 7 8 9 
n = 11: 30
1 3 2 6 4 5 11 7 8 9 10 
n = 12: 60
3 1 2 7 4 5 6 12 8 9 10 11 
n = 13: 60
1 4 2 3 8 5 6 7 13 9 10 11 12 
n = 14: 84
3 1 2 7 4 5 6 14 8 9 10 11 12 13 
n = 15: 105
3 1 2 8 4 5 6 7 15 9 10 11 12 13 14 
n = 16: 140
4 1 2 3 9 5 6 7 8 16 10 11 12 13 14 15 
n = 17: 210
2 1 5 3 4 10 6 7 8 9 17 11 12 13 14 15 16 
n = 18: 210
1 3 2 6 4 5 11 7 8 9 10 18 12 13 14 15 16 17 
n = 19: 420
3 1 2 7 4 5 6 12 8 9 10 11 19 13 14 15 16 17 18 
n = 20: 420
1 4 2 3 8 5 6 7 13 9 10 11 12 20 14 15 16 17 18 19 
n = 21: 420
1 2 5 3 4 9 6 7 8 14 10 11 12 13 21 15 16 17 18 19 20 
n = 22: 420
1 2 3 6 4 5 10 7 8 9 15 11 12 13 14 22 16 17 18 19 20 21 
n = 23: 840
3 1 2 8 4 5 6 7 15 9 10 11 12 13 14 23 16 17 18 19 20 21 22 
n = 24: 840
1 4 2 3 9 5 6 7 8 16 10 11 12 13 14 15 24 17 18 19 20 21 22 23 
n = 25: 1260
4 1 2 3 9 5 6 7 8 16 10 11 12 13 14 15 25 17 18 19 20 21 22 23 24 
n = 26: 1260
1 5 2 3 4 10 6 7 8 9 17 11 12 13 14 15 16 26 18 19 20 21 22 23 24 25 
n = 27: 1540
4 1 2 3 9 5 6 7 8 16 10 11 12 13 14 15 27 17 18 19 20 21 22 23 24 25 26 
n = 28: 2310
2 1 5 3 4 10 6 7 8 9 17 11 12 13 14 15 16 28 18 19 20 21 22 23 24 25 26 27 
n = 29: 2520
5 1 2 3 4 12 6 7 8 9 10 11 20 13 14 15 16 17 18 19 29 21 22 23 24 25 26 27 28 
n = 30: 4620
3 1 2 7 4 5 6 12 8 9 10 11 19 13 14 15 16 17 18 30 20 21 22 23 24 25 26 27 28 29 
n = 31: 4620
1 4 2 3 8 5 6 7 13 9 10 11 12 20 14 15 16 17 18 19 31 21 22 23 24 25 26 27 28 29 30 
n = 32: 5460
3 1 2 7 4 5 6 12 8 9 10 11 19 13 14 15 16 17 18 32 20 21 22 23 24 25 26 27 28 29 30 31 
n = 33: 5460
1 4 2 3 8 5 6 7 13 9 10 11 12 20 14 15 16 17 18 19 33 21 22 23 24 25 26 27 28 29 30 31 32 
n = 34: 9240
3 1 2 8 4 5 6 7 15 9 10 11 12 13 14 23 16 17 18 19 20 21 22 34 24 25 26 27 28 29 30 31 32 33 
n = 35: 9240
1 4 2 3 9 5 6 7 8 16 10 11 12 13 14 15 24 17 18 19 20 21 22 23 35 25 26 27 28 29 30 31 32 33 34 
n = 36: 13860
4 1 2 3 9 5 6 7 8 16 10 11 12 13 14 15 25 17 18 19 20 21 22 23 24 36 26 27 28 29 30 31 32 33 34 35 
n = 37: 13860
1 5 2 3 4 10 6 7 8 9 17 11 12 13 14 15 16 26 18 19 20 21 22 23 24 25 37 27 28 29 30 31 32 33 34 35 36 
n = 38: 16380
4 1 2 3 9 5 6 7 8 16 10 11 12 13 14 15 25 17 18 19 20 21 22 23 24 38 26 27 28 29 30 31 32 33 34 35 36 37 
n = 39: 16380
1 5 2 3 4 10 6 7 8 9 17 11 12 13 14 15 16 26 18 19 20 21 22 23 24 25 39 27 28 29 30 31 32 33 34 35 36 37 38 
n = 40: 27720
5 1 2 3 4 12 6 7 8 9 10 11 20 13 14 15 16 17 18 19 29 21 22 23 24 25 26 27 28 40 30 31 32 33 34 35 36 37 38 39 
n = 41: 30030
2 1 5 3 4 10 6 7 8 9 17 11 12 13 14 15 16 28 18 19 20 21 22 23 24 25 26 27 41 29 30 31 32 33 34 35 36 37 38 39 40 
n = 42: 32760
5 1 2 3 4 12 6 7 8 9 10 11 20 13 14 15 16 17 18 19 29 21 22 23 24 25 26 27 28 42 30 31 32 33 34 35 36 37 38 39 40 41 
n = 43: 60060
3 1 2 7 4 5 6 12 8 9 10 11 19 13 14 15 16 17 18 30 20 21 22 23 24 25 26 27 28 29 43 31 32 33 34 35 36 37 38 39 40 41 42 
n = 44: 60060
1 4 2 3 8 5 6 7 13 9 10 11 12 20 14 15 16 17 18 19 31 21 22 23 24 25 26 27 28 29 30 44 32 33 34 35 36 37 38 39 40 41 42 43 
n = 45: 60060
1 2 5 3 4 9 6 7 8 14 10 11 12 13 21 15 16 17 18 19 20 32 22 23 24 25 26 27 28 29 30 31 45 33 34 35 36 37 38 39 40 41 42 43 44 
n = 46: 60060
1 2 3 6 4 5 10 7 8 9 15 11 12 13 14 22 16 17 18 19 20 21 33 23 24 25 26 27 28 29 30 31 32 46 34 35 36 37 38 39 40 41 42 43 44 45 
n = 47: 120120
3 1 2 8 4 5 6 7 15 9 10 11 12 13 14 23 16 17 18 19 20 21 22 34 24 25 26 27 28 29 30 31 32 33 47 35 36 37 38 39 40 41 42 43 44 45 46 
n = 48: 120120
1 4 2 3 9 5 6 7 8 16 10 11 12 13 14 15 24 17 18 19 20 21 22 23 35 25 26 27 28 29 30 31 32 33 34 48 36 37 38 39 40 41 42 43 44 45 46 47 
n = 49: 180180
4 1 2 3 9 5 6 7 8 16 10 11 12 13 14 15 25 17 18 19 20 21 22 23 24 36 26 27 28 29 30 31 32 33 34 35 49 37 38 39 40 41 42 43 44 45 46 47 48 
n = 50: 180180
1 5 2 3 4 10 6 7 8 9 17 11 12 13 14 15 16 26 18 19 20 21 22 23 24 25 37 27 28 29 30 31 32 33 34 35 36 50 38 39 40 41 42 43 44 45 46 47 48 49 
n = 51: 180180
1 2 6 3 4 5 11 7 8 9 10 18 12 13 14 15 16 17 27 19 20 21 22 23 24 25 26 38 28 29 30 31 32 33 34 35 36 37 51 39 40 41 42 43 44 45 46 47 48 49 50 
n = 52: 180180
1 2 3 7 4 5 6 12 8 9 10 11 19 13 14 15 16 17 18 28 20 21 22 23 24 25 26 27 39 29 30 31 32 33 34 35 36 37 38 52 40 41 42 43 44 45 46 47 48 49 50 51 
n = 53: 360360
5 1 2 3 4 12 6 7 8 9 10 11 20 13 14 15 16 17 18 19 29 21 22 23 24 25 26 27 28 40 30 31 32 33 34 35 36 37 38 39 53 41 42 43 44 45 46 47 48 49 50 51 52 
n = 54: 360360
1 6 2 3 4 5 13 7 8 9 10 11 12 21 14 15 16 17 18 19 20 30 22 23 24 25 26 27 28 29 41 31 32 33 34 35 36 37 38 39 40 54 42 43 44 45 46 47 48 49 50 51 52 53 
n = 55: 360360
1 2 7 3 4 5 6 14 8 9 10 11 12 13 22 15 16 17 18 19 20 21 31 23 24 25 26 27 28 29 30 42 32 33 34 35 36 37 38 39 40 41 55 43 44 45 46 47 48 49 50 51 52 53 54 
n = 56: 360360
1 2 3 8 4 5 6 7 15 9 10 11 12 13 14 23 16 17 18 19 20 21 22 32 24 25 26 27 28 29 30 31 43 33 34 35 36 37 38 39 40 41 42 56 44 45 46 47 48 49 50 51 52 53 54 55 
n = 57: 471240
5 1 2 3 4 12 6 7 8 9 10 11 20 13 14 15 16 17 18 19 29 21 22 23 24 25 26 27 28 40 30 31 32 33 34 35 36 37 38 39 57 41 42 43 44 45 46 47 48 49 50 51 52 53 54 55 56 
n = 58: 510510
2 1 5 3 4 10 6 7 8 9 17 11 12 13 14 15 16 28 18 19 20 21 22 23 24 25 26 27 41 29 30 31 32 33 34 35 36 37 38 39 40 58 42 43 44 45 46 47 48 49 50 51 52 53 54 55 56 57 
n = 59: 556920
5 1 2 3 4 12 6 7 8 9 10 11 20 13 14 15 16 17 18 19 29 21 22 23 24 25 26 27 28 42 30 31 32 33 34 35 36 37 38 39 40 41 59 43 44 45 46 47 48 49 50 51 52 53 54 55 56 57 58 
n = 60: 1021020
3 1 2 7 4 5 6 12 8 9 10 11 19 13 14 15 16 17 18 30 20 21 22 23 24 25 26 27 28 29 43 31 32 33 34 35 36 37 38 39 40 41 42 60 44 45 46 47 48 49 50 51 52 53 54 55 56 57 58 59 
n = 61: 1021020
1 4 2 3 8 5 6 7 13 9 10 11 12 20 14 15 16 17 18 19 31 21 22 23 24 25 26 27 28 29 30 44 32 33 34 35 36 37 38 39 40 41 42 43 61 45 46 47 48 49 50 51 52 53 54 55 56 57 58 59 60 
n = 62: 1141140
3 1 2 7 4 5 6 12 8 9 10 11 19 13 14 15 16 17 18 30 20 21 22 23 24 25 26 27 28 29 43 31 32 33 34 35 36 37 38 39 40 41 42 62 44 45 46 47 48 49 50 51 52 53 54 55 56 57 58 59 60 61 
n = 63: 1141140
1 4 2 3 8 5 6 7 13 9 10 11 12 20 14 15 16 17 18 19 31 21 22 23 24 25 26 27 28 29 30 44 32 33 34 35 36 37 38 39 40 41 42 43 63 45 46 47 48 49 50 51 52 53 54 55 56 57 58 59 60 61 62 
n = 64: 2042040
3 1 2 8 4 5 6 7 15 9 10 11 12 13 14 23 16 17 18 19 20 21 22 34 24 25 26 27 28 29 30 31 32 33 47 35 36 37 38 39 40 41 42 43 44 45 46 64 48 49 50 51 52 53 54 55 56 57 58 59 60 61 62 63 
n = 65: 2042040
1 4 2 3 9 5 6 7 8 16 10 11 12 13 14 15 24 17 18 19 20 21 22 23 35 25 26 27 28 29 30 31 32 33 34 48 36 37 38 39 40 41 42 43 44 45 46 47 65 49 50 51 52 53 54 55 56 57 58 59 60 61 62 63 64 
n = 66: 3063060
4 1 2 3 9 5 6 7 8 16 10 11 12 13 14 15 25 17 18 19 20 21 22 23 24 36 26 27 28 29 30 31 32 33 34 35 49 37 38 39 40 41 42 43 44 45 46 47 48 66 50 51 52 53 54 55 56 57 58 59 60 61 62 63 64 65 
n = 67: 3063060
1 5 2 3 4 10 6 7 8 9 17 11 12 13 14 15 16 26 18 19 20 21 22 23 24 25 37 27 28 29 30 31 32 33 34 35 36 50 38 39 40 41 42 43 44 45 46 47 48 49 67 51 52 53 54 55 56 57 58 59 60 61 62 63 64 65 66 
n = 68: 3423420
4 1 2 3 9 5 6 7 8 16 10 11 12 13 14 15 25 17 18 19 20 21 22 23 24 36 26 27 28 29 30 31 32 33 34 35 49 37 38 39 40 41 42 43 44 45 46 47 48 68 50 51 52 53 54 55 56 57 58 59 60 61 62 63 64 65 66 67 
n = 69: 3423420
1 5 2 3 4 10 6 7 8 9 17 11 12 13 14 15 16 26 18 19 20 21 22 23 24 25 37 27 28 29 30 31 32 33 34 35 36 50 38 39 40 41 42 43 44 45 46 47 48 49 69 51 52 53 54 55 56 57 58 59 60 61 62 63 64 65 66 67 68 
n = 70: 6126120
5 1 2 3 4 12 6 7 8 9 10 11 20 13 14 15 16 17 18 19 29 21 22 23 24 25 26 27 28 40 30 31 32 33 34 35 36 37 38 39 53 41 42 43 44 45 46 47 48 49 50 51 52 70 54 55 56 57 58 59 60 61 62 63 64 65 66 67 68 69 
n = 71: 6126120
1 6 2 3 4 5 13 7 8 9 10 11 12 21 14 15 16 17 18 19 20 30 22 23 24 25 26 27 28 29 41 31 32 33 34 35 36 37 38 39 40 54 42 43 44 45 46 47 48 49 50 51 52 53 71 55 56 57 58 59 60 61 62 63 64 65 66 67 68 69 70 
n = 72: 6846840
5 1 2 3 4 12 6 7 8 9 10 11 20 13 14 15 16 17 18 19 29 21 22 23 24 25 26 27 28 40 30 31 32 33 34 35 36 37 38 39 53 41 42 43 44 45 46 47 48 49 50 51 52 72 54 55 56 57 58 59 60 61 62 63 64 65 66 67 68 69 70 71 
n = 73: 6846840
1 6 2 3 4 5 13 7 8 9 10 11 12 21 14 15 16 17 18 19 20 30 22 23 24 25 26 27 28 29 41 31 32 33 34 35 36 37 38 39 40 54 42 43 44 45 46 47 48 49 50 51 52 53 73 55 56 57 58 59 60 61 62 63 64 65 66 67 68 69 70 71 72 
n = 74: 6846840
1 2 7 3 4 5 6 14 8 9 10 11 12 13 22 15 16 17 18 19 20 21 31 23 24 25 26 27 28 29 30 42 32 33 34 35 36 37 38 39 40 41 55 43 44 45 46 47 48 49 50 51 52 53 54 74 56 57 58 59 60 61 62 63 64 65 66 67 68 69 70 71 72 73 
n = 75: 6846840
1 2 3 8 4 5 6 7 15 9 10 11 12 13 14 23 16 17 18 19 20 21 22 32 24 25 26 27 28 29 30 31 43 33 34 35 36 37 38 39 40 41 42 56 44 45 46 47 48 49 50 51 52 53 54 55 75 57 58 59 60 61 62 63 64 65 66 67 68 69 70 71 72 73 74 
n = 76: 8953560
5 1 2 3 4 12 6 7 8 9 10 11 20 13 14 15 16 17 18 19 29 21 22 23 24 25 26 27 28 40 30 31 32 33 34 35 36 37 38 39 57 41 42 43 44 45 46 47 48 49 50 51 52 53 54 55 56 76 58 59 60 61 62 63 64 65 66 67 68 69 70 71 72 73 74 75 
n = 77: 9699690
2 1 5 3 4 10 6 7 8 9 17 11 12 13 14 15 16 28 18 19 20 21 22 23 24 25 26 27 41 29 30 31 32 33 34 35 36 37 38 39 40 58 42 43 44 45 46 47 48 49 50 51 52 53 54 55 56 57 77 59 60 61 62 63 64 65 66 67 68 69 70 71 72 73 74 75 76 
n = 78: 12252240
5 1 2 3 4 12 6 7 8 9 10 11 21 13 14 15 16 17 18 19 20 32 22 23 24 25 26 27 28 29 30 31 45 33 34 35 36 37 38 39 40 41 42 43 44 61 46 47 48 49 50 51 52 53 54 55 56 57 58 59 60 78 62 63 64 65 66 67 68 69 70 71 72 73 74 75 76 77 
n = 79: 19399380
3 1 2 7 4 5 6 12 8 9 10 11 19 13 14 15 16 17 18 30 20 21 22 23 24 25 26 27 28 29 43 31 32 33 34 35 36 37 38 39 40 41 42 60 44 45 46 47 48 49 50 51 52 53 54 55 56 57 58 59 79 61 62 63 64 65 66 67 68 69 70 71 72 73 74 75 76 77 78 
n = 80: 19399380
1 4 2 3 8 5 6 7 13 9 10 11 12 20 14 15 16 17 18 19 31 21 22 23 24 25 26 27 28 29 30 44 32 33 34 35 36 37 38 39 40 41 42 43 61 45 46 47 48 49 50 51 52 53 54 55 56 57 58 59 60 80 62 63 64 65 66 67 68 69 70 71 72 73 74 75 76 77 78 79 
elapsed time: 0.734608s
