11 17989
13 17987
19 17981
23 17977
29 17971
41 17959
43 17957
61 17939
71 17929
79 17921
89 17911
97 17903
109 17891
137 17863
149 17851
163 17837
173 17827
193 17807
211 17789
239 17761
251 17749
263 17737
271 17729
293 17707
317 17683
331 17669
373 17627
401 17599
419 17581
421 17579
431 17569
449 17551
461 17539
491 17509
503 17497
509 17491
523 17477
557 17443
569 17431
599 17401
607 17393
613 17387
617 17383
641 17359
659 17341
673 17327
683 17317
701 17299
709 17291
743 17257
761 17239
769 17231
797 17203
809 17191
811 17189
863 17137
877 17123
883 17117
907 17093
947 17053
953 17047
967 17033
971 17029
1013 16987
1019 16981
1021 16979
1063 16937
1069 16931
1097 16903
1117 16883
1129 16871
1171 16829
1213 16787
1237 16763
1259 16741
1297 16703
1301 16699
1307 16693
1327 16673
1367 16633
1381 16619
1427 16573
1433 16567
1439 16561
1447 16553
1453 16547
1471 16529
1481 16519
1523 16477
1549 16451
1553 16447
1567 16433
1579 16421
1583 16417
1619 16381
1637 16363
1667 16333
1699 16301
1733 16267
1747 16253
1777 16223
1783 16217
1811 16189
1861 16139
1873 16127
1889 16111
1913 16087
1931 16069
1933 16067
1993 16007
1999 16001
2027 15973
2029 15971
2063 15937
2081 15919
2087 15913
2099 15901
2111 15889
2113 15887
2141 15859
2203 15797
2213 15787
2239 15761
2251 15749
2267 15733
2269 15731
2273 15727
2333 15667
2339 15661
2351 15649
2357 15643
2371 15629
2381 15619
2393 15607
2399 15601
2417 15583
2441 15559
2459 15541
2473 15527
2503 15497
2539 15461
2549 15451
2557 15443
2609 15391
2617 15383
2671 15329
2687 15313
2693 15307
2711 15289
2713 15287
2729 15271
2731 15269
2741 15259
2767 15233
2801 15199
2851 15149
2861 15139
2879 15121
2909 15091
2917 15083
2927 15073
2939 15061
2969 15031
3049 14951
3061 14939
3109 14891
3121 14879
3169 14831
3187 14813
3203 14797
3217 14783
3221 14779
3229 14771
3253 14747
3259 14741
3301 14699
3331 14669
3343 14657
3347 14653
3361 14639
3371 14629
3373 14627
3407 14593
3449 14551
3457 14543
3463 14537
3467 14533
3511 14489
3539 14461
3581 14419
3593 14407
3613 14387
3631 14369
3659 14341
3673 14327
3677 14323
3697 14303
3719 14281
3779 14221
3793 14207
3803 14197
3823 14177
3847 14153
3851 14149
3917 14083
3919 14081
3929 14071
3943 14057
3967 14033
3989 14011
4001 13999
4003 13997
4079 13921
4093 13907
4099 13901
4127 13873
4159 13841
4201 13799
4211 13789
4219 13781
4241 13759
4243 13757
4271 13729
4289 13711
4373 13627
4409 13591
4423 13577
4447 13553
4463 13537
4513 13487
4523 13477
4549 13451
4583 13417
4603 13397
4663 13337
4673 13327
4691 13309
4703 13297
4733 13267
4751 13249
4759 13241
4783 13217
4813 13187
4817 13183
4937 13063
4951 13049
4957 13043
4967 13033
4993 13007
4999 13001
5021 12979
5059 12941
5077 12923
5081 12919
5101 12899
5107 12893
5147 12853
5171 12829
5179 12821
5209 12791
5237 12763
5261 12739
5279 12721
5297 12703
5303 12697
5347 12653
5381 12619
5387 12613
5399 12601
5417 12583
5431 12569
5483 12517
5503 12497
5521 12479
5527 12473
5563 12437
5591 12409
5623 12377
5653 12347
5657 12343
5711 12289
5737 12263
5749 12251
5839 12161
5843 12157
5851 12149
5857 12143
5881 12119
5903 12097
5927 12073
6029 11971
6047 11953
6067 11933
6073 11927
6091 11909
6113 11887
6133 11867
6173 11827
6199 11801
6211 11789
6217 11783
6221 11779
6257 11743
6269 11731
6299 11701
6301 11699
6311 11689
6323 11677
6343 11657
6367 11633
6379 11621
6421 11579
6449 11551
6451 11549
6473 11527
6481 11519
6529 11471
6553 11447
6563 11437
6577 11423
6607 11393
6679 11321
6689 11311
6701 11299
6761 11239
6803 11197
6823 11177
6827 11173
6829 11171
6841 11159
6869 11131
6883 11117
6907 11093
6917 11083
6997 11003
7013 10987
7027 10973
7043 10957
7109 10891
7211 10789
7219 10781
7229 10771
7247 10753
7309 10691
7333 10667
7349 10651
7369 10631
7393 10607
7411 10589
7433 10567
7487 10513
7499 10501
7523 10477
7537 10463
7541 10459
7547 10453
7573 10427
7643 10357
7669 10331
7687 10313
7699 10301
7727 10273
7741 10259
7753 10247
7757 10243
7789 10211
7823 10177
7841 10159
7867 10133
7901 10099
7907 10093
7933 10067
7963 10037
7993 10007
8059 9941
8069 9931
8093 9907
8117 9883
8161 9839
8167 9833
8171 9829
8209 9791
8219 9781
8231 9769
8233 9767
8311 9689
8369 9631
8377 9623
8387 9613
8461 9539
8467 9533
8521 9479
8527 9473
8537 9463
8539 9461
8563 9437
8581 9419
8597 9403
8609 9391
8623 9377
8629 9371
8663 9337
8677 9323
8681 9319
8689 9311
8707 9293
8719 9281
8761 9239
8779 9221
8819 9181
8839 9161
8849 9151
8863 9137
8867 9133
8933 9067
8941 9059
8951 9049
8971 9029
8999 9001
