252
1626
2352
2279
2113
1677
2180
1336
2593
1556
1041
998
1074
2086
2392
1418
2459
582
2305
1317
1250
1953
2833
2315
2855
977
1464
2945
2647
2750
2635
2003
891
880
75
2737
209
2829
1953
2916
574
2899
2154
2423
480
2988
2501
1635
1297
2315
1189
2754
1710
876
1545
1425
2274
1963
840
491
2640
3018
1729
2624
741
1271
654
623
1556
2633
2774
1716
3030
191
1727
2394
2184
949
696
2282
2826
1048
2218
477
1804
235
362
657
1817
658
1139
1414
1131
133
1047
443
250
2228
187
1552
1720
2647
640
1704
1405
2611
2684
1518
1996
2966
2755
1520
1932
1427
1046
2682
1255
1893
1175
1717
308
1080
2904
1515
2262
2878
1898
1358
422
1913
2447
1566
1407
1665
2950
1963
2074
2975
413
2690
679
1703
2446
1098
2542
843
166
2169
1663
1479
2237
1014
204
2783
2204
1979
462
2193
2259
3023
2516
2830
86
2046
202
1382
2191
2404
196
1788
291
2384
1015
1412
2072
759
409
1258
725
2868
672
887
1859
1876
1418
1173
1980
302
952
1061
2859
1386
2437
393
2278
711
2858
771
2208
806
486
965
3018
2192
1720
722
633
1089
528
100
1649
2285
923
2082
808
2407
1108
1873
550
2384
1874
2529
1210
1669
2449
319
1164
595
945
1862
826
1641
1893
1142
1664
70
463
1311
2907
434
2420
2737
288
15
930
1149
2658
1719
2
340
420
1390
447
981
209
1272
2326
1144
2121
1139
2829
731
1426
1370
918
1531
2108
2560
2935
1894
1564
1156
102
795
1351
1379
1259
106
1853
2473
2648
2634
2364
1796
1875
2499
2930
1372
2320
2713
2869
1023
1270
2538
1203
144
540
2897
2807
213
1893
1363
635
157
115
2479
1468
1509
1376
1480
1276
2475
1566
1394
2323
1529
1236
1679
2906
977
94
887
2391
1394
2521
697
2934
2279
1276
1796
382
1204
758
1598
1157
1637
393
2833
1674
1280
2735
1340
698
190
1920
2629
503
805
1566
1858
2433
2883
2928
1699
718
2604
196
456
455
578
982
2043
1581
755
2168
1678
718
1170
2267
1418
1205
780
2857
2178
2577
1076
367
2305
1283
2154
1998
651
504
1964
439
1015
2127
1574
1750
1382
1940
834
1070
235
2351
2672
1709
688
2694
1418
1710
2172
444
2444
1192
585
119
2184
35
754
1252
1547
527
1766
1860
2586
689
2207
189
256
1452
2913
390
662
374
676
2953
1151
2768
888
1326
2825
981
1923
1156
2137
1944
2118
1333
1696
1720
2845
1246
111
97
2875
1929
1289
223
1376
1775
223
1696
1941
661
1579
1312
2946
1943
1468
2016
1551
2220
843
2882
1904
3015
948
2530
504
1633
1443
130
282
264
1684
2826
2016
1920
1177
2235
1977
2689
2277
835
1033
1196
2838
560
2600
1817
2400
756
2101
2077
446
1884
2020
1421
2280
2334
1568
2414
1169
23
1224
1751
2906
560
2916
2664
320
1185
238
257
540
2149
3003
40
1752
1479
2484
500
2158
2408
2052
2983
1763
1566
760
1414
3025
2576
2168
1844
1471
464
238
1048
304
2136
877
1911
775
995
2980
1911
472
1951
2053
1472
2153
1728
1227
45
1150
438
981
1140
2516
142
1204
591
2447
565
2302
560
761
751
2864
896
1426
479
2768
2809
2174
121
609
1210
981
1457
985
2735
2925
2508
1845
1009
2114
2153
1567
1012
1550
2476
1961
741
1936
1477
2122
2121
1355
869
1055
2197
1183
2423
1062
2543
2180
692
2914
1995
116
848
2932
1467
927
2554
71
1651
1289
1893
606
1103
1270
1635
336
1797
2299
445
1746
745
267
1231
130
1192
2855
1827
2872
889
2236
1901
691
389
1644
2274
2288
540
2447
1037
2457
1821
3006
1904
981
2482
2050
132
1263
1952
883
751
1452
2291
1634
2636
1514
1135
251
347
853
144
1674
670
919
2685
2192
996
2262
2809
2994
419
1768
2470
2337
471
2588
18
2146
1334
2043
607
3013
1451
1579
539
1099
609
1706
635
1346
1872
2280
2739
541
315
331
1466
1120
2949
264
1889
1891
923
1511
2828
2277
880
2595
444
626
2519
1808
1405
1875
615
2607
756
1370
2776
2079
2505
1377
2930
2904
1528
2849
1736
382
2278
2845
1468
2826
2814
2019
2919
826
329
2394
2211
1173
840
350
1954
1196
54
1467
1383
2169
2045
2853
2537
2518
1846
1091
2422
1487
1087
1544
3010
982
213
2426
310
1602
1735
1385
1692
389
2545
1565
2717
1452
1246
2131
1033
2348
2859
2356
2691
846
164
1076
2602
1667
767
502
907
2616
2752
2127
88
572
463
2992
2684
103
74
1722
1487
2544
381
960
2541
823
1370
1527
1738
169
1974
1611
2643
2316
2764
1048
164
2419
2746
2046
948
2386
1768
2196
1191
2316
316
1289
1566
2370
2489
2589
1339
2221
879
1126
805
2694
662
964
502
84
2809
1377
1246
1556
2057
2778
2004
636
581
1401
1177
2658
1778
26
2734
2000
1482
2038
850
49
955
1565
643
1873
225
1952
1495
1736
1333
696
259
106
187
209
222
2365
1915
1305
80
2488
2982
2572
2121
2577
321
1069
2134
2803
662
623
434
352
2197
2755
2305
2492
2117
2682
1696
1435
2174
1897
1481
2834
2077
2232
752
2826
2994
1171
2262
977
2249
21
341
1337
728
2083
2830
782
1978
652
2281
1214
919
2457
754
929
2130
1964
382
2485
1872
502
1864
462
2475
1633
2483
1134
2859
1953
1510
2401
622
2621
351
1099
2808
1060
2999
2270
1706
2088
1290
743
203
579
2672
1311
224
634
1640
2809
1677
2322
2752
1767
2864
1015
1457
1357
1567
1120
313
2931
1644
310
2581
1285
366
2690
1284
477
213
1257
103
229
196
917
503
522
669
2003
2277
280
2576
2081
2998
2102
2841
2365
1338
1853
1880
2795
1871
286
1092
596
507
1339
1757
683
2468
2060
2378
2696
813
1174
569
2115
1932
2999
2684
2615
1361
1918
2442
1195
1943
1516
183
1093
1954
1033
363
168
540
2615
1951
1227
1493
806
2981
1339
199
199
2023
1612
957
1828
655
741
120
2917
1024
1567
2598
2692
1715
1981
2118
1535
2917
761
2089
346
2356
2196
330
1867
2416
2268
2830
2297
3000
2873
462
1952
222
1177
279
826
2583
3023
991
1898
355
2965
2981
982
477
1720
833
2312
2352
1450
2417
1494
864
560
2706
322
1999
307
1058
2608
393
1588
619
625
2469
1100
629
2731
2288
1418
1510
2990
865
1683
1376
912
1767
1374
1709
2668
2844
2407
2672
2970
479
2848
613
2177
1271
71
255
1601
2284
213
1568
295
229
395
2531
389
1358
687
2346
2258
675
480
1425
910
2110
2777
2826
2918
1221
2460
1554
783
2714
2616
2296
997
2084
2842
911
2085
786
2705
1706
727
1414
502
2737
1556
968
839
1718
2953
2291
1846
2886
2407
931
2756
2905
2102
1232
2586
2541
2568
2741
95
1749
981
1553
2992
2094
1144
2469
1693
2772
2985
2839
2091
2809
2110
2160
2514
1088
1285
486
1370
1695
1083
162
1876
1021
636
2040
168
2385
1482
1459
2519
2136
1962
981
471
2108
1846
1894
2513
1270
1150
2905
2192
355
1127
2684
1443
2498
658
14
2997
1352
1482
1808
1449
2546
711
1047
1024
2554
2401
2281
2789
1360
2339
2823
359
1147
1425
2102
2623
2736
2395
1093
213
935
625
2990
2813
2545
361
1300
1358
1563
2338
1203
720
1695
2980
2712
1093
676
1630
2672
815
560
2174
1959
1291
1305
75
2937
144
1634
950
924
1009
2923
2826
295
1126
1254
1273
2339
1893
1003
2576
2516
2788
1774
976
981
1829
2147
1310
2608
101
1553
2953
173
1055
725
1475
1177
124
1514
1313
1350
2473
1069
1143
422
236
1902
2617
2876
742
198
1164
888
2666
806
1403
2651
1016
2474
800
1893
2419
440
2060
855
2853
2474
2748
1876
2438
596
737
2432
2194
603
780
2917
2280
2492
2544
755
2268
1894
2934
2754
2114
109
851
1143
1749
2146
2490
2829
1003
2906
1091
2178
388
2656
1757
1178
1748
538
1048
2581
2843
2979
1310
1287
997
1511
623
864
1311
1476
1307
2655
707
1797
389
2666
446
514
2981
1798
2026
111
456
911
1493
2300
1997
756
2518
456
2581
1367
662
2701
2237
321
2896
675
949
414
831
2443
1265
662
1920
1985
2756
3009
1966
1983
1930
541
591
1720
2197
799
1382
1416
1314
2102
1316
2906
1483
2387
2932
2102
285
1982
659
2357
259
967
248
1417
2164
2479
1073
591
281
2127
1405
913
1922
752
1593
2560
872
930
674
1876
505
380
1241
2066
1203
1790
1709
2418
1270
1667
2407
389
3001
2072
1482
2658
464
1781
272
900
1846
972
2192
2519
2764
733
1764
1411
1568
1552
2292
1680
603
2483
324
1312
945
2636
2855
1077
1895
528
2422
1044
164
1672
2448
794
1679
721
2606
623
2795
1853
1265
2240
1511
1560
1693
3010
2094
1203
2577
696
2560
3001
659
1678
1515
497
24
176
2180
2526
1719
1966
2262
1822
761
1047
2287
1299
2866
1051
363
2300
664
201
989
1009
2744
1160
1803
2482
83
837
1667
2369
1893
1618
2248
924
1204
1203
2177
2331
2045
1463
401
2827
2114
1821
2132
2168
2766
831
2161
1195
1973
1770
1363
2517
1361
1511
1617
464
1939
2846
1986
513
1646
3000
1221
1750
1285
1127
2020
237
87
1120
2323
319
2662
419
912
1806
1859
2124
2408
1335
2984
1972
2718
405
451
1566
1070
167
2234
714
1951
188
1381
2423
847
2077
927
2191
1916
2373
2558
3025
2398
2945
994
2186
1485
1300
389
1612
2985
982
1055
1063
2475
540
1144
2196
1306
2102
780
2050
2887
1019
344
2573
2305
2180
2914
2572
2161
2471
1744
1056
2517
2778
821
2339
843
1481
2670
2306
1463
2482
1534
1144
970
2529
2101
1779
2005
1727
2474
1673
472
2063
1796
889
2420
630
669
2400
165
3019
2747
1014
203
1978
2311
1177
2031
2865
1809
1909
2629
584
355
236
1557
2816
3000
2086
1551
1854
2734
2225
2186
2267
602
1070
2485
7
1556
751
2534
394
2802
521
656
915
2094
784
2216
2862
603
1356
1385
2958
1846
1591
1876
483
1506
2372
2754
510
2267
2471
779
326
1644
1454
2446
1580
521
1622
837
2375
2747
633
1477
1232
1944
2368
1709
1475
2809
2136
2734
889
440
1094
2505
268
1728
2448
1293
2916
1093
3000
1016
616
1562
743
857
1228
854
2055
1677
1729
1409
2753
1950
2700
3006
46
752
1276
1156
271
1714
1451
2156
2726
1327
805
2871
2498
3006
680
1521
568
1804
1170
899
1203
746
2351
2077
1051
2849
2705
1277
2926
2985
589
2994
2102
2791
1775
915
1280
559
1204
153
609
2025
147
2118
209
911
1313
2285
2559
2117
2702
981
2406
904
701
73
2505
2364
602
2789
606
1246
2958
1771
362
2451
2143
2401
1930
356
865
2196
2518
2568
2481
124
2759
1020
1739
1566
713
1072
2882
1025
1678
1594
2002
2337
456
1144
2087
1396
1554
557
1550
1468
1025
279
1279
834
2635
763
2334
3027
504
1092
2362
1834
2752
2278
3013
2604
405
801
1941
1085
2441
1758
1338
285
2691
96
1765
2060
108
739
894
676
2942
2994
717
1074
1381
2849
2827
116
324
1557
167
588
2299
2224
1719
2280
190
559
2680
2020
2885
1876
946
2928
1204
696
2822
1824
279
2959
986
352
1350
2486
1809
2905
2285
578
761
2085
949
2232
2147
2826
978
2856
1156
2629
624
2712
1943
2557
1640
1044
1319
674
1669
970
2358
1505
206
1290
2934
833
1948
2569
2533
1199
1336
1224
1613
1776
2994
1484
2003
928
1730
1940
68
2154
1015
808
2001
2352
561
2866
1158
1035
2887
2267
2951
2695
1775
2907
279
1622
763
1334
771
125
619
1746
168
590
509
607
2302
2751
2101
1604
1740
1566
2743
213
2017
1779
2204
820
332
2035
2778
91
1194
2071
1100
2119
2491
1724
1678
2707
2822
2322
2897
765
1653
2176
1072
1177
2390
2435
3016
2694
1106
1005
301
779
808
2072
581
1579
3027
1055
1038
2103
1982
2771
924
391
2423
2394
1515
2084
2985
1859
2474
1468
3
586
2394
1717
1262
665
4
1798
657
2886
1988
2075
2865
2314
2062
1694
2685
732
2240
751
1327
122
1422
1070
50
1380
2107
607
1245
2680
2886
2517
3009
1152
1280
954
511
2031
1070
2755
1091
145
2998
982
618
2528
1556
2174
2748
24
1228
826
726
2197
163
2856
2777
1556
1297
2651
2948
823
2369
1455
1277
2488
2247
615
1709
2945
2284
2371
1237
2899
842
393
914
523
414
2698
2102
581
476
1154
1515
2743
1477
331
986
2270
1770
816
1770
1874
2437
2984
1542
2751
2994
2577
2853
923
745
1795
1156
2637
518
382
1476
884
517
1599
685
2792
1752
608
1680
2579
691
1474
1328
2255
2270
2478
2516
404
2202
1918
2978
2317
182
2844
2004
2827
2582
816
2157
2212
351
1061
2685
3001
1161
1580
2702
938
2503
1276
1941
230
2913
821
2692
2482
570
447
1159
918
1235
117
3013
911
1370
478
2576
1898
2699
868
822
811
558
2527
1838
1476
2062
1156
1757
206
2398
2169
2716
1204
1825
613
2321
336
2238
2393
2043
2516
2398
1594
216
505
963
585
2008
811
2336
1939
827
2875
167
2206
1647
126
486
248
1376
2539
2866
2527
1313
2539
142
1694
1548
1547
2932
1243
450
2416
310
2423
315
2585
1527
2374
179
239
127
2605
1155
456
476
425
1741
1315
131
658
454
2912
1514
1715
423
2535
1584
376
2809
2084
352
1786
331
1551
1918
696
1337
1966
1556
2242
2950
1858
1442
107
1951
2623
1470
697
1418
1639
2280
2427
2167
1876
646
1967
2753
12
896
756
1086
350
2927
94
2357
1610
2514
1826
2383
1691
1491
2592
837
1877
2656
2280
1665
2998
2150
554
2633
1894
2466
1510
1821
2058
1776
2822
1684
983
2460
2301
1245
96
331
1493
912
2237
1144
955
1052
1204
714
2935
1848
543
1173
420
2808
588
636
696
1290
621
2823
1203
1925
2593
2244
949
2108
2752
2235
274
479
1554
2018
1951
2009
980
2934
750
1877
2240
614
2935
1951
1946
348
2490
354
2453
2849
1893
1680
149
2945
486
210
2079
1504
1861
2830
1062
2475
438
332
930
1449
902
2495
2059
1979
2506
1777
3000
1557
2308
2753
1952
1450
45
2277
306
1890
1972
2007
907
2914
2990
1818
1203
783
2352
2414
1071
2991
1147
453
2991
2981
691
1981
1678
1386
138
1853
1092
2792
834
2660
272
2804
1450
2832
3023
1543
1941
144
747
251
2005
786
4
414
2324
2002
2916
1167
2267
1715
3000
1284
879
2601
2753
1927
1246
1389
2107
2695
1367
2681
602
609
1177
603
1060
1763
2748
2821
1691
1944
1176
1580
1370
2675
1747
2454
1818
514
2462
75
1450
1515
1016
422
249
1865
2605
928
2303
1520
919
623
1271
144
1682
1202
1820
1427
2657
1322
448
368
2825
867
745
2821
553
1514
2395
2364
1874
2135
924
2103
808
3025
1846
2824
109
2180
198
1414
2542
2862
1550
1568
929
2497
330
1365
2837
1592
714
560
2089
2418
2425
1099
1951
2401
1491
2386
2160
149
665
361
2970
2947
976
1140
2994
2174
2684
571
558
804
1580
2094
1443
823
2950
1376
1696
457
877
1873
1414
2416
1047
2525
56
2280
2506
2687
729
3030
2174
1658
1563
1314
1041
2220
1172
2084
953
2179
1121
133
2283
2623
1327
2354
401
189
490
423
164
1175
1946
1156
2310
2401
1467
977
984
2887
2424
2755
252
1156
2339
1825
216
308
911
1279
422
2368
1597
782
2530
1624
286
2776
585
1727
888
712
1924
1770
450
2984
2542
806
248
889
2018
61
1889
1510
1189
2090
2481
2115
739
1974
1363
342
29
2242
2453
1898
1972
765
2713
1935
1864
2478
1414
115
962
1515
1327
1884
280
2707
100
1299
2689
882
1129
2552
1334
719
2147
2466
2300
2185
41
1263
1229
1889
1336
2606
1045
2360
2493
741
1924
1326
791
503
2108
1652
1421
1613
2419
309
1713
1152
1026
52
880
1740
2576
1185
1549
2886
2765
2473
2453
944
1272
214
1769
1834
1075
177
1164
1484
820
1764
829
2997
2102
932
2257
1405
162
2542
2518
2088
1664
2400
414
1753
202
573
1020
102
761
1874
167
726
138
1446
1557
980
1271
507
1717
1607
918
456
381
2859
1455
1554
1070
1630
2196
2436
539
2498
1245
696
719
721
805
1070
1016
2600
1620
2700
1775
3030
252
2292
1526
1316
1632
944
2844
2748
933
2060
1514
857
1471
144
2420
915
1377
960
2504
565
89
324
1216
932
1138
687
2072
467
2606
2034
2138
2750
54
1925
2554
811
2979
2592
1987
1951
1928
1059
168
359
1377
2985
767
2064
1951
956
502
2959
2735
1322
2898
2823
447
2466
1800
1600
2003
39
960
1749
682
1126
2756
67
1220
1256
904
109
1339
2927
1729
1777
1228
1679
920
46
1593
1371
1552
1442
2174
915
2624
2251
401
2470
943
1565
1638
883
2336
3007
2195
2732
213
2693
1678
1847
2991
2774
1879
333
2236
1954
1875
96
337
366
190
2982
807
2031
1383
2905
1613
2092
1903
1688
228
1712
1352
2542
138
2178
1383
2712
2174
2634
1839
1010
1555
1437
2624
2605
1219
607
2092
3024
1262
279
153
2792
2490
1843
1169
2753
2600
462
2167
2912
739
2979
1784
1060
1854
1678
45
1875
880
2777
2886
1757
2983
752
2130
203
996
40
1471
468
1236
1607
80
2494
2085
503
102
2152
1243
2771
872
2279
275
281
1483
1543
1282
2278
2777
2857
721
2672
1081
1599
779
805
1093
602
1210
2579
329
822
2516
1191
1072
2856
919
477
976
246
356
691
2855
571
3025
2969
2689
760
2988
65
1111
1620
160
1638
2146
1505
1613
2731
2574
1063
1450
919
3009
1054
40
72
228
690
536
927
864
2830
1799
1939
603
614
1304
2313
2712
1922
1377
1451
980
1727
977
1568
977
2838
1962
3024
141
972
1461
2510
2692
1612
2394
928
446
588
2582
609
1051
1125
2641
570
603
1274
2144
1203
2533
2627
972
1635
1807
2853
1631
1258
2102
1683
2859
2400
1683
1607
1070
2748
2235
370
1483
1040
669
242
2826
1191
559
1620
1892
882
2846
251
1082
2146
1067
1171
2176
394
2256
840
982
2071
2057
187
1055
2582
2168
228
144
2605
2414
1778
2886
2258
2229
2390
9
880
2280
2472
2777
2265
806
462
2476
1623
938
1956
1025
1718
434
2114
907
2184
1105
1425
596
760
2197
2197
1899
2751
1942
1596
2082
1714
2866
2546
2236
729
1011
2322
1519
2494
1997
544
2036
1640
2692
1192
986
1619
2658
356
291
2482
353
2475
1403
1158
1653
2605
186
673
168
2129
1722
479
2695
1405
2278
1475
1223
153
1572
480
1515
1227
1317
983
1892
1326
1245
463
2706
109
1358
601
1910
1333
1840
251
2600
1758
1451
2398
623
126
242
1156
1118
1383
2352
513
2281
1599
2194
2295
2635
2094
2063
1172
633
2369
2417
2827
2635
2039
3001
2705
2470
2085
1924
1951
740
1679
2729
1897
1323
1982
834
1300
2716
1059
1667
1091
1620
455
1247
335
2207
1892
66
352
2081
1897
1015
2518
912
2437
1776
2932
2795
499
208
2077
2770
517
1671
1687
1305
2220
1944
2780
2749
924
2399
2948
121
279
1004
112
2191
1172
494
2556
1148
761
811
532
1190
2883
2735
1090
1462
1806
2982
847
3017
1427
1566
1070
413
2124
877
2822
1644
385
1084
2871
2917
2032
2497
2516
997
2451
2160
2436
2544
374
1377
2031
588
893
2475
2424
683
2565
2986
2593
1156
354
3000
2072
2398
261
2364
2692
2073
983
3005
42
791
1022
2388
476
2303
1424
1274
318
2998
2644
771
1482
1623
1729
477
279
767
2985
637
1091
1862
1480
869
403
2772
1876
937
1960
133
2924
2005
2636
164
2118
1804
163
265
1475
2931
2333
2981
994
1748
486
2981
831
2316
2516
2695
721
842
2945
480
1669
1691
593
1011
394
1482
1342
478
2777
523
287
2731
1696
455
111
291
2087
683
2269
809
1128
2526
2003
2917
1543
1784
1792
2474
2633
1172
1487
660
2859
381
753
144
1998
1611
2758
772
1811
1412
539
1757
2460
2754
2977
1203
1768
2694
2657
1532
316
27
1082
1933
111
1613
2330
2751
1477
780
2700
2258
96
982
1771
1516
1158
503
598
1189
192
1481
1545
289
1811
2690
646
977
909
2604
2764
2186
2423
1897
2939
2669
1047
1724
2280
1246
2063
438
2278
1665
2296
1468
1290
839
1843
1977
2110
1203
372
671
1246
2464
340
1811
1163
41
1873
2970
1612
664
2612
1960
2305
1488
1372
2094
2404
2161
965
2503
2826
357
2244
2905
2552
937
2494
2351
1015
2607
482
2071
147
1126
2355
122
1832
1498
2980
542
777
1618
2606
1982
822
2705
329
2804
145
1941
1062
1960
2336
2426
822
745
2735
2391
2160
2622
1144
753
770
2725
1884
1873
493
2565
1254
1195
1735
995
1728
1568
1593
2213
1411
1390
2220
1145
1857
625
2752
1282
2877
2174
782
2115
1578
745
49
2371
1551
2014
337
2951
250
2272
2845
366
2102
668
168
1255
2529
915
2107
1561
2253
559
1182
165
1305
2193
1046
1579
1934
2206
954
2491
1509
1225
2278
2690
2515
272
423
29
1254
801
55
1484
2409
824
2750
1261
1188
848
1338
383
2813
2792
2220
494
1195
2450
30
2583
970
1582
2040
456
1738
941
2948
391
2616
865
1135
487
1243
2526
1340
336
1433
1777
663
1092
1085
400
2746
829
754
1095
581
2401
887
1093
1875
2671
2751
1600
805
559
1222
929
2990
2740
1620
2174
1477
1676
2436
1697
1016
2175
2415
3000
2035
923
2538
2530
1550
418
816
2511
2223
543
2448
1518
2511
1758
2453
2904
1892
1511
1554
2915
712
771
319
2195
2482
1245
943
2078
118
1651
1176
565
2079
979
2630
2028
2088
1503
3006
1782
222
1518
1783
2094
1912
1271
2223
2658
2906
2085
1152
803
717
1910
1058
1225
1331
2805
1289
2443
316
1043
381
1482
922
1622
1094
360
393
1804
2813
1719
1671
2994
286
2029
96
1327
2518
138
636
1236
1049
877
2251
270
1092
1719
2803
1358
1892
2460
423
1264
1264
279
643
229
194
3006
1951
797
2583
1600
340
2981
2302
1327
1037
620
2072
113
2489
868
2063
1566
2086
692
2078
2636
2046
581
869
2529
2856
1778
2913
2937
2342
464
2280
1407
623
2426
3021
2982
1375
2329
2739
827
2584
2433
696
706
82
3016
1722
2087
231
338
845
2367
1869
1556
2005
998
1620
713
3016
2736
5
2822
100
2410
2760
408
161
987
2497
2063
2315
2237
585
2680
2517
2164
2076
1121
180
2434
453
1259
1424
1477
1194
2284
2845
2848
2865
719
288
1224
1887
2128
1421
2178
319
1892
46
1733
762
196
1448
2169
2948
1860
977
1370
756
73
571
603
757
805
3001
2803
864
1059
761
2228
1678
2993
610
2194
2615
2102
1352
444
571
623
1246
1895
912
1158
53
986
439
1941
2448
286
2635
2551
2383
1250
2634
1147
251
2811
717
1995
1593
2826
2124
1619
2108
2999
2371
696
994
911
2244
1047
2998
449
760
2984
1334
2854
1950
631
2827
523
1285
1893
2121
922
2240
2878
779
54
2529
498
2083
413
3016
843
1247
359
2943
1894
1129
1996
1693
3025
460
1775
24
1361
1531
1045
1999
129
2127
2717
949
562
1852
3000
2001
2434
1460
1708
1211
1051
1643
402
784
761
1517
2114
2354
797
2174
2
1555
2366
1502
456
745
542
2979
1305
1564
1482
1489
1156
2043
1305
352
2927
1868
607
397
1861
2276
2116
2376
137
908
2985
1822
562
331
1570
1403
1425
2067
2079
312
2542
308
2208
1841
1471
2085
904
285
1147
937
779
2262
2708
2236
2788
3000
267
1630
2367
164
977
604
1932
2160
2348
1791
2494
1644
952
893
920
1516
1468
1613
2082
2594
43
2426
2471
2278
1556
1898
1868
2799
2284
1106
1202
985
2077
2772
565
2630
1746
549
2216
837
1524
1456
2035
2511
559
2129
2231
1677
1770
142
1865
880
2743
2075
2878
272
562
2207
1478
2940
2460
2694
1333
1929
2482
2498
1493
2046
2387
1857
1414
201
306
2086
1556
447
2931
1459
2060
1728
1579
2713
419
691
726
756
366
385
1682
1199
2553
487
1895
2954
1494
2879
2329
2357
1053
2312
712
2993
1455
1171
485
2412
2608
438
2753
858
872
800
1288
2825
2745
2906
1093
1830
718
909
1725
2886
2352
1757
2946
1263
1527
2198
1668
2895
1269
1310
1214
194
2901
2401
2977
162
980
1317
1388
2848
806
2196
579
2085
1951
2244
2814
2993
2268
1314
2830
1719
1011
905
107
118
2825
2220
2755
779
1247
2318
232
1919
2158
1236
2255
1091
1296
1515
987
1607
2569
1568
1565
975
3006
1925
2829
2678
2137
2334
712
2590
1770
778
554
3009
2498
671
1547
354
50
2627
1246
2044
2826
1859
976
656
2393
2262
1717
413
2572
1620
2607
1979
2393
1944
1843
2471
1873
2980
2072
843
2073
997
88
1665
2146
2369
1958
2240
249
2127
2112
1101
1479
929
1141
2519
276
1580
1488
306
1727
320
1580
635
2273
2083
1254
1612
1651
477
1205
2365
2357
855
1863
2993
1945
1520
1510
2822
1076
326
1924
2915
1932
2174
1170
323
2938
2984
2083
2689
2418
2933
1489
324
2144
1777
419
2637
203
2132
618
341
253
2291
295
2905
712
2334
2877
610
1943
2605
383
3017
866
1683
1784
1597
613
1060
42
467
2858
994
1782
549
1511
180
2630
2817
1106
1592
2258
1806
2443
1221
61
455
1853
1484
2337
1914
2454
2064
1237
248
2383
2554
3027
783
1376
1720
2097
1955
2747
1966
1295
2559
2906
2308
2916
2688
28
2624
1451
671
682
1897
669
1203
1376
2578
1289
3028
2322
297
2756
2856
330
382
1538
362
1566
1815
266
981
363
2791
1126
863
199
723
201
311
923
1448
1665
1952
1780
2560
2137
2122
2789
1770
441
2506
1332
1954
1516
1730
2085
752
1847
1882
609
915
2846
808
1596
1653
1757
601
2155
2659
191
192
2581
1155
2831
560
727
1227
2607
864
2416
2122
2998
495
2195
2121
472
2951
1530
1514
2124
2612
1030
1255
875
2196
1891
730
2967
86
2564
314
512
1446
2930
249
1425
2393
1560
1327
1121
1339
995
2118
2569
2254
2003
1764
746
1517
189
1795
2827
2108
2353
1768
1059
420
1344
603
1107
2725
1566
412
2488
319
1406
1598
1873
354
2398
204
220
2025
833
1395
915
3017
726
1486
1141
1436
1380
1917
862
1612
1382
1216
2137
84
1610
2962
456
1664
2115
418
2483
2905
1758
2909
2197
1306
1554
1095
753
1877
2862
769
2126
68
1499
1651
1336
1414
650
380
1237
1469
789
937
685
537
2907
1952
2004
995
1481
588
619
662
604
570
2736
1951
227
560
1003
213
831
2316
854
1640
1548
2287
1883
603
1449
2951
2410
959
468
2085
2976
1244
1284
1569
2856
971
2824
821
803
292
2086
762
134
1173
2945
1196
269
3000
1711
405
2829
2627
1217
272
1194
1640
2568
1741
2346
1359
423
2475
1417
2268
2907
1304
2657
662
691
756
1835
259
2861
2107
2462
2588
2249
2118
1826
1618
2260
2471
1475
361
877
1128
1450
1560
1727
1749
1201
2830
736
2735
876
1344
1109
1731
226
1247
1414
2741
351
2364
1414
1459
1997
3012
2636
2303
504
2672
943
2281
1166
2821
1070
972
2671
948
889
423
1380
1752
1507
81
1327
2339
2270
1727
2819
2644
2517
2926
2883
2827
448
2712
2384
1244
2877
425
1246
1639
559
823
2799
2135
2356
1785
2884
780
787
2460
1819
2110
2925
653
482
930
2752
1339
2031
1117
1783
97
1845
1510
1610
2269
757
676
1817
840
601
6
2666
92
782
1270
2489
2243
876
2524
744
1718
722
1148
2516
997
2961
1947
414
1842
697
446
2805
1872
2224
1507
1922
517
2389
1090
1253
1549
2167
331
1494
762
548
2160
2254
799
2086
2223
1654
2168
1633
892
624
602
2278
1903
602
2690
1144
745
565
258
1221
527
3017
2114
3025
1013
74
381
1321
2073
1619
1227
1106
2812
2489
1464
1051
2226
2918
118
1450
2412
740
1663
1644
702
1340
1747
1919
888
1894
2414
2517
2744
2403
983
907
1040
670
927
116
2340
381
1335
676
179
1261
2064
2023
2426
2792
2204
2340
2825
504
2934
2124
1728
2197
793
1016
1780
1838
2915
2009
875
1782
1225
2174
662
1952
279
1859
1892
2701
2143
2873
2179
2462
106
1191
182
888
1044
2952
1168
674
200
2721
2772
1477
2970
1720
291
1511
2275
2129
2815
1649
2121
741
1419
207
1565
1237
1711
69
2904
1796
604
1467
2050
1461
2383
1391
2502
1317
1294
2031
728
308
2270
1860
855
633
1381
2107
523
290
2301
1073
1329
1649
731
972
1337
2917
329
698
1257
2544
1307
2334
1674
662
1277
1229
1917
478
141
2461
2412
1519
1958
1787
2758
2735
2684
1975
487
825
2287
724
521
296
1059
472
1997
752
2853
2083
1680
982
2994
589
1712
479
1569
1815
1532
138
2802
2988
84
1786
1070
1261
749
436
1178
2463
1774
2641
287
2810
2718
603
783
1424
2644
933
2754
556
1203
934
670
568
1580
432
2529
198
1978
2353
1082
1809
311
478
2287
1784
2631
291
1459
2134
618
2825
265
2280
153
2535
249
322
2207
1773
2980
2952
915
2743
2824
867
424
884
970
1177
2097
2287
756
2888
118
837
2886
585
2807
2394
1305
2486
2031
2129
702
1552
1334
2681
1919
2998
2153
2381
1023
2866
138
191
2322
2990
57
2897
2849
1783
1922
681
713
1748
2545
816
570
2389
2691
2997
366
2274
1729
2094
391
1584
725
2807
977
329
756
2725
643
1334
2605
1335
2752
2866
2217
2687
2980
971
2637
415
1737
2541
1204
2279
2334
1620
2000
982
390
207
1126
2196
1827
2060
234
1140
709
1195
1995
658
258
883
1047
1394
870
2233
2032
3000
2456
2090
884
929
568
937
1321
2072
911
56
1566
117
1966
1275
1374
2748
1770
1202
3007
1047
367
2476
585
725
1803
2777
1385
1165
1148
2913
510
1736
2772
1247
104
804
1963
1357
2034
614
1268
1544
551
1087
1679
1284
308
1966
555
1774
1450
2417
1262
1488
2897
2401
1477
1013
1904
662
1227
1105
1460
197
3001
1951
2475
1106
623
2447
2124
2348
2907
1940
2269
354
1073
2305
1638
1757
1965
2235
855
1545
407
1296
167
3
2035
2822
2071
2309
624
1718
2213
1061
2734
472
1991
2161
2180
3014
15
581
2981
2077
2323
103
709
609
2495
1954
1284
2581
2059
2802
3027
2201
1295
948
798
2395
2490
1921
930
1022
3001
1408
1910
635
2923
734
2283
2018
130
1357
1953
1280
496
1876
3007
1354
3001
223
84
1481
1040
1255
1406
1706
2641
928
1431
1311
2171
462
2527
1319
840
2342
924
1795
2052
1828
1613
1227
276
2538
644
414
756
163
669
864
2939
1236
840
1978
956
2884
1393
89
746
2862
2093
2662
1152
1480
2020
1951
1121
2875
722
1942
2910
855
2584
2633
1143
2999
537
2088
2278
1357
2861
1569
1783
1158
2880
2904
120
1519
2118
1254
448
1637
1495
2418
714
1650
718
2419
181
2807
2671
655
1764
1526
928
2518
2937
2420
504
1362
2562
1678
154
2980
1582
230
589
1777
1390
1880
1667
2515
590
1607
1706
961
423
43
2034
2318
195
2725
2706
2119
1639
954
2927
3000
2989
1203
2862
905
249
2934
2901
1859
1326
2616
384
384
2316
2242
2904
1893
2531
2197
2274
102
1134
1411
2309
1339
2856
1177
90
12
1038
1528
2294
513
1083
561
1565
2018
1264
448
2452
744
2540
1222
414
2385
2143
258
2001
23
1580
727
336
740
1709
195
2908
2125
683
306
751
1977
2576
2034
351
286
2565
2721
2696
1626
555
542
1119
2462
731
1633
2184
963
1062
1893
2688
1203
1516
1204
2391
1811
2354
2787
1251
1629
784
449
1768
1706
1284
591
559
1966
911
1775
1244
1196
526
3000
12
1020
2772
1529
1720
2734
545
302
2019
38
2908
2482
412
1196
1599
2599
2337
2695
1127
2518
965
798
2090
637
2232
2072
933
1460
1227
751
1720
1209
2715
2269
607
2288
1450
1258
312
211
1766
1111
250
1506
1889
1216
1966
1515
1640
2483
2278
2419
2468
2393
2373
1996
823
241
1373
420
1418
2020
2778
2394
2242
404
605
260
1305
234
1376
2599
2742
2284
2482
1725
2641
2803
1388
623
2207
1116
1728
2805
2088
2280
729
797
2528
2388
623
1322
983
2224
860
1620
2768
1579
2952
1562
1718
2405
2701
1775
1902
2124
394
1644
2228
2629
1879
503
306
1720
2394
1289
1866
833
2781
1509
806
2285
2803
1431
2518
238
2905
1967
1569
2979
1774
1072
537
2792
1876
292
894
1951
2447
538
412
1848
766
1053
3016
1677
1226
2114
1427
2813
673
1963
2734
2925
2812
1972
193
2538
2524
2980
664
2136
2483
618
2136
1217
267
275
455
250
1894
1593
571
3009
2518
1443
1619
1381
566
1615
848
2883
2435
2334
2688
1482
1250
2063
601
2164
241
687
1215
2370
1639
2826
2296
1846
876
2993
371
1766
596
2701
455
1759
986
145
981
1371
2714
2755
659
107
2565
2184
2806
929
1256
1565
1687
2672
977
2135
146
1334
1210
2278
340
1679
1558
222
2284
2071
167
2804
1422
782
2930
1322
2201
2179
705
623
1919
1304
2688
315
1321
1584
2837
1256
1966
394
1674
2001
2719
2532
2933
203
2017
2177
1640
983
922
2934
2129
1554
2108
1695
1758
1951
2361
1612
2082
2774
2999
2528
2631
1014
1258
831
2853
2614
436
2104
638
85
864
911
2545
1912
1501
496
1544
1540
1776
434
1443
2348
1808
1589
657
1751
423
335
2235
2927
3013
1912
510
1729
1751
2059
713
2260
2540
1247
412
1882
414
40
1224
1288
2440
1322
2901
689
488
2391
1875
680
81
2192
1321
2568
328
2336
2316
1579
1397
1802
1552
2364
915
2777
1485
357
2236
1754
1724
2720
450
1221
2748
2198
20
1878
2737
2462
661
1955
991
1680
280
872
514
2771
2060
2530
97
2828
867
286
213
2223
1757
753
1082
1092
2823
264
419
761
1860
2115
2047
444
2058
1099
2121
1376
1773
1270
2020
2352
2855
2404
2334
2927
1438
2063
2244
2944
1854
73
1403
2827
265
2517
1110
311
2238
1094
2720
2154
1486
1035
2337
1550
1381
2394
290
2981
2286
2535
1928
705
2932
1453
3001
3017
2279
1982
2854
1950
2174
2526
1876
2175
531
2982
2819
982
1759
896
1060
603
1192
2107
875
2823
627
1941
948
618
2743
2245
335
1381
2143
2887
62
2400
1577
622
2034
517
117
1425
2812
445
2380
25
1409
636
57
1099
908
1070
1765
695
347
2627
2821
252
2680
1552
2545
2751
2699
977
2370
1664
1289
2605
1011
2281
2351
365
593
1178
743
265
1816
805
427
842
2629
1692
3024
1867
2967
1189
445
2981
2530
2706
2615
606
56
713
2152
2852
150
2788
352
1755
1376
2472
307
1061
2606
1861
2104
673
2605
85
480
897
3005
1255
705
659
725
2018
366
907
723
1174
1973
937
1805
1646
423
2404
1565
1371
1612
2999
2359
2688
1061
2820
2991
2128
2748
2824
1779
2369
1736
998
1554
2857
2891
456
1565
1846
2156
2945
1749
965
3018
1967
927
2281
2146
1696
896
2641
1311
237
2742
1628
340
1014
1975
2236
2777
1531
1022
2746
1051
2174
1757
2441
2267
655
2234
2271
1498
2003
1548
83
655
2517
1784
2538
2512
596
2069
1893
2981
1443
187
923
2822
519
2996
1044
424
2599
1172
2671
1075
291
1817
235
1455
2855
1457
2174
2746
306
2464
1443
2489
847
1706
2311
2568
2906
451
1610
2574
1860
351
2395
839
1322
1433
1899
1158
2490
1952
630
1172
1161
303
1293
1278
2237
2713
319
1246
1321
1467
2903
2745
280
2829
1634
2985
1452
954
3009
2985
2257
1838
2060
1276
1077
1620
880
2564
2827
2130
1130
318
2177
2365
2952
927
2094
2750
1777
646
2994
1719
1578
2697
855
550
523
1286
1485
2734
96
2518
2735
2154
1841
1900
1389
2659
1565
745
1709
2394
2771
443
1879
1515
1632
723
2152
31
2463
1676
1598
1067
1715
1912
1614
923
2244
420
402
2699
258
602
2694
946
863
117
1665
1207
106
1695
2314
2419
1489
2907
2412
712
848
2212
1516
1288
1678
1576
2692
752
286
1033
1156
3015
1157
383
2413
1110
469
865
912
2607
1308
2254
2129
2993
511
780
1543
887
1951
3023
987
433
2909
2223
1566
2712
1531
376
1172
2457
2055
2052
276
2196
509
753
545
1544
2334
2175
1370
1825
2437
2081
954
2733
1982
590
1327
1307
108
1792
1455
1708
2899
1754
3012
2974
1434
889
1395
2439
1076
2154
2321
1394
917
767
602
2219
55
1728
1531
891
749
2156
2934
1270
2526
1920
2998
235
1203
2658
2535
2802
249
2904
107
2509
763
2445
2743
315
2150
2714
834
2601
2824
2447
258
1874
1633
774
1228
1274
1611
1879
2101
2829
1838
752
1549
2350
1095
137
1040
2734
2085
265
1298
705
2087
1380
2530
2220
2667
423
626
1022
1092
1613
1210
2479
1247
1893
2470
319
1620
194
1894
494
976
274
2765
2089
2103
366
206
867
2043
1467
2180
1891
2013
2436
1788
2712
1693
2070
2970
2475
2280
2580
2604
783
933
2795
887
515
421
2034
843
2448
2691
2059
259
1914
568
3006
1578
2834
1469
199
1058
419
194
1388
2302
2885
2607
658
2568
2998
1433
685
1931
2675
1334
2545
46
3028
856
2682
1255
2529
2470
2598
1774
222
1874
1810
1158
86
132
822
1334
1695
2544
2413
967
1338
1768
2476
2279
643
2316
2647
3015
2798
1601
1367
415
2367
2626
475
217
1068
163
2883
2307
601
2475
1818
1949
2413
2719
2407
2791
907
2892
722
1247
2862
2747
3017
1446
1156
80
201
2063
2131
2494
522
1278
643
2822
2242
1943
1689
424
2046
2430
2248
2086
2082
1843
1951
162
2611
1758
1338
1317
2913
1569
1195
2079
2117
1568
384
1974
2658
1601
2089
477
2742
1481
2118
1482
2645
2094
2586
291
248
1941
655
235
1290
2458
352
189
157
2545
2184
752
712
1284
2037
539
518
722
2268
2990
1083
2281
1612
2417
2900
2196
1021
1619
2096
414
2532
1600
2187
2852
2073
2827
843
415
2852
3006
1092
131
1718
1479
37
419
2862
757
429
2171
606
1714
1159
2604
3016
1953
26
1048
2468
511
571
472
656
1584
1548
862
2748
753
1861
2060
38
1606
412
770
2952
722
1188
2980
1686
827
2236
2586
33
2316
2368
1921
385
85
572
816
1728
1528
917
635
2462
2195
2249
2553
1116
2823
2179
2523
1202
2220
677
865
2217
1883
453
1864
2623
448
1531
1058
1593
499
1044
192
2846
2770
2790
733
1783
2023
2544
3
2142
1023
593
2302
154
241
2395
1020
606
1066
2408
2283
464
2383
389
2518
1709
1013
1073
1790
1728
804
1972
1619
2316
2237
614
2346
1778
2498
1876
1966
112
3019
2864
2528
2305
2161
2764
279
2438
1687
1557
393
813
2822
2998
2581
1047
2329
1893
2511
2175
1914
887
1855
2986
1446
905
623
2711
654
678
1148
591
85
1876
2157
2592
2725
331
1244
2235
291
1094
1714
2225
900
1276
346
430
2960
189
312
645
2606
2084
619
732
1846
2764
1746
1733
3007
690
2313
1880
492
251
2292
1255
2402
809
2278
1951
864
2277
3016
2756
164
2472
1016
70
3017
2532
559
2690
1895
669
1466
604
618
772
2262
675
1610
238
2196
2914
2036
2241
602
199
1570
559
2963
996
2600
1728
869
2423
1720
2036
1549
832
1276
1566
1941
1021
1644
424
2640
2323
2458
2348
1246
566
3021
559
1212
279
1255
1075
2839
756
753
1803
635
2268
724
2981
2543
50
225
839
2798
615
827
19
2475
2062
972
1934
520
28
1751
1468
2751
1340
2516
2313
542
2745
2167
142
2390
2741
559
367
2261
192
693
2175
186
2713
2885
2518
602
1188
630
2303
2647
2367
2018
2315
1043
517
260
2035
1670
1852
1025
103
2392
1752
1554
1414
762
2318
1764
951
938
1702
762
2304
3017
1216
1826
1619
363
1556
1210
1556
2224
487
1116
1674
2083
1667
1651
382
745
2914
2635
272
791
1025
608
1602
1862
415
2121
1749
2343
1946
722
1860
1799
252
1152
1147
2558
1369
1551
1348
209
2823
543
2495
2368
2052
1875
2961
2339
1564
2743
2689
2423
1906
2210
1952
2904
2925
2542
862
1285
2751
1943
280
1335
887
2169
946
2437
570
2330
414
1203
2853
2777
1376
1566
753
1667
2558
2168
2370
2640
1139
3023
87
1875
1859
696
2866
1144
1982
2122
507
1442
1553
2925
2680
324
582
2082
2694
2845
1852
2735
2009
1482
200
2936
165
235
2058
1202
192
839
919
2197
1041
2532
1894
2942
1143
1855
2606
1296
827
731
1569
1479
1570
85
2320
1375
2753
991
779
2175
570
2117
1055
1972
437
1623
2483
2657
867
1751
1246
95
1227
2919
905
2181
424
2884
2953
1922
909
2968
630
2716
1192
96
2210
1091
2177
2085
2607
1889
938
1530
2243
596
1867
2121
320
398
2865
1091
924
1150
874
309
1882
1914
2676
2626
2928
2072
1426
1092
137
166
1214
2073
1944
2817
2791
1246
2119
664
1381
2473
2193
1807
2301
2830
2129
2340
1143
543
1557
1173
635
2450
12
2118
2681
2399
2184
597
479
1266
2903
1565
259
1640
2854
73
1099
1037
1060
2669
2174
1965
1850
381
197
498
649
928
1118
1972
1455
6
1653
829
1077
2168
162
671
2931
170
2718
2443
808
1812
2110
725
216
2244
2753
2684
2489
2474
2581
2897
1876
1033
415
2248
1925
2727
1488
1296
1565
1737
2421
355
2407
745
2897
1965
1448
1529
1276
2272
1874
1370
199
1312
915
1362
2255
29
1846
2852
894
2518
2682
72
2184
2012
1195
1984
2778
448
2624
1572
2107
1786
40
1838
2562
1979
2257
2834
1550
2822
461
2861
2237
2396
2371
2349
274
634
1514
3010
78
980
1531
1131
2281
1176
869
982
1701
1639
2174
2065
56
1256
229
2758
1853
2423
1081
551
606
1907
1232
2530
2629
187
2059
2178
1158
1288
2248
1597
2545
1516
1176
2085
1019
2692
1646
1485
2546
984
260
423
2476
2486
1246
351
2279
2204
2001
628
1940
1742
839
1750
1010
2923
2855
1489
465
625
3026
2275
272
1566
1209
2072
2014
2327
2385
1566
2966
777
2829
839
687
2049
2504
2545
1624
187
2954
1058
451
230
300
1203
1723
1015
1693
1757
521
1893
1188
2400
2378
1611
928
934
477
199
222
1704
2408
409
524
2131
1579
808
2004
1848
2285
1521
1776
582
617
2981
1951
994
2228
2687
865
2350
944
863
872
1550
1924
2198
2323
2323
1114
1249
2517
1619
2237
2384
1580
1209
584
1377
1647
1861
2913
2180
1665
1869
1284
2121
3023
619
2018
1680
2544
559
1821
887
1797
1554
2845
1084
1265
1910
2887
2629
2753
448
2830
231
2059
1586
2518
1919
1667
2684
1093
1499
2691
2315
1772
194
2413
1874
2370
423
2756
320
775
960
1808
691
2280
1944
2043
1961
2579
593
1774
2657
661
2667
728
1822
839
2193
472
876
2118
1717
1850
318
1941
1694
2808
2811
732
1775
9
662
1875
1634
2894
2540
2145
2630
2859
2720
90
1579
1467
29
2887
426
2066
1221
1208
624
822
1053
1555
2233
1514
1038
2072
286
2386
1073
2301
2428
1853
1247
617
2083
2458
1161
302
1252
1752
2354
2108
1816
2031
1894
1014
2334
1279
2838
912
15
482
1382
2736
2594
983
1384
2856
652
412
2286
2468
2376
2991
2568
2039
2988
1919
1682
2723
1659
2150
2691
446
2076
1941
1505
57
2359
2223
1894
707
2205
1671
2281
2175
2406
2207
2207
2635
2700
423
2748
1482
1580
1531
201
2546
912
944
2742
2281
2081
1489
581
2614
1729
819
771
1568
559
2600
2997
1798
1120
1589
655
1158
1376
957
2262
3013
2239
1223
991
1482
3016
752
2406
2188
2516
456
2426
2770
746
2706
2505
1644
1742
2469
914
2470
2956
2753
3018
2808
1503
1848
1554
2904
2162
1530
1081
256
2438
2611
753
688
1134
938
212
1308
1565
2640
1015
1092
1972
2699
1061
2747
1674
3006
2388
2101
991
2749
2487
2938
718
2150
456
938
1756
2101
1951
2881
2199
2935
2262
2260
1925
1995
696
731
2046
1927
1091
1892
1233
957
1440
2926
2611
2808
2160
1550
794
2394
2686
1873
699
515
1280
2281
3001
526
67
2088
1958
1644
2126
2366
2830
606
2500
1860
731
2736
1706
2907
2888
2516
779
2529
1484
280
2369
923
2779
1195
2876
2482
1964
2122
1106
1360
119
332
726
1368
747
2174
2172
2094
1462
2122
2401
457
1925
2047
1203
1059
2748
467
3026
2288
2408
1246
1644
2263
1623
1304
133
2466
625
1395
2446
153
2238
1892
570
1749
2180
469
649
1488
1199
2605
882
1880
2510
753
171
825
2431
2370
1255
533
2467
480
806
735
763
1728
1470
2777
371
2860
1285
3016
525
2087
439
1776
2517
2560
1144
2517
2682
977
2174
2758
1097
1150
1893
2859
753
636
840
1950
96
292
11
2239
971
1129
2408
1967
561
561
1703
1139
1374
708
1953
404
2594
816
485
310
827
1606
2518
467
663
636
2481
973
2499
2267
2382
2720
1579
1116
2169
2816
2916
882
2720
1914
2028
1426
1289
2369
2160
87
1520
42
1871
603
1062
808
2278
2757
2002
1596
2902
976
855
2506
823
2149
1334
2615
2408
1424
2883
462
1739
2086
2821
2045
1292
1750
2870
1984
480
2584
2382
826
1263
2656
1397
2830
2110
2511
1411
1304
2224
1977
946
2198
659
753
2736
1789
2993
1100
635
1061
1195
2538
1044
2243
2368
2050
2822
2898
2907
976
2702
2811
362
2979
2407
1492
1290
1503
2407
1222
400
1826
122
2489
1263
1315
823
762
2307
1203
1923
447
2355
2844
2371
2888
2060
1074
2644
1300
1312
2734
1520
1114
478
1764
1511
2459
905
2986
1695
390
965
2772
1380
1950
1845
765
2288
664
783
961
746
2545
504
234
947
1898
1531
1742
276
980
2273
346
1521
2822
1370
192
1246
1751
2163
1340
2489
1497
2845
2474
562
967
1785
1825
2984
2991
448
877
2382
1263
2802
731
436
393
669
2194
2003
1958
890
805
386
965
1370
1094
550
2997
414
2163
144
1477
928
2629
2196
1964
552
867
2509
972
2086
2605
2520
1259
1715
934
2589
229
967
1880
1382
94
1046
1778
2637
593
448
2089
856
180
2998
2128
2764
831
223
261
1121
378
688
2908
1262
2809
1910
125
2192
294
1554
244
975
702
2383
1340
352
2453
878
809
1696
1548
232
2256
2696
1013
2531
477
1278
538
1809
2556
329
2578
1827
1014
384
2660
815
646
1691
1284
927
966
1796
1411
692
2364
278
2703
1557
1059
598
981
965
1921
216
3019
513
2218
2309
2077
1959
2929
2422
1951
696
2475
2128
956
1270
353
655
2712
1455
1768
286
2501
2045
2086
1836
2755
1394
2407
431
2518
1263
2417
1771
139
1615
3007
1670
1311
1775
2118
131
2687
43
2701
371
1478
1313
2901
1192
2426
1845
1315
1599
1763
2262
1695
1902
401
1733
1581
28
1438
1519
563
2887
2918
1600
1468
1679
602
887
1874
752
2184
2992
2657
1967
2594
597
1184
1579
2977
952
866
2453
91
1864
638
2822
1385
1060
843
2284
2158
722
114
1846
2992
2322
1508
2624
2778
461
2264
1611
2591
468
3001
2469
249
374
1025
2568
3002
653
1446
712
2306
2721
2629
367
1410
929
2220
1620
878
2360
385
1827
2980
2805
1099
2772
2246
381
1718
2580
2202
1531
1300
1478
2690
522
761
1316
116
2930
749
855
1339
2588
670
1513
1195
2930
1612
2371
2991
2616
1580
2600
1481
2114
820
1116
2694
2073
2590
2915
1189
351
467
2175
735
2413
2781
3001
2845
1063
2237
2267
2600
642
771
555
352
2949
401
937
2700
2248
2244
319
1900
2297
982
319
2422
2435
2751
1244
1612
313
518
2810
526
71
1894
644
733
2982
43
2287
206
631
1336
203
634
2791
2856
243
381
538
2228
2360
840
2680
1597
1268
71
133
1205
1227
1680
1814
1000
2427
2807
1295
2807
1151
112
2207
199
2031
635
1966
1893
2607
2541
1391
998
1436
2915
1411
2481
476
2687
2579
2394
2279
1019
1476
965
95
1454
2241
1207
887
2810
2985
2746
1951
697
1014
2195
318
1718
2614
204
57
2713
691
1367
3019
2832
1358
2255
779
2031
1476
2860
2857
1706
2020
472
671
2905
2250
9
1790
2175
1270
2991
2829
713
1860
2308
3006
1848
2243
1459
2420
2673
2844
1359
1951
1995
1486
1981
2640
1175
1767
2228
190
2279
2254
2394
1634
1300
2490
2475
756
2918
2275
105
2971
603
1350
2633
1858
2856
1971
2607
663
2906
1219
1081
1460
2628
1515
237
2003
1489
68
2299
1380
446
1221
1577
1286
2366
782
847
85
1811
2180
935
883
2706
2107
1966
1144
1249
1560
2291
147
2918
931
316
2828
1736
2684
2984
2833
309
2291
1780
2174
146
2313
2949
154
2228
905
2237
177
1735
1523
1289
144
2449
972
1728
166
2555
2344
60
2808
1246
1483
1716
2394
2419
2004
2314
2742
2995
2097
1930
2401
3010
1879
996
1403
1788
821
1682
2051
202
2423
1451
1217
3002
708
3019
2286
1300
1382
2914
696
1108
2304
1405
2991
2552
867
507
1551
1929
2348
844
2641
2086
543
2948
1093
923
1598
2641
1539
1403
2743
2764
283
842
1320
1042
2390
1033
23
930
137
1988
37
1389
2600
366
2283
1092
1324
117
42
2239
1398
2629
717
2729
930
1493
1382
2594
1467
582
1879
2052
2401
2908
2752
2136
2316
2948
1753
250
1192
2242
509
318
2808
522
2086
2734
605
2993
1474
726
804
1796
265
1226
1873
1369
1403
1557
2371
2732
691
2943
2640
687
2285
811
1829
2871
1997
2588
2695
2216
262
2687
148
2167
382
2535
236
2694
537
2383
1043
2804
1871
422
1261
276
2907
2197
2791
1368
1797
1764
1644
2162
3018
2997
1383
2848
1231
1694
374
1224
2311
613
1119
1960
2129
1677
522
2356
644
1275
2990
702
500
884
1715
69
1529
1126
2051
2167
293
1598
2126
2528
2409
2695
2352
2501
1307
1455
979
390
608
886
750
2925
1742
2407
911
1140
2137
2882
2615
2671
1972
1066
2225
1617
1580
416
123
2560
2060
1038
382
1978
772
2280
1072
1927
2737
1076
1649
3030
1195
1069
1212
2775
1255
2489
217
2986
2472
783
2473
1686
1576
815
1254
1414
1753
2107
1254
391
2269
2745
1000
2471
1599
1033
477
1613
1779
1011
1921
2451
1204
1478
2312
2466
1279
761
2824
2204
2238
2853
2999
2837
2197
1159
2291
1233
729
1794
1000
2846
1004
1839
1812
2157
2481
823
1597
2544
1997
2820
662
2657
901
2072
1950
512
1083
146
217
696
2083
2089
2645
3006
2375
1312
2543
1695
270
836
2153
2735
2636
282
3013
1010
1246
319
3025
335
2695
476
2085
910
629
2563
1622
1889
1485
2136
1401
2423
2640
2833
543
2460
2205
1747
1382
2412
2365
249
2217
2250
1480
1658
1448
996
1513
1023
1637
2837
1893
980
735
2168
872
2475
761
2939
1891
3000
2453
1488
1935
504
2623
1785
362
1148
389
2084
2897
997
2543
1082
2077
1426
1749
3016
1272
929
608
560
1943
560
2464
1625
2087
963
2626
827
286
705
2149
2658
744
1951
914
2124
95
2352
770
1163
1083
419
2374
2278
1805
2417
2287
1254
1462
882
1358
2269
985
2753
608
2237
1951
2739
2435
1712
2359
2907
1373
1047
43
1876
2906
2138
423
589
2807
2163
1928
1878
1738
602
2519
2746
795
253
49
1431
2887
2407
1692
360
2607
4
1199
607
2106
473
235
1022
354
2334
1254
662
2394
944
1710
1117
381
651
1775
2225
1476
2983
1853
1718
3013
1172
1510
2765
2373
1820
2276
2249
554
2137
557
1760
1447
1524
2747
2208
1864
2485
2215
1480
2604
1055
2916
1480
1536
2991
2918
1253
287
2161
1747
2632
2506
626
805
2034
509
1735
2687
614
579
2287
1016
1261
1059
568
2278
131
1765
2297
1480
1116
1894
2475
1954
423
1679
2753
1992
1244
915
2960
2886
1413
801
523
2338
1785
1966
946
1406
807
2306
2516
523
2771
2464
2856
1817
1728
1439
1580
268
2122
2215
2782
904
1051
1601
1311
1376
1326
608
2083
1718
804
1846
1633
1678
1487
212
1677
1376
398
1786
731
164
971
2088
2218
2830
2795
1506
2005
203
840
614
2908
613
1471
1467
1921
731
316
716
2277
1928
2002
2941
635
166
187
1746
634
1283
1305
163
2646
1276
1848
2981
1778
2629
797
1996
1371
2856
2168
805
1378
581
1121
690
999
2778
2829
275
1148
2990
1386
996
2265
2641
2872
1591
1013
1376
433
1299
1288
1933
2359
314
2167
2903
2981
2259
2267
932
1911
1406
2883
1826
643
1155
2802
1486
1176
2337
2418
64
2459
826
1268
1769
2102
1862
397
448
2149
1960
213
604
2195
1904
1569
1100
229
1059
474
2085
1455
1873
1044
977
1950
961
1738
2565
2168
1680
1637
1871
1156
864
82
2267
2084
2393
2916
2004
2833
1592
2398
1765
663
1439
1557
2011
2378
2302
2536
2239
1919
2475
1518
2202
2086
615
2856
176
636
2808
479
424
299
1795
624
103
860
1011
1286
2005
277
1846
461
965
2765
2423
1227
229
2505
510
2130
388
1233
1494
1696
2401
2323
2934
1579
444
2914
2379
1381
1741
1326
721
192
401
2122
2162
293
1094
2340
721
1151
2791
1450
393
2991
1016
1038
1358
756
1596
2858
771
2292
2920
2258
1296
955
478
279
635
1020
1177
504
2948
1554
2124
357
2313
2635
1455
97
1598
1059
80
1023
542
1127
1952
2399
877
1951
1951
1336
141
1706
909
2576
2932
46
633
1529
1758
2626
1757
1619
1450
3001
1515
1776
1775
2273
878
1084
1199
1876
771
2751
2894
1859
2389
500
492
2204
725
2441
445
1503
756
2267
2956
242
1284
110
1750
1056
2125
479
2990
2262
842
106
1557
2605
1771
1652
1514
1204
604
1727
2510
163
289
2257
1043
2995
198
3016
2998
928
2715
1515
1568
1486
2830
1579
436
280
2481
229
2280
1675
2454
1225
629
1633
2121
2617
987
1580
1712
1438
1135
624
1216
975
2498
1892
2906
2611
1395
2581
2643
1663
1245
2727
2984
1750
1614
2130
1719
2244
1979
2573
2892
1187
1803
636
1540
54
303
1592
96
2256
1307
1951
29
2905
1482
1143
2357
309
1622
725
937
2290
877
2174
2408
2368
740
2588
9
2955
1216
2498
1788
2102
2636
1554
1177
252
2605
1739
1260
1418
526
551
2770
976
2588
2125
1144
1056
1828
1826
2410
1393
1768
2690
1831
2000
180
1377
2689
251
1408
803
1680
2743
1755
664
772
1566
1368
1488
1247
1610
85
2223
1563
830
1156
2253
1903
354
912
984
1805
873
1515
325
2070
1742
291
1406
1155
2074
372
1719
2322
1695
1342
808
1742
626
1219
2250
2481
2376
2279
1329
2223
625
462
879
1520
2656
1584
2684
1189
1044
2987
2002
1121
2446
2094
198
518
2515
1370
2557
690
2926
1578
2195
1009
1370
265
1556
1638
2989
999
1528
320
2657
462
2173
2826
2982
1479
2987
1305
362
2608
1565
2933
1849
1483
1926
1691
67
752
2681
2583
1634
486
2600
34
2795
2122
1695
1170
2490
2988
1095
1951
1557
258
461
2901
2174
1954
1451
1521
1647
1954
930
2837
85
1216
1874
975
497
413
268
2174
1245
2901
226
2236
2369
448
1038
772
2479
1178
1720
2676
1945
1469
982
1859
624
2316
805
2747
2669
1935
912
1994
460
1892
2015
2297
1497
1572
1570
2489
2114
2582
2748
30
1568
447
2856
217
1440
872
2511
2853
850
1783
1876
2696
1579
2697
1565
1666
2695
2837
1325
1677
2528
1990
1767
2326
2142
1719
2641
865
1425
2985
292
2997
9
602
610
2482
337
2478
175
1376
2390
1510
264
2855
1960
1116
1597
2196
2094
1489
948
261
2855
823
982
2174
2751
705
1798
477
1875
2562
1511
1013
1994
1726
1417
1501
145
1361
877
1558
3002
49
1448
2646
1460
2204
2211
1247
2338
2680
504
2403
696
1492
2926
1565
1951
767
2005
1874
2950
506
352
440
389
983
2475
192
1510
2387
2020
2484
431
2539
279
2538
2340
2721
2270
2908
316
1942
2720
662
879
1977
2568
1846
2287
440
2388
2442
1074
2821
497
538
1775
912
44
1942
1531
2579
1742
1893
2352
1063
2988
18
855
144
1070
1390
2993
2800
331
2659
2061
1158
1116
2874
1880
675
1060
2861
980
1555
2859
1960
1721
311
1459
832
242
2669
70435
