1213123132123121
1213123132123213
1213123132131213
1213123132131231
1213123132131232
1213123132312131
1213123132312132
1213123132312321
1213123212312131
1213123212312132
1213123212313212
1213123212313213
1213123212313231
1213123213121321
1213123213121323
1213123213231213
1213123213231232
1213123213231321
1213212312131231
1213212312131232
1213212312132312
1213212312132313
1213212313213121
1213212313213123
1213212313231213
1213212313231232
1213212321312132
1213212321312313
1213212321312321
1213212321323121
1213212321323123
1213212321323132
1213231213123132
1213231213123212
1213231213123213
1213231213212312
1213231213212313
1213231213212321
1213231232123121
1213231232123132
1213231232131213
1213231232131231
1213231232131232
1213231232132312
1213231232132313
1213231321231213
1213231321231323
1213231321232131
1213231321232132
1213231321312132
1213231321312313
1213231321312321
1231213123132123
1231213123132131
1231213123132312
1231213123212312
1231213123212313
1231213123213121
1231213123213231
1231213212312131
1231213212313212
1231213212313213
1231213212313231
1231213212321312
1231213212321323
1231213231232123
1231213231232131
1231213231232132
1231213231321231
1231213231321232
1231213231321312
1231321231213123
1231321231213212
1231321231213231
1231321232131213
1231321232131231
1231321232131232
1231321232132312
1231321232132313
1231321312132123
1231321312132312
1231321312132313
1231321312313212
1231321312313231
1231321312321231
1231321312321323
1231323121312313
1231323121312321
1231323121321231
1231323121321232
1231323121323132
1231323123212312
1231323123212313
1231323123213121
1231323123213123
1231323123213231
1232123121312313
1232123121312321
1232123121321231
1232123121321232
1232123121323121
1232123121323123
1232123121323132
1232123132123213
1232123132131213
1232123132131231
1232123132131232
1232123132312131
1232123132312132
1232123132312321
1232131213212312
1232131213212313
1232131213212321
1232131213231213
1232131213231232
1232131213231321
1232131231321231
1232131231321232
1232131231321312
1232131231323121
1232131231323123
1232131232123121
1232131232123132
1232132312131231
1232132312131232
1232132312132123
1232132312321231
1232132312321312
1232132313212312
1232132313212313
1232132313212321
1232132313213121
1232132313213123
1312132123121312
1312132123121321
1312132123121323
1312132123132131
1312132123132312
1312132123213121
1312132123213123
1312132123213231
1312132312131231
1312132312131232
1312132312321231
1312132312321312
1312132312321323
1312132313212312
1312132313212313
1312132313212321
1312132313213121
1312132313213123
1312313212312131
1312313212312132
1312313212321312
1312313212321323
1312313213121321
1312313213121323
1312313213123212
1312313213123213
1312313231213123
1312313231213212
1312313231213231
1312313231232123
1312313231232131
1312313231232132
1312321231213123
1312321231213212
1312321231213231
1312321231321232
1312321231321312
1312321231323121
1312321231323123
1312321312132123
1312321312132312
1312321312132313
1312321312313212
1312321312313213
1312321312313231
1312321323121312
1312321323121321
1312321323121323
1312321323123212
1312321323123213
1312321323132123
1312321323132131
1321231213123132
1321231213123212
1321231213123213
1321231213212313
1321231213212321
1321231213231232
1321231213231321
1321231321312132
1321231321312313
1321231321312321
1321231323121312
1321231323121321
1321231323121323
1321231323123212
1321231323123213
1321232131213212
1321232131213231
1321232131231321
1321232131231323
1321232131232123
1321232132312131
1321232132312132
1321232132312321
1321232132313212
1321232132313213
1321312132123121
1321312132123132
1321312132123213
1321312132312131
1321312132312321
1321312132313212
1321312132313213
1321312313212312
1321312313212313
1321312313212321
1321312313213121
1321312313231213
1321312313231232
1321312321231213
1321312321231321
1321312321231323
1321312321323121
1321312321323123
1321312321323132
1323121312313212
1323121312313213
1323121312313231
1323121312321231
1323121312321312
1323121312321323
1323121321231213
1323121321231321
1323121321231323
1323121321232131
1323121321232132
1323121323132123
1323121323132131
1323123212312131
1323123212312132
1323123212313212
1323123212313213
1323123212313231
1323123213121321
1323123213121323
1323123213123132
1323123213231213
1323123213231321
1323132123121312
1323132123121321
1323132123121323
1323132123132312
1323132123213121
1323132123213123
1323132123213231
1323132131213212
1323132131213231
1323132131231321
1323132131231323
1323132131232123
1323132131232131
1323132131232132
2123121312313212
2123121312313213
2123121312313231
2123121312321231
2123121312321312
2123121312321323
2123121321231321
2123121321231323
2123121321232131
2123121321232132
2123121323123212
2123121323123213
2123121323132123
2123121323132131
2123132123121312
2123132123121321
2123132123121323
2123132123213121
2123132123213123
2123132123213231
2123132131213212
2123132131213231
2123132131231321
2123132131231323
2123132131232123
2123132131232131
2123132131232132
2123132312131231
2123132312131232
2123132312132123
2123132312132313
2123132312321231
2123132312321312
2123132312321323
2123213121321231
2123213121321232
2123213121323121
2123213121323123
2123213121323132
2123213123132123
2123213123132131
2123213123132312
2123213123212312
2123213123212313
2123213231213123
2123213231213212
2123213231232123
2123213231232131
2123213231232132
2123213231321231
2123213231321232
2123213231321312
2131213212312131
2131213212312132
2131213212313212
2131213212313213
2131213212313231
2131213212321312
2131213212321323
2131213231213123
2131213231232123
2131213231232131
2131213231232132
2131213231321231
2131213231321232
2131213231321312
2131231321231213
2131231321232131
2131231321232132
2131231321312132
2131231321312321
2131231323121312
2131231323121321
2131231323121323
2131231323123212
2131231323123213
2131232123121312
2131232123121321
2131232123121323
2131232123132123
2131232123132131
2131232123132312
2131232131213212
2131232131213231
2131232132312131
2131232132312132
2131232132312321
2131232132313212
2131232132313213
2132123121312313
2132123121312321
2132123121321232
2132123121323121
2132123121323123
2132123121323132
2132123132131213
2132123132131231
2132123132131232
2132123132312131
2132123132312132
2132123132312321
2132123213121321
2132123213121323
2132123213123132
2132123213123212
2132123213231213
2132123213231232
2132123213231321
2132312131231321
2132312131231323
2132312131232123
2132312131232131
2132312131232132
2132312132123121
2132312132123132
2132312132123213
2132312321231213
2132312321231321
2132312321231323
2132312321312132
2132312321312313
2132312321323121
2132312321323132
2132313212312131
2132313212312132
2132313212313231
2132313212321312
2132313212321323
2132313213121321
2132313213121323
2132313213123132
2132313213123212
2132313213123213
2312131231321231
2312131231321232
2312131231321312
2312131231323121
2312131231323123
2312131232123121
2312131232123132
2312131232131213
2312131232132312
2312131232132313
2312132123121312
2312132123121323
2312132123132131
2312132123132312
2312132123213121
2312132123213123
2312132123213231
2312132312321231
2312132312321312
2312132312321323
2312132313212312
2312132313212313
2312132313212321
2312132313213121
2312132313213123
2312321231213123
2312321231213212
2312321231213231
2312321231321232
2312321231321312
2312321231323121
2312321231323123
2312321312132123
2312321312132312
2312321312132313
2312321312313212
2312321312313213
2312321312313231
2312321323121312
2312321323121321
2312321323121323
2312321323123212
2312321323132123
2312321323132131
2313212312131231
2313212312131232
2313212312132123
2313212312132312
2313212312132313
2313212313231213
2313212313231232
2313212321312132
2313212321312313
2313212321312321
2313212321323121
2313212321323123
2313212321323132
2313213121321231
2313213121321232
2313213121323121
2313213121323123
2313213121323132
2313213123132123
2313213123132312
2313213123212312
2313213123212313
2313213123213231
2313231213123132
2313231213123212
2313231213123213
2313231213212312
2313231213212313
2313231213212321
2313231213231321
2313231232123121
2313231232123132
2313231232131213
2313231232131231
2313231232131232
2313231232132312
2313231232132313
2321231213123132
2321231213123212
2321231213123213
2321231213212312
2321231213212313
2321231213212321
2321231213231232
2321231213231321
2321231321232131
2321231321232132
2321231321312132
2321231321312313
2321231321312321
2321231323121312
2321231323121321
2321231323121323
2321231323123212
2321231323123213
2321312132123121
2321312132123132
2321312132123213
2321312132312131
2321312132312321
2321312132313212
2321312132313213
2321312313212312
2321312313212313
2321312313212321
2321312313213121
2321312313213123
2321312313231213
2321312313231232
2321312321231213
2321312321231321
2321312321231323
2321312321323121
2321312321323123
2321312321323132
2321323121312313
2321323121312321
2321323121321231
2321323121321232
2321323123212312
2321323123212313
2321323123213121
2321323123213123
2321323132123121
2321323132123132
2321323132123213
2321323132131213
2321323132131231
2321323132131232
3121312313212312
3121312313212313
3121312313212321
3121312313213121
3121312313213123
3121312313231213
3121312313231232
3121312321231213
3121312321231321
3121312321231323
3121312321312132
3121312321323121
3121312321323123
3121312321323132
3121321231213123
3121321231213231
3121321231321312
3121321231323121
3121321231323123
3121321232131213
3121321232131231
3121321232131232
3121321232132312
3121321232132313
3121323121312313
3121323121312321
3121323123212312
3121323123212313
3121323123213121
3121323123213123
3121323123213231
3121323132123121
3121323132123132
3121323132123213
3121323132131213
3121323132131231
3121323132131232
3123132123121312
3123132123121321
3123132123121323
3123132123213121
3123132123213123
3123132123213231
3123132131213212
3123132131213231
3123132131231323
3123132131232123
3123132131232131
3123132131232132
3123132312131231
3123132312131232
3123132312132123
3123132312132313
3123132312321231
3123132312321312
3123132312321323
3123212312131231
3123212312131232
3123212312132123
3123212312132312
3123212312132313
3123212313212321
3123212313213121
3123212313213123
3123212313231213
3123212313231232
3123213121321231
3123213121321232
3123213121323121
3123213121323123
3123213121323132
3123213123132123
3123213123132131
3123213123132312
3123213231213123
3123213231213212
3123213231232123
3123213231232131
3123213231321231
3123213231321232
3123213231321312
3132123121312313
3132123121312321
3132123121321231
3132123121321232
3132123121323121
3132123121323123
3132123121323132
3132123132131213
3132123132131231
3132123132131232
3132123132312131
3132123132312132
3132123132312321
3132123213121321
3132123213121323
3132123213123132
3132123213123212
3132123213231213
3132123213231232
3132123213231321
3132131213212312
3132131213212313
3132131213212321
3132131213231213
3132131213231232
3132131213231321
3132131231321231
3132131231321232
3132131231323121
3132131231323123
3132131232123121
3132131232123132
3132131232132312
3132131232132313
3132312131231321
3132312131231323
3132312131232123
3132312131232131
3132312131232132
3132312132123121
3132312132123132
3132312132123213
3132312132313212
3132312132313213
3132312321231213
3132312321231321
3132312321231323
3132312321312132
3132312321312313
3132312321323121
3132312321323123
3132312321323132
3212312131231321
3212312131231323
3212312131232123
3212312131232131
3212312131232132
3212312132123132
3212312132123213
3212312132312321
3212312132313212
3212312132313213
3212313212321312
3212313212321323
3212313213121321
3212313213121323
3212313213123132
3212313213123212
3212313213123213
3212313231213123
3212313231213212
3212313231213231
3212313231232123
3212313231232131
3212313231232132
3212321312132123
3212321312132312
3212321312132313
3212321312313212
3212321312313213
3212321312313231
3212321312321231
3212321323121312
3212321323121321
3212321323121323
3212321323123212
3212321323123213
3212321323132123
3212321323132131
3213121321231213
3213121321231321
3213121321231323
3213121321232131
3213121321232132
3213121323121312
3213121323123212
3213121323123213
3213121323132123
3213121323132131
3213123132123121
3213123132123213
3213123132131213
3213123132131232
3213123132312131
3213123132312132
3213123132312321
3213123212312131
3213123212312132
3213123212313212
3213123212313213
3213123212313231
3213123213231213
3213123213231232
3213123213231321
3213231213123132
3213231213123212
3213231213123213
3213231213212312
3213231213212313
3213231213212321
3213231232123121
3213231232123132
3213231232131213
3213231232131231
3213231232131232
3213231232132313
3213231321231213
3213231321231323
3213231321232131
3213231321232132
3213231321312132
3213231321312313
3213231321312321
3231213123132123
3231213123132131
3231213123132312
3231213123212312
3231213123212313
3231213123213121
3231213123213231
3231213212312131
3231213212312132
3231213212313212
3231213212313213
3231213212313231
3231213212321312
3231213212321323
3231213231232123
3231213231232131
3231213231232132
3231213231321231
3231213231321232
3231213231321312
3231232123121312
3231232123121321
3231232123121323
3231232123132123
3231232123132131
3231232123132312
3231232131213212
3231232131213231
3231232131231321
3231232131231323
3231232132312131
3231232132312132
3231232132313212
3231232132313213
3231321231213123
3231321231213212
3231321231213231
3231321231323121
3231321231323123
3231321232131213
3231321232131231
3231321232131232
3231321232132312
3231321232132313
3231321312132123
3231321312132312
3231321312132313
3231321312313212
3231321312313213
3231321312313231
3231321312321231
3231321312321323
