17 1
21 1
22 1
35 1
39 1
98 1
102 1
108 1
115 1
121 1
126 1
129 1
132 1
137 1
160 1
162 1
166 1
183 1
186 1
187 1
188 1
200 1
203 1
212 1
226 1
227 1
233 1
239 1
240 1
242 1
249 1
250 1
265 1
269 1
284 1
311 1
320 1
321 1
325 1
352 1
356 1
370 1
371 1
372 1
376 1
405 1
414 1
417 1
421 1
425 1
428 1
433 1
436 1
450 1
456 1
459 1
487 1
539 1
541 1
554 1
561 1
578 1
590 1
598 1
646 1
656 1
657 1
661 1
670 1
680 1
695 1
730 1
738 1
739 1
740 1
749 1
773 1
794 1
799 1
801 1
806 1
808 1
825 1
827 1
834 1
835 1
836 1
851 1
854 1
862 1
866 1
878 1
884 1
888 1
892 1
900 1
910 1
919 1
924 1
933 1
974 1
976 1
991 1
1021 1
1038 1
1047 1
1051 1
1058 1
1063 1
1071 1
1091 1
1092 1
1093 1
1098 1
1101 1
1105 1
1122 1
1129 1
1131 1
1134 1
1137 1
1157 1
1167 1
1169 1
1171 1
1203 1
1204 1
1212 1
1214 1
1229 1
1232 1
1253 1
1257 1
1259 1
1270 1
1273 1
1277 1
1300 1
1303 1
1315 1
1319 1
1330 1
1339 1
1356 1
1361 1
1362 1
1363 1
1366 1
1393 1
1415 1
1431 1
1435 1
1444 1
1455 1
1476 1
1478 1
1479 1
1481 1
1490 1
1494 1
1500 1
1510 1
1515 1
1527 1
1530 1
1539 1
1547 1
1551 1
1560 1
1562 1
1576 1
1595 1
1596 1
1605 1
1609 1
1617 1
1621 1
1628 1
1679 1
1692 1
1696 1
1699 1
1705 1
1725 1
1731 1
1741 1
1747 1
1749 1
1753 1
1771 1
1775 1
1805 1
1806 1
1809 1
1819 1
1827 1
1835 1
1844 1
1851 1
1852 1
1858 1
1865 1
1899 1
1913 1
1918 1
1921 1
1931 1
1940 1
1943 1
1948 1
1957 1
1960 1
1977 1
1980 1
2000 1
2005 1
2022 1
2044 1
2060 1
2081 1
2093 1
2120 1
2130 1
2156 1
2160 1
2182 1
2189 1
2194 1
2197 1
2227 1
2243 1
2249 1
2260 1
2284 1
2287 1
2327 1
2344 1
2347 1
2353 1
2354 1
2367 1
2401 1
2411 1
2441 1
2445 1
2457 1
2459 1
2463 1
2484 1
2487 1
2509 1
2533 1
2540 1
2565 1
2602 1
2605 1
2617 1
2625 1
2628 1
2630 1
2640 1
2647 1
2657 1
2680 1
2692 1
2693 1
2694 1
2696 1
2716 1
2718 1
2749 1
2751 1
2757 1
2767 1
2786 1
2787 1
2788 1
2800 1
2834 1
2870 1
2887 1
2890 1
2899 1
2911 1
2915 1
2927 1
2936 1
2942 1
2959 1
2982 1
2996 1
2999 1
3022 1
3036 1
3046 1
3052 1
3067 1
3097 1
3102 1
3118 1
3122 1
3123 1
3127 1
3128 1
3131 1
3159 1
3161 1
3164 1
3175 1
3181 1
3187 1
3191 1
3199 1
3200 1
3217 1
3222 1
3241 1
3254 1
3255 1
3260 1
3267 1
3269 1
3273 1
3274 1
3291 1
3293 1
3303 1
3314 1
3317 1
3362 1
3376 1
3394 1
3395 1
3408 1
3410 1
3426 1
3431 1
3438 1
3439 1
3468 1
3477 1
3479 1
3493 1
3533 1
3536 1
3537 1
3541 1
3543 1
3549 1
3576 1
3581 1
3584 1
3600 1
3638 1
3640 1
3642 1
3672 1
3673 1
3680 1
3683 1
3685 1
3690 1
3711 1
3724 1
3741 1
3753 1
3758 1
3760 1
3789 1
3812 1
3840 1
3856 1
3862 1
3874 1
3875 1
3890 1
3913 1
3926 1
3929 1
3934 1
3947 1
3951 1
3970 1
3990 1
4005 1
4008 1
4037 1
4040 1
4043 1
4053 1
4056 1
4092 1
4095 1
4097 1
4100 1
4103 1
4104 1
4106 1
4109 1
4110 1
4122 1
4128 1
4136 1
4137 1
4143 1
4163 1
4169 1
4170 1
4175 1
4183 1
4199 1
4215 1
4216 1
4231 1
4244 1
4245 1
4264 1
4265 1
4282 1
4294 1
4335 1
4336 1
4346 1
4347 1
4356 1
4363 1
4365 1
4381 1
4392 1
4410 1
4412 1
4416 1
4424 1
4426 1
4447 1
4450 1
4452 1
4462 1
4477 1
4478 1
4486 1
4507 1
4508 1
4521 1
4525 1
4548 1
4561 1
4567 1
4582 1
4583 1
4591 1
4594 1
4597 1
4609 1
4610 1
4620 1
4626 1
4644 1
4646 1
4653 1
4657 1
4661 1
4664 1
4674 1
4682 1
4687 1
4693 1
4701 1
4721 1
4737 1
4744 1
4757 1
4758 1
4781 1
4785 1
4799 1
4806 1
4820 1
4823 1
4838 1
4842 1
4844 1
4852 1
4854 1
4856 1
4858 1
4883 1
4897 1
4899 1
4901 1
4917 1
4918 1
4920 1
4926 1
4936 1
4953 1
4957 1
4980 1
4983 1
4998 1
5025 1
5029 1
5040 1
5042 1
5050 1
5079 1
5100 1
5105 1
5113 1
5138 1
5151 1
5155 1
5173 1
5177 1
5182 1
5185 1
5192 1
5207 1
5219 1
5238 1
5256 1
5267 1
5305 1
5314 1
5335 1
5344 1
5350 1
5360 1
5371 1
5377 1
5378 1
5382 1
5383 1
5404 1
5413 1
5435 1
5438 1
5439 1
5442 1
5443 1
5445 1
5458 1
5464 1
5474 1
5483 1
5495 1
5520 1
5540 1
5544 1
5545 1
5555 1
5556 1
5558 1
5594 1
5596 1
5599 1
5604 1
5621 1
5629 1
5650 1
5683 1
5684 1
5688 1
5689 1
5698 1
5702 1
5705 1
5708 1
5709 1
5718 1
5720 1
5737 1
5748 1
5758 1
5767 1
5773 1
5780 1
5781 1
5790 1
5791 1
5792 1
5795 1
5797 1
5804 1
5816 1
5820 1
5842 1
5848 1
5850 1
5859 1
5867 1
5876 1
5882 1
5891 1
5894 1
5897 1
5910 1
5914 1
5920 1
5928 1
5949 1
5969 1
5977 1
5979 1
5985 1
6001 1
6015 1
6029 1
6030 1
6037 1
6044 1
6090 1
6091 1
6102 1
6121 1
6124 1
6128 1
6130 1
6161 1
6165 1
6177 1
6189 1
6199 1
6201 1
6206 1
6207 1
6211 1
6214 1
6218 1
6220 1
6223 1
6234 1
6240 1
6242 1
6256 1
6259 1
6261 1
6280 1
6283 1
6297 1
6330 1
6336 1
6354 1
6377 1
6381 1
6406 1
6418 1
6427 1
6429 1
6457 1
6471 1
6472 1
6478 1
6482 1
6483 1
6507 1
6520 1
6559 1
6568 1
6570 1
6571 1
6575 1
6594 1
6611 1
6619 1
6646 1
6649 1
6650 1
6675 1
6686 1
6692 1
6717 1
6733 1
6734 1
6747 1
6751 1
6754 1
6782 1
6796 1
6802 1
6839 1
6851 1
6864 1
6875 1
6891 1
6893 1
6921 1
6946 1
6948 1
6963 1
6991 1
6997 1
7031 1
7034 1
7048 1
7052 1
7054 1
7057 1
7061 1
7065 1
7066 1
7098 1
7107 1
7136 1
7138 1
7139 1
7141 1
7148 1
7160 1
7165 1
7180 1
7199 1
7221 1
7223 1
7226 1
7242 1
7254 1
7264 1
7269 1
7272 1
7278 1
7303 1
7309 1
7317 1
7324 1
7335 1
7338 1
7356 1
7362 1
7370 1
7373 1
7407 1
7408 1
7413 1
7414 1
7422 1
7437 1
7443 1
7446 1
7466 1
7469 1
7484 1
7520 1
7521 1
7528 1
7532 1
7545 1
7550 1
7551 1
7570 1
7581 1
7589 1
7590 1
7592 1
7595 1
7603 1
7605 1
7614 1
7629 1
7631 1
7632 1
7674 1
7680 1
7681 1
7693 1
7705 1
7708 1
7712 1
7729 1
7731 1
7732 1
7756 1
7767 1
7773 1
7775 1
7776 1
7780 1
7788 1
7790 1
7792 1
7798 1
7803 1
7815 1
7817 1
7818 1
7823 1
7829 1
7871 1
7872 1
7888 1
7900 1
7902 1
7946 1
7948 1
7958 1
7959 1
7960 1
7972 1
7994 1
7996 1
7997 1
7998 1
8010 1
8017 1
8042 1
8053 1
8066 1
8069 1
8079 1
8083 1
8091 1
8111 1
8139 1
8155 1
8167 1
8170 1
8191 1
8201 1
8209 1
8214 1
8216 1
8221 1
8223 1
8233 1
8242 1
8243 1
8260 1
8262 1
8264 1
8267 1
8271 1
8280 1
8288 1
8293 1
8294 1
8302 1
8305 1
8306 1
8307 1
8309 1
8314 1
8318 1
8321 1
8323 1
8328 1
8340 1
8351 1
8373 1
8403 1
8410 1
8421 1
8426 1
8427 1
8433 1
8434 1
8441 1
8442 1
8446 1
8465 1
8487 1
8488 1
8500 1
8524 1
8556 1
8573 1
8579 1
8599 1
8600 1
8601 1
8609 1
8623 1
8631 1
8632 1
8642 1
8644 1
8646 1
8656 1
8659 1
8662 1
8675 1
8680 1
8686 1
8690 1
8703 1
8710 1
8720 1
8728 1
8732 1
8745 1
8750 1
8752 1
8772 1
8794 1
8796 1
8828 1
8839 1
8851 1
8855 1
8880 1
8882 1
8883 1
8890 1
8897 1
8901 1
8905 1
8913 1
8967 1
8968 1
8977 1
8978 1
8990 1
8993 1
9005 1
9006 1
9013 1
9016 1
9034 1
9038 1
9043 1
9052 1
9071 1
9083 1
9098 1
9100 1
9101 1
9122 1
9128 1
9129 1
9136 1
9151 1
9158 1
9170 1
9199 1
9210 1
9211 1
9221 1
9226 1
9237 1
9238 1
9241 1
9245 1
9256 1
9258 1
9259 1
9281 1
9288 1
9291 1
9299 1
9300 1
9311 1
9331 1
9338 1
9341 1
9349 1
9365 1
9374 1
9393 1
9398 1
9413 1
9418 1
9428 1
9442 1
9454 1
9484 1
9495 1
9502 1
9516 1
9520 1
9523 1
9545 1
9547 1
9552 1
9569 1
9597 1
9599 1
9607 1
9620 1
9625 1
9629 1
9635 1
9643 1
9655 1
9668 1
9669 1
9680 1
9681 1
9684 1
9707 1
9709 1
9713 1
9741 1
9760 1
9764 1
9786 1
9795 1
9802 1
9805 1
9808 1
9816 1
9822 1
9829 1
9830 1
9859 1
9864 1
9880 1
9883 1
9922 1
9925 1
9929 1
9960 1
9963 1
9971 1
9974 1
9986 1
10001 1
10003 1
10007 1
10021 1
10023 1
10026 1
10030 1
10056 1
10062 1
10065 1
10075 1
10095 1
10102 1
10115 1
10129 1
10132 1
10141 1
10158 1
10165 1
10168 1
10169 1
10185 1
10245 1
10285 1
10294 1
10309 1
10311 1
10318 1
10337 1
10348 1
10353 1
10366 1
10369 1
10375 1
10382 1
10398 1
10414 1
10422 1
10424 1
10441 1
10443 1
10469 1
10477 1
10485 1
10508 1
10519 1
10530 1
10534 1
10536 1
10537 1
10543 1
10558 1
10575 1
10608 1
10632 1
10633 1
10648 1
10661 1
10666 1
10669 1
10675 1
10687 1
10689 1
10694 1
10698 1
10700 1
10711 1
10726 1
10730 1
10732 1
10742 1
10743 1
10756 1
10757 1
10772 1
10782 1
10798 1
10803 1
10805 1
10814 1
10837 1
10863 1
10878 1
10880 1
10901 1
10920 1
10935 1
10938 1
10940 1
10949 1
10952 1
10970 1
10975 1
10980 1
10983 1
10984 1
10999 1
11001 1
11004 1
11005 1
11018 1
11034 1
11045 1
11062 1
11074 1
11084 1
11085 1
11086 1
11087 1
11088 1
11098 1
11108 1
11125 1
11134 1
11151 1
11153 1
11170 1
11187 1
11208 1
11210 1
11216 1
11220 1
11238 1
11242 1
11246 1
11260 1
11270 1
11272 1
11275 1
11284 1
11300 1
11310 1
11311 1
11319 1
11326 1
11331 1
11338 1
11348 1
11378 1
11400 1
11401 1
11408 1
11428 1
11441 1
11448 1
11453 1
11466 1
11469 1
11476 1
11483 1
11502 1
11504 1
11525 1
11572 1
11578 1
11587 1
11588 1
11591 1
11605 1
11615 1
11616 1
11617 1
11621 1
11635 1
11637 1
11648 1
11664 1
11668 1
11675 1
11688 1
11696 1
11701 1
11711 1
11716 1
11730 1
11736 1
11746 1
11758 1
11801 1
11808 1
11819 1
11825 1
11827 1
11830 1
11888 1
11891 1
11895 1
11896 1
11927 1
11936 1
11937 1
11939 1
11950 1
11956 1
11967 1
11977 1
11985 1
11993 1
11998 1
12007 1
12012 1
12018 1
12019 1
12025 1
12030 1
12032 1
12036 1
12055 1
12065 1
12076 1
12097 1
12120 1
12121 1
12133 1
12140 1
12167 1
12185 1
12207 1
12232 1
12239 1
12240 1
12248 1
12271 1
12274 1
12289 1
12307 1
12318 1
12325 1
12327 1
12339 1
12342 1
12350 1
12365 1
12370 1
12374 1
12390 1
12409 1
12417 1
12421 1
12432 1
12439 1
12451 1
12490 1
12499 1
12503 1
12508 1
12523 1
12539 1
12543 1
12547 1
12554 1
12566 1
12606 1
12609 1
12646 1
12660 1
12678 1
12687 1
12692 1
12696 1
12700 1
12735 1
12738 1
12759 1
12764 1
12770 1
12786 1
12797 1
12814 1
12825 1
12827 1
12834 1
12839 1
12840 1
12841 1
12855 1
12856 1
12877 1
12912 1
12920 1
12936 1
12938 1
12942 1
12975 1
12989 1
12994 1
13031 1
13040 1
13042 1
13058 1
13064 1
13100 1
13104 1
13108 1
13123 1
13134 1
13140 1
13144 1
13147 1
13151 1
13160 1
13161 1
13166 1
13175 1
13178 1
13183 1
13227 1
13250 1
13257 1
13260 1
13266 1
13274 1
13276 1
13277 1
13296 1
13298 1
13308 1
13312 1
13313 1
13315 1
13326 1
13328 1
13336 1
13351 1
13357 1
13387 1
13388 1
13405 1
13407 1
13415 1
13416 1
13420 1
13447 1
13449 1
13455 1
13471 1
13474 1
13475 1
13478 1
13487 1
13490 1
13508 1
13520 1
13526 1
13531 1
13555 1
13558 1
13561 1
13578 1
13606 1
13612 1
13613 1
13621 1
13623 1
13646 1
13652 1
13660 1
13679 1
13704 1
13715 1
13728 1
13732 1
13744 1
13753 1
13754 1
13771 1
13778 1
13794 1
13802 1
13826 1
13846 1
13847 1
13854 1
13856 1
13859 1
13872 1
13877 1
13878 1
13897 1
13900 1
13916 1
13919 1
13937 1
13946 1
13954 1
14015 1
14029 1
14031 1
14058 1
14060 1
14083 1
14087 1
14092 1
14097 1
14104 1
14107 1
14116 1
14120 1
14121 1
14132 1
14144 1
14163 1
14167 1
14171 1
14206 1
14223 1
14229 1
14231 1
14259 1
14266 1
14278 1
14282 1
14286 1
14314 1
14320 1
14332 1
14342 1
14343 1
14345 1
14347 1
14349 1
14354 1
14361 1
14368 1
14404 1
14407 1
14432 1
14435 1
14467 1
14468 1
14492 1
14519 1
14547 1
14549 1
14562 1
14565 1
14566 1
14583 1
14615 1
14616 1
14617 1
14620 1
14626 1
14635 1
14642 1
14650 1
14651 1
14662 1
14667 1
14670 1
14674 1
14703 1
14736 1
14750 1
14752 1
14754 1
14756 1
14757 1
14760 1
14764 1
14779 1
14781 1
14784 1
14791 1
14800 1
14809 1
14832 1
14834 1
14853 1
14889 1
14891 1
14892 1
14896 1
14912 1
14925 1
14929 1
14932 1
14949 1
14955 1
15007 1
15011 1
15016 1
15017 1
15029 1
15030 1
15033 1
15036 1
15042 1
15053 1
15060 1
15064 1
15072 1
15073 1
15079 1
15094 1
15102 1
15104 1
15119 1
15126 1
15141 1
15147 1
15174 1
15183 1
15222 1
15232 1
15234 1
15235 1
15244 1
15245 1
15253 1
15275 1
15280 1
15281 1
15283 1
15284 1
15290 1
15299 1
15302 1
15305 1
15310 1
15318 1
15320 1
15328 1
15331 1
15335 1
15338 1
15362 1
15370 1
15377 1
15386 1
15403 1
15418 1
15442 1
15454 1
15462 1
15475 1
15480 1
15487 1
15488 1
15514 1
15517 1
15520 1
15539 1
15551 1
15585 1
15589 1
15598 1
15599 1
15604 1
15606 1
15612 1
15623 1
15625 1
15630 1
15654 1
15658 1
15667 1
15697 1
15709 1
15711 1
15713 1
15724 1
15726 1
15755 1
15777 1
15781 1
15794 1
15803 1
15805 1
15818 1
15861 1
15867 1
15878 1
15880 1
15881 1
15885 1
15908 1
15914 1
15915 1
15945 1
15948 1
15954 1
15957 1
15959 1
15964 1
15967 1
15971 1
15974 1
16001 1
16019 1
16071 1
16082 1
16092 1
16106 1
16112 1
16124 1
16127 1
16142 1
16153 1
16156 1
16171 1
16189 1
16194 1
16198 1
16201 1
16224 1
16225 1
16236 1
16260 1
16269 1
16275 1
16298 1
16299 1
16304 1
16327 1
16336 1
16355 1
16368 1
16371 1
16372 1
16377 1
16379 1
16382 1
16470 1
16491 1
16501 1
16507 1
16511 1
16522 1
16525 1
16530 1
16536 1
16542 1
16559 1
16570 1
16572 1
16574 1
16578 1
16586 1
16587 1
16598 1
16604 1
16612 1
16624 1
16636 1
16642 1
16648 1
16649 1
16673 1
16677 1
16678 1
16690 1
16713 1
16730 1
16736 1
16743 1
16745 1
16747 1
16754 1
16760 1
16784 1
16790 1
16795 1
16806 1
16808 1
16826 1
16831 1
16841 1
16862 1
16885 1
16887 1
16901 1
16911 1
16919 1
16920 1
16921 1
16925 1
16926 1
16927 1
16945 1
16947 1
16955 1
16963 1
16978 1
16983 1
16993 1
16996 1
17009 1
17014 1
17037 1
17042 1
17056 1
17069 1
17082 1
17094 1
17109 1
17116 1
17117 1
17129 1
17140 1
17142 1
17149 1
17160 1
17173 1
17175 1
17177 1
17191 1
17210 1
17222 1
17257 1
17267 1
17272 1
17280 1
17281 1
17294 1
17297 1
17309 1
17322 1
17326 1
17339 1
17349 1
17375 1
17380 1
17388 1
17390 1
17399 1
17405 1
17421 1
17443 1
17453 1
17454 1
17468 1
17475 1
17487 1
17504 1
17511 1
17518 1
17520 1
17524 1
17536 1
17538 1
17540 1
17551 1
17558 1
17564 1
17567 1
17581 1
17592 1
17617 1
17623 1
17628 1
17670 1
17712 1
17714 1
17718 1
17721 1
17734 1
17745 1
17752 1
17761 1
17764 1
17771 1
17788 1
17789 1
17807 1
17811 1
17821 1
17855 1
17860 1
17864 1
17865 1
17881 1
17913 1
17915 1
17917 1
17921 1
17951 1
17971 1
17984 1
17987 1
17991 1
18000 1
18025 1
18058 1
18069 1
18091 1
18096 1
18101 1
18122 1
18150 1
18175 1
18199 1
18203 1
18207 1
18209 1
18216 1
18220 1
18230 1
18239 1
18265 1
18266 1
18273 1
18278 1
18287 1
18313 1
18316 1
18317 1
18331 1
18333 1
18336 1
18346 1
18360 1
18377 1
18380 1
18383 1
18385 1
18406 1
18416 1
18428 1
18432 1
18443 1
18450 1
18451 1
18452 1
18455 1
18459 1
18462 1
18463 1
18465 1
18471 1
18479 1
18480 1
18483 1
18509 1
18515 1
18527 1
18537 1
18551 1
18555 1
18570 1
18573 1
18577 1
18605 1
18611 1
18612 1
18626 1
18639 1
18669 1
18672 1
18679 1
18693 1
18694 1
18695 1
18700 1
18704 1
18705 1
18707 1
18721 1
18726 1
18742 1
18748 1
18750 1
18774 1
18780 1
18783 1
18784 1
18786 1
18795 1
18797 1
18824 1
18825 1
18840 1
18855 1
18867 1
18876 1
18881 1
18885 1
18891 1
18901 1
18921 1
18925 1
18931 1
18932 1
18943 1
18959 1
18962 1
18963 1
18970 1
18977 1
19008 1
19014 1
19017 1
19026 1
19034 1
19042 1
19049 1
19054 1
19058 1
19074 1
19084 1
19098 1
19117 1
19124 1
19128 1
19138 1
19151 1
19152 1
19155 1
19160 1
19164 1
19166 1
19178 1
19179 1
19185 1
19214 1
19216 1
19242 1
19244 1
19247 1
19271 1
19298 1
19304 1
19319 1
19324 1
19342 1
19354 1
19370 1
19373 1
19401 1
19403 1
19406 1
19411 1
19413 1
19414 1
19422 1
19444 1
19451 1
19476 1
19486 1
19492 1
19494 1
19524 1
19555 1
19563 1
19578 1
19587 1
19595 1
19601 1
19610 1
19611 1
19621 1
19647 1
19672 1
19675 1
19677 1
19680 1
19686 1
19687 1
19722 1
19725 1
19728 1
19729 1
19736 1
19745 1
19753 1
19758 1
19790 1
19797 1
19801 1
19808 1
19810 1
19811 1
19821 1
19822 1
19825 1
19828 1
19854 1
19858 1
19860 1
19862 1
19867 1
19869 1
19884 1
19895 1
19901 1
19903 1
19908 1
19914 1
19915 1
19917 1
19921 1
19925 1
19940 1
19942 1
19949 1
19951 1
19961 1
19962 1
19973 1
19980 1
19981 1
19987 1
19994 1
20018 1
20020 1
20023 1
20030 1
20032 1
20035 1
20041 1
20044 1
20050 1
20056 1
20076 1
20080 1
20081 1
20104 1
20112 1
20126 1
20127 1
20150 1
20151 1
20165 1
20171 1
20191 1
20200 1
20212 1
20222 1
20225 1
20254 1
20274 1
20276 1
20303 1
20309 1
20324 1
20354 1
20367 1
20369 1
20380 1
20387 1
20416 1
20423 1
20457 1
20458 1
20466 1
20478 1
20501 1
20504 1
20518 1
20524 1
20525 1
20536 1
20549 1
20556 1
20565 1
20571 1
20572 1
20600 1
20613 1
20617 1
20627 1
20628 1
20641 1
20652 1
20654 1
20672 1
20678 1
20685 1
20714 1
20716 1
20735 1
20750 1
20753 1
20755 1
20757 1
20779 1
20788 1
20798 1
20802 1
20809 1
20812 1
20816 1
20821 1
20828 1
20830 1
20849 1
20856 1
20862 1
20873 1
20899 1
20904 1
20906 1
20907 1
20915 1
20917 1
20928 1
20957 1
20959 1
20965 1
20971 1
20984 1
20987 1
20991 1
21011 1
21019 1
21020 1
21033 1
21059 1
21063 1
21064 1
21089 1
21108 1
21120 1
21128 1
21150 1
21153 1
21163 1
21165 1
21166 1
21171 1
21181 1
21194 1
21204 1
21213 1
21225 1
21230 1
21245 1
21250 1
21262 1
21271 1
21274 1
21281 1
21283 1
21299 1
21324 1
21327 1
21331 1
21339 1
21340 1
21347 1
21350 1
21371 1
21373 1
21397 1
21400 1
21407 1
21424 1
21426 1
21432 1
21447 1
21481 1
21488 1
21500 1
21509 1
21523 1
21531 1
21548 1
21550 1
21574 1
21577 1
21594 1
21600 1
21602 1
21608 1
21639 1
21651 1
21662 1
21665 1
21667 1
21671 1
21676 1
21699 1
21706 1
21751 1
21762 1
21767 1
21768 1
21781 1
21784 1
21788 1
21826 1
21832 1
21847 1
21867 1
21870 1
21873 1
21882 1
21905 1
21924 1
21932 1
21933 1
21953 1
21970 1
22012 1
22019 1
22022 1
22057 1
22062 1
22063 1
22076 1
22082 1
22098 1
22114 1
22126 1
22131 1
22178 1
22185 1
22194 1
22221 1
22228 1
22232 1
22235 1
22238 1
22242 1
22251 1
22272 1
22273 1
22283 1
22285 1
22286 1
22292 1
22303 1
22304 1
22324 1
22327 1
22341 1
22354 1
22362 1
22383 1
22384 1
22406 1
22418 1
22420 1
22428 1
22434 1
22438 1
22460 1
22473 1
22489 1
22504 1
22505 1
22515 1
22519 1
22523 1
22541 1
22551 1
22572 1
22582 1
22586 1
22593 1
22600 1
22609 1
22612 1
22624 1
22630 1
22648 1
22650 1
22676 1
22689 1
22702 1
22748 1
22773 1
22787 1
22794 1
22813 1
22814 1
22816 1
22832 1
22842 1
22903 1
22906 1
22927 1
22928 1
22932 1
22957 1
22969 1
22974 1
22984 1
23001 1
23008 1
23009 1
23012 1
23022 1
23024 1
23039 1
23046 1
23072 1
23090 1
23094 1
23096 1
23097 1
23099 1
23116 1
23126 1
23130 1
23134 1
23139 1
23147 1
23188 1
23191 1
23196 1
23201 1
23205 1
23206 1
23214 1
23250 1
23252 1
23257 1
23260 1
23261 1
23283 1
23301 1
23308 1
23315 1
23372 1
23373 1
23404 1
23435 1
23443 1
23456 1
23481 1
23483 1
23486 1
23494 1
23501 1
23520 1
23541 1
23545 1
23546 1
23562 1
23566 1
23568 1
23571 1
23579 1
23600 1
23631 1
23633 1
23654 1
23663 1
23668 1
23687 1
23695 1
23702 1
23703 1
23712 1
23716 1
23717 1
23739 1
23766 1
23782 1
23787 1
23792 1
23802 1
23804 1
23812 1
23837 1
23848 1
23865 1
23876 1
23878 1
23884 1
23892 1
23895 1
23916 1
23928 1
23938 1
23951 1
23958 1
23959 1
23962 1
23974 1
23976 1
23977 1
23987 1
24001 1
24009 1
24013 1
24031 1
24033 1
24040 1
24065 1
24071 1
24080 1
24084 1
24087 1
24115 1
24121 1
24126 1
24127 1
24137 1
24139 1
24142 1
24144 1
24161 1
24168 1
24169 1
24178 1
24185 1
24234 1
24241 1
24243 1
24244 1
24267 1
24270 1
24272 1
24280 1
24283 1
24294 1
24309 1
24321 1
24325 1
24337 1
24343 1
24349 1
24368 1
24393 1
24394 1
24419 1
24423 1
24424 1
24435 1
24441 1
24457 1
24459 1
24462 1
24468 1
24489 1
24493 1
24517 1
24521 1
24526 1
24534 1
24535 1
24564 1
24573 1
24575 1
24580 1
24616 1
24628 1
24654 1
24663 1
24665 1
24668 1
24669 1
24674 1
24677 1
24679 1
24688 1
24692 1
24702 1
24712 1
24719 1
24725 1
24754 1
24757 1
24762 1
24763 1
24768 1
24773 1
24790 1
24821 1
24833 1
24847 1
24854 1
24855 1
24870 1
24892 1
24900 1
24918 1
24922 1
24928 1
24934 1
24940 1
24988 1
25025 1
25072 1
25085 1
25090 1
25092 1
25103 1
25139 1
25141 1
25144 1
25155 1
25157 1
25164 1
25176 1
25179 1
25199 1
25204 1
25208 1
25213 1
25214 1
25229 1
25249 1
25250 1
25259 1
25267 1
25279 1
25283 1
25287 1
25292 1
25301 1
25309 1
25318 1
25319 1
25329 1
25331 1
25340 1
25341 1
25356 1
25365 1
25372 1
25374 1
25377 1
25378 1
25380 1
25384 1
25385 1
25386 1
25401 1
25407 1
25428 1
25429 1
25431 1
25452 1
25458 1
25479 1
25508 1
25514 1
25526 1
25531 1
25541 1
25544 1
25552 1
25558 1
25561 1
25570 1
25591 1
25592 1
25609 1
25610 1
25649 1
25651 1
25659 1
25665 1
25669 1
25670 1
25679 1
25778 1
25780 1
25803 1
25807 1
25816 1
25834 1
25841 1
25842 1
25851 1
25859 1
25862 1
25866 1
25871 1
25877 1
25883 1
25886 1
25896 1
25907 1
25922 1
25941 1
25942 1
25947 1
25958 1
25973 1
25980 1
25986 1
25999 1
26021 1
26025 1
26054 1
26062 1
26085 1
26092 1
26095 1
26098 1
26104 1
26115 1
26120 1
26121 1
26135 1
26162 1
26179 1
26193 1
26200 1
26202 1
26228 1
26234 1
26236 1
26237 1
26246 1
26247 1
26285 1
26290 1
26297 1
26300 1
26312 1
26320 1
26332 1
26369 1
26379 1
26391 1
26400 1
26405 1
26424 1
26463 1
26466 1
26482 1
26484 1
26491 1
26492 1
26493 1
26521 1
26531 1
26537 1
26538 1
26586 1
26588 1
26596 1
26600 1
26605 1
26606 1
26622 1
26633 1
26640 1
26659 1
26672 1
26682 1
26688 1
26691 1
26695 1
26700 1
26716 1
26724 1
26741 1
26752 1
26775 1
26789 1
26791 1
26792 1
26793 1
26797 1
26809 1
26814 1
26851 1
26865 1
26877 1
26879 1
26882 1
26895 1
26896 1
26905 1
26912 1
26921 1
26946 1
26947 1
26953 1
26955 1
26969 1
26971 1
26988 1
27020 1
27027 1
27028 1
27029 1
27061 1
27071 1
27076 1
27086 1
27106 1
27124 1
27126 1
27142 1
27158 1
27161 1
27171 1
27181 1
27182 1
27184 1
27187 1
27188 1
27190 1
27193 1
27198 1
27202 1
27217 1
27218 1
27222 1
27261 1
27274 1
27278 1
27301 1
27302 1
27326 1
27333 1
27339 1
27340 1
27346 1
27352 1
27358 1
27367 1
27399 1
27400 1
27401 1
27413 1
27424 1
27436 1
27445 1
27459 1
27468 1
27475 1
27484 1
27486 1
27487 1
27490 1
27491 1
27495 1
27499 1
27505 1
27509 1
27512 1
27520 1
27554 1
27562 1
27571 1
27582 1
27639 1
27649 1
27651 1
27666 1
27677 1
27686 1
27690 1
27693 1
27716 1
27720 1
27725 1
27744 1
27754 1
27770 1
27781 1
27819 1
27842 1
27850 1
27854 1
27858 1
27866 1
27876 1
27879 1
27882 1
27902 1
27903 1
27925 1
27958 1
27965 1
27975 1
27977 1
27978 1
27987 1
27993 1
28013 1
28032 1
28037 1
28048 1
28077 1
28114 1
28148 1
28154 1
28156 1
28163 1
28166 1
28172 1
28175 1
28200 1
28233 1
28250 1
28252 1
28264 1
28267 1
28271 1
28275 1
28314 1
28315 1
28324 1
28338 1
28343 1
28346 1
28353 1
28357 1
28373 1
28397 1
28399 1
28467 1
28489 1
28508 1
28509 1
28518 1
28522 1
28524 1
28526 1
28538 1
28539 1
28540 1
28567 1
28577 1
28582 1
28596 1
28608 1
28617 1
28624 1
28626 1
28627 1
28637 1
28640 1
28652 1
28653 1
28657 1
28659 1
28697 1
28700 1
28718 1
28733 1
28743 1
28756 1
28761 1
28765 1
28782 1
28796 1
28798 1
28799 1
28800 1
28804 1
28814 1
28828 1
28844 1
28848 1
28853 1
28854 1
28865 1
28883 1
28886 1
28891 1
28893 1
28898 1
28911 1
28912 1
28915 1
28920 1
28930 1
28954 1
28971 1
28982 1
28988 1
28994 1
28996 1
28998 1
29002 1
29008 1
29024 1
29051 1
29072 1
29092 1
29115 1
29117 1
29127 1
29166 1
29179 1
29191 1
29195 1
29227 1
29236 1
29240 1
29242 1
29246 1
29253 1
29261 1
29263 1
29299 1
29300 1
29324 1
29329 1
29331 1
29372 1
29395 1
29406 1
29408 1
29442 1
29449 1
29452 1
29465 1
29471 1
29484 1
29485 1
29499 1
29510 1
29519 1
29554 1
29558 1
29568 1
29572 1
29592 1
29595 1
29596 1
29597 1
29617 1
29623 1
29630 1
29637 1
29649 1
29655 1
29677 1
29680 1
29682 1
29687 1
29691 1
29693 1
29711 1
29718 1
29723 1
29725 1
29727 1
29739 1
29761 1
29765 1
29774 1
29818 1
29822 1
29823 1
29825 1
29836 1
29840 1
29849 1
29870 1
29875 1
29882 1
29895 1
29896 1
29908 1
29915 1
29916 1
29919 1
29935 1
29942 1
29981 1
29983 1
29990 1
30012 1
30015 1
30024 1
30043 1
30047 1
30056 1
30075 1
30080 1
30094 1
30108 1
30114 1
30115 1
30132 1
30145 1
30146 1
30156 1
30161 1
30162 1
30164 1
30167 1
30184 1
30199 1
30209 1
30229 1
30238 1
30240 1
30243 1
30249 1
30253 1
30260 1
30272 1
30290 1
30296 1
30297 1
30301 1
30312 1
30320 1
30321 1
30326 1
30329 1
30340 1
30347 1
30352 1
30357 1
30375 1
30376 1
30381 1
30389 1
30390 1
30401 1
30413 1
30422 1
30424 1
30427 1
30441 1
30459 1
30475 1
30487 1
30496 1
30502 1
30506 1
30509 1
30516 1
30532 1
30533 1
30535 1
30568 1
30584 1
30602 1
30614 1
30627 1
30632 1
30636 1
30640 1
30648 1
30670 1
30675 1
30679 1
30691 1
30709 1
30717 1
30731 1
30734 1
30739 1
30751 1
30769 1
30793 1
30795 1
30818 1
30820 1
30821 1
30855 1
30859 1
30860 1
30874 1
30879 1
30883 1
30890 1
30896 1
30899 1
30911 1
30922 1
30930 1
30949 1
30963 1
30986 1
30989 1
30994 1
31012 1
31054 1
31055 1
31070 1
31074 1
31079 1
31092 1
31094 1
31096 1
31104 1
31109 1
31115 1
31122 1
31149 1
31150 1
31158 1
31160 1
31162 1
31189 1
31192 1
31215 1
31224 1
31234 1
31256 1
31258 1
31260 1
31265 1
31279 1
31310 1
31323 1
31324 1
31326 1
31329 1
31332 1
31341 1
31374 1
31382 1
31387 1
31397 1
31410 1
31424 1
31427 1
31428 1
31447 1
31453 1
31458 1
31467 1
31475 1
31489 1
31490 1
31494 1
31495 1
31497 1
31506 1
31509 1
31515 1
31517 1
31540 1
31549 1
31552 1
31604 1
31607 1
31614 1
31656 1
31657 1
31668 1
31674 1
31680 1
31701 1
31704 1
31712 1
31721 1
31728 1
31735 1
31745 1
31754 1
31757 1
31761 1
31786 1
31790 1
31800 1
31804 1
31825 1
31830 1
31833 1
31836 1
31837 1
31846 1
31854 1
31861 1
31884 1
31898 1
31899 1
31908 1
31912 1
31917 1
31927 1
31945 1
31951 1
31953 1
31960 1
31982 1
32001 1
32006 1
32007 1
32022 1
32034 1
32042 1
32045 1
32057 1
32069 1
32071 1
32098 1
32125 1
32137 1
32140 1
32147 1
32149 1
32154 1
32158 1
32191 1
32199 1
32203 1
32216 1
32221 1
32224 1
32225 1
32230 1
32257 1
32268 1
32300 1
32312 1
32318 1
32321 1
32339 1
32352 1
32360 1
32364 1
32368 1
32374 1
32388 1
32395 1
32397 1
32404 1
32413 1
32419 1
32442 1
32449 1
32456 1
32462 1
32464 1
32466 1
32479 1
32483 1
32484 1
32486 1
32495 1
32504 1
32508 1
32510 1
32515 1
32518 1
32521 1
32534 1
32543 1
32565 1
32566 1
32567 1
32574 1
32575 1
32589 1
32607 1
32608 1
32612 1
32614 1
32641 1
32644 1
32647 1
32656 1
32698 1
32703 1
32706 1
32710 1
32716 1
32724 1
32728 1
32740 1
32755 1
32769 1
32775 1
32786 1
32795 1
32796 1
32798 1
32805 1
32806 1
32823 1
32832 1
32851 1
32857 1
32859 1
32864 1
32868 1
32877 1
32880 1
32883 1
32884 1
32893 1
32900 1
32907 1
32911 1
32913 1
32927 1
32968 1
32977 1
32982 1
33006 1
33008 1
33010 1
33011 1
33027 1
33028 1
33031 1
33036 1
33045 1
33055 1
33080 1
33082 1
33090 1
33092 1
33101 1
33103 1
33104 1
33105 1
33109 1
33121 1
33123 1
33127 1
33133 1
33134 1
33145 1
33148 1
33151 1
33153 1
33171 1
33193 1
33204 1
33205 1
33223 1
33227 1
33238 1
33239 1
33241 1
33245 1
33260 1
33263 1
33273 1
33292 1
33296 1
33297 1
33301 1
33316 1
33329 1
33341 1
33348 1
33349 1
33352 1
33355 1
33356 1
33358 1
33361 1
33363 1
33377 1
33383 1
33394 1
33400 1
33409 1
33410 1
33412 1
33413 1
33420 1
33432 1
33440 1
33453 1
33470 1
33471 1
33477 1
33480 1
33490 1
33493 1
33506 1
33511 1
33519 1
33533 1
33538 1
33554 1
33555 1
33561 1
33566 1
33589 1
33593 1
33598 1
33601 1
33604 1
33609 1
33615 1
33617 1
33620 1
33639 1
33655 1
33662 1
33678 1
33702 1
33708 1
33766 1
33772 1
33798 1
33814 1
33815 1
33828 1
33845 1
33847 1
33860 1
33878 1
33879 1
33899 1
33900 1
33908 1
33922 1
33931 1
33940 1
33951 1
33962 1
33965 1
34025 1
34049 1
34057 1
34081 1
34084 1
34089 1
34101 1
34117 1
34121 1
34122 1
34127 1
34165 1
34166 1
34177 1
34184 1
34187 1
34193 1
34198 1
34233 1
34236 1
34237 1
34240 1
34242 1
34246 1
34249 1
34260 1
34264 1
34296 1
34308 1
34312 1
34356 1
34375 1
34390 1
34397 1
34402 1
34412 1
34421 1
34437 1
34447 1
34449 1
34465 1
34468 1
34491 1
34502 1
34532 1
34580 1
34592 1
34595 1
34596 1
34598 1
34630 1
34644 1
34653 1
34662 1
34698 1
34708 1
34712 1
34725 1
34733 1
34737 1
34742 1
34743 1
34748 1
34750 1
34756 1
34766 1
34769 1
34791 1
34794 1
34796 1
34812 1
34837 1
34841 1
34843 1
34861 1
34869 1
34881 1
34883 1
34887 1
34890 1
34910 1
34914 1
34919 1
34924 1
34925 1
34943 1
34948 1
34958 1
34964 1
34968 1
34972 1
34980 1
34990 1
34996 1
34998 1
34999 1
35000 1
35003 1
35010 1
35030 1
35055 1
35068 1
35076 1
35099 1
35120 1
35134 1
35144 1
35152 1
35158 1
35179 1
35180 1
35182 1
35188 1
35209 1
35250 1
35275 1
35281 1
35298 1
35311 1
35317 1
35340 1
35343 1
35346 1
35361 1
35371 1
35374 1
35415 1
35417 1
35420 1
35431 1
35436 1
35437 1
35444 1
35467 1
35476 1
35478 1
35488 1
35500 1
35518 1
35536 1
35544 1
35552 1
35556 1
35568 1
35572 1
35577 1
35588 1
35593 1
35609 1
35614 1
35630 1
35644 1
35650 1
35654 1
35661 1
35674 1
35679 1
35701 1
35706 1
35708 1
35726 1
35733 1
35741 1
35747 1
35748 1
35754 1
35762 1
35766 1
35771 1
35776 1
35777 1
35781 1
35791 1
35822 1
35824 1
35825 1
35831 1
35833 1
35841 1
35842 1
35852 1
35880 1
35881 1
35883 1
35886 1
35891 1
35921 1
35924 1
35939 1
35941 1
35948 1
35949 1
35951 1
35955 1
35966 1
36012 1
36014 1
36023 1
36024 1
36025 1
36041 1
36066 1
36103 1
36113 1
36117 1
36140 1
36158 1
36161 1
36165 1
36169 1
36184 1
36212 1
36218 1
36231 1
36234 1
36241 1
36249 1
36252 1
36254 1
36263 1
36266 1
36267 1
36278 1
36293 1
36299 1
36309 1
36311 1
36315 1
36317 1
36327 1
36347 1
36349 1
36353 1
36362 1
36373 1
36397 1
36408 1
36411 1
36418 1
36421 1
36422 1
36423 1
36424 1
36460 1
36462 1
36477 1
36509 1
36522 1
36541 1
36543 1
36556 1
36558 1
36565 1
36577 1
36585 1
36586 1
36601 1
36614 1
36624 1
36628 1
36646 1
36650 1
36653 1
36657 1
36675 1
36682 1
36694 1
36695 1
36700 1
36718 1
36720 1
36752 1
36759 1
36772 1
36774 1
36800 1
36817 1
36828 1
36829 1
36836 1
36838 1
36839 1
36841 1
36850 1
36865 1
36880 1
36914 1
36927 1
36935 1
36941 1
36943 1
36947 1
36951 1
36977 1
36979 1
36984 1
36990 1
37022 1
37036 1
37047 1
37048 1
37087 1
37088 1
37095 1
37116 1
37130 1
37155 1
37180 1
37190 1
37193 1
37208 1
37235 1
37259 1
37260 1
37268 1
37276 1
37279 1
37281 1
37292 1
37293 1
37333 1
37342 1
37353 1
37397 1
37401 1
37403 1
37412 1
37413 1
37443 1
37490 1
37499 1
37511 1
37512 1
37514 1
37518 1
37522 1
37532 1
37543 1
37547 1
37555 1
37559 1
37567 1
37577 1
37610 1
37614 1
37618 1
37622 1
37626 1
37636 1
37637 1
37651 1
37656 1
37669 1
37672 1
37682 1
37691 1
37696 1
37700 1
37707 1
37712 1
37730 1
37739 1
37743 1
37757 1
37774 1
37793 1
37803 1
37805 1
37809 1
37818 1
37862 1
37872 1
37880 1
37881 1
37884 1
37914 1
37921 1
37950 1
37957 1
37966 1
37967 1
37971 1
37979 1
38009 1
38018 1
38023 1
38032 1
38034 1
38082 1
38085 1
38096 1
38101 1
38108 1
38125 1
38148 1
38151 1
38152 1
38156 1
38169 1
38178 1
38181 1
38204 1
38216 1
38220 1
38254 1
38257 1
38267 1
38269 1
38282 1
38286 1
38289 1
38310 1
38314 1
38316 1
38325 1
38343 1
38353 1
38356 1
38386 1
38393 1
38409 1
38412 1
38416 1
38420 1
38430 1
38444 1
38445 1
38465 1
38478 1
38482 1
38503 1
38505 1
38519 1
38523 1
38530 1
38541 1
38555 1
38559 1
38560 1
38588 1
38612 1
38617 1
38621 1
38625 1
38630 1
38633 1
38640 1
38642 1
38646 1
38651 1
38708 1
38731 1
38781 1
38791 1
38799 1
38808 1
38814 1
38829 1
38830 1
38832 1
38847 1
38848 1
38860 1
38867 1
38874 1
38877 1
38880 1
38882 1
38909 1
38912 1
38923 1
38937 1
38938 1
38968 1
38972 1
38994 1
39007 1
39008 1
39017 1
39033 1
39055 1
39073 1
39076 1
39078 1
39085 1
39086 1
39117 1
39118 1
39121 1
39134 1
39153 1
39164 1
39174 1
39189 1
39222 1
39223 1
39233 1
39241 1
39248 1
39270 1
39273 1
39283 1
39288 1
39298 1
39301 1
39311 1
39320 1
39327 1
39363 1
39389 1
39390 1
39409 1
39413 1
39444 1
39445 1
39446 1
39453 1
39457 1
39467 1
39469 1
39480 1
39482 1
39483 1
39491 1
39495 1
39511 1
39536 1
39542 1
39543 1
39550 1
39558 1
39577 1
39584 1
39598 1
39613 1
39614 1
39618 1
39626 1
39638 1
39639 1
39646 1
39647 1
39653 1
39693 1
39699 1
39711 1
39720 1
39721 1
39728 1
39730 1
39731 1
39743 1
39747 1
39765 1
39768 1
39778 1
39781 1
39789 1
39823 1
39824 1
39829 1
39835 1
39838 1
39850 1
39860 1
39862 1
39865 1
39891 1
39895 1
39901 1
39906 1
39915 1
39918 1
39929 1
39940 1
39975 1
39977 1
40006 1
40007 1
40016 1
40022 1
40029 1
40031 1
40038 1
40041 1
40052 1
40053 1
40061 1
40062 1
40070 1
40075 1
40088 1
40091 1
40111 1
40122 1
40124 1
40127 1
40133 1
40139 1
40143 1
40148 1
40149 1
40158 1
40171 1
40172 1
40179 1
40181 1
40191 1
40201 1
40206 1
40214 1
40231 1
40249 1
40261 1
40266 1
40267 1
40283 1
40284 1
40301 1
40304 1
40305 1
40308 1
40316 1
40323 1
40335 1
40344 1
40347 1
40348 1
40354 1
40370 1
40372 1
40382 1
40385 1
40390 1
40393 1
40409 1
40418 1
40420 1
40429 1
40448 1
40471 1
40477 1
40480 1
40485 1
40523 1
40524 1
40534 1
40535 1
40544 1
40563 1
40564 1
40572 1
40600 1
40629 1
40634 1
40642 1
40652 1
40657 1
40675 1
40686 1
40690 1
40697 1
40698 1
40712 1
40725 1
40737 1
40751 1
40760 1
40788 1
40789 1
40790 1
40808 1
40811 1
40824 1
40845 1
40848 1
40854 1
40863 1
40889 1
40896 1
40904 1
40934 1
40939 1
40944 1
40948 1
40955 1
40970 1
40976 1
40988 1
41004 1
41026 1
41027 1
41078 1
41097 1
41119 1
41127 1
41130 1
41139 1
41140 1
41146 1
41151 1
41157 1
41159 1
41160 1
41171 1
41172 1
41186 1
41187 1
41189 1
41194 1
41210 1
41222 1
41227 1
41228 1
41243 1
41247 1
41263 1
41268 1
41275 1
41284 1
41318 1
41327 1
41334 1
41343 1
41379 1
41386 1
41390 1
41394 1
41405 1
41414 1
41425 1
41432 1
41442 1
41448 1
41470 1
41471 1
41486 1
41488 1
41495 1
41497 1
41501 1
41508 1
41512 1
41522 1
41527 1
41533 1
41551 1
41557 1
41564 1
41572 1
41584 1
41589 1
41590 1
41606 1
41608 1
41612 1
41628 1
41644 1
41651 1
41663 1
41667 1
41683 1
41705 1
41710 1
41711 1
41743 1
41747 1
41758 1
41781 1
41786 1
41803 1
41812 1
41813 1
41816 1
41817 1
41820 1
41855 1
41856 1
41870 1
41873 1
41874 1
41880 1
41884 1
41897 1
41911 1
41930 1
41947 1
41950 1
41955 1
41965 1
41973 1
41987 1
41994 1
41997 1
42018 1
42057 1
42064 1
42079 1
42083 1
42085 1
42089 1
42094 1
42100 1
42111 1
42124 1
42152 1
42168 1
42174 1
42182 1
42189 1
42196 1
42213 1
42223 1
42227 1
42232 1
42256 1
42263 1
42265 1
42293 1
42303 1
42309 1
42311 1
42312 1
42321 1
42327 1
42345 1
42350 1
42352 1
42369 1
42376 1
42381 1
42409 1
42425 1
42431 1
42467 1
42493 1
42500 1
42520 1
42535 1
42537 1
42550 1
42560 1
42563 1
42569 1
42575 1
42581 1
42588 1
42598 1
42599 1
42606 1
42636 1
42644 1
42646 1
42652 1
42667 1
42668 1
42706 1
42717 1
42724 1
42729 1
42733 1
42737 1
42768 1
42772 1
42776 1
42780 1
42781 1
42788 1
42835 1
42843 1
42844 1
42847 1
42851 1
42859 1
42861 1
42865 1
42868 1
42870 1
42877 1
42879 1
42889 1
42893 1
42903 1
42905 1
42906 1
42917 1
42919 1
42925 1
42935 1
42943 1
42951 1
42952 1
42961 1
42967 1
42984 1
43027 1
43032 1
43037 1
43039 1
43045 1
43051 1
43101 1
43108 1
43113 1
43121 1
43123 1
43127 1
43146 1
43155 1
43175 1
43194 1
43206 1
43212 1
43213 1
43231 1
43240 1
43290 1
43295 1
43307 1
43312 1
43314 1
43318 1
43319 1
43324 1
43326 1
43329 1
43341 1
43349 1
43354 1
43382 1
43403 1
43413 1
43447 1
43452 1
43473 1
43476 1
43485 1
43491 1
43504 1
43517 1
43519 1
43530 1
43563 1
43600 1
43605 1
43611 1
43612 1
43628 1
43636 1
43647 1
43653 1
43657 1
43664 1
43665 1
43677 1
43684 1
43686 1
43698 1
43700 1
43712 1
43738 1
43751 1
43765 1
43777 1
43778 1
43779 1
43797 1
43801 1
43825 1
43831 1
43834 1
43868 1
43882 1
43892 1
43914 1
43925 1
43932 1
43934 1
43943 1
43958 1
43975 1
43984 1
44002 1
44038 1
44042 1
44048 1
44060 1
44072 1
44103 1
44110 1
44128 1
44151 1
44154 1
44169 1
44178 1
44179 1
44203 1
44218 1
44245 1
44248 1
44249 1
44256 1
44260 1
44266 1
44278 1
44280 1
44282 1
44287 1
44288 1
44303 1
44312 1
44315 1
44326 1
44329 1
44332 1
44336 1
44347 1
44367 1
44373 1
44376 1
44380 1
44408 1
44417 1
44424 1
44427 1
44431 1
44433 1
44443 1
44447 1
44450 1
44466 1
44473 1
44474 1
44489 1
44507 1
44512 1
44517 1
44532 1
44537 1
44539 1
44547 1
44549 1
44556 1
44558 1
44561 1
44578 1
44593 1
44599 1
44603 1
44604 1
44619 1
44624 1
44631 1
44638 1
44640 1
44675 1
44702 1
44709 1
44723 1
44738 1
44768 1
44787 1
44801 1
44807 1
44833 1
44837 1
44841 1
44869 1
44876 1
44883 1
44898 1
44905 1
44923 1
44946 1
44950 1
44961 1
44965 1
44971 1
44976 1
45015 1
45027 1
45037 1
45040 1
45053 1
45059 1
45068 1
45080 1
45093 1
45105 1
45111 1
45116 1
45123 1
45124 1
45125 1
45134 1
45135 1
45155 1
45156 1
45157 1
45166 1
45173 1
45174 1
45181 1
45185 1
45186 1
45187 1
45190 1
45208 1
45219 1
45269 1
45286 1
45288 1
45317 1
45328 1
45329 1
45331 1
45332 1
45338 1
45340 1
45345 1
45348 1
45380 1
45385 1
45397 1
45398 1
45406 1
45407 1
45417 1
45419 1
45433 1
45461 1
45469 1
45473 1
45494 1
45512 1
45541 1
45549 1
45551 1
45552 1
45560 1
45589 1
45591 1
45594 1
45610 1
45615 1
45620 1
45625 1
45634 1
45640 1
45646 1
45657 1
45668 1
45669 1
45671 1
45674 1
45695 1
45701 1
45707 1
45715 1
45727 1
45732 1
45775 1
45787 1
45790 1
45797 1
45811 1
45814 1
45824 1
45857 1
45859 1
45868 1
45870 1
45877 1
45880 1
45883 1
45895 1
45906 1
45910 1
45914 1
45941 1
45946 1
45947 1
45963 1
45970 1
45982 1
45997 1
46026 1
46036 1
46041 1
46046 1
46062 1
46075 1
46083 1
46115 1
46119 1
46131 1
46185 1
46193 1
46211 1
46214 1
46228 1
46247 1
46248 1
46251 1
46256 1
46259 1
46264 1
46270 1
46289 1
46294 1
46299 1
46309 1
46316 1
46320 1
46324 1
46329 1
46333 1
46361 1
46362 1
46382 1
46384 1
46423 1
46438 1
46457 1
46470 1
46477 1
46494 1
46496 1
46501 1
46529 1
46539 1
46543 1
46546 1
46547 1
46575 1
46578 1
46584 1
46587 1
46596 1
46597 1
46599 1
46620 1
46629 1
46633 1
46639 1
46644 1
46659 1
46660 1
46688 1
46697 1
46706 1
46708 1
46722 1
46723 1
46746 1
46753 1
46764 1
46766 1
46777 1
46779 1
46787 1
46790 1
46805 1
46809 1
46823 1
46825 1
46829 1
46847 1
46852 1
46858 1
46867 1
46880 1
46896 1
46900 1
46901 1
46918 1
46925 1
46928 1
46962 1
46963 1
46987 1
46990 1
46992 1
46993 1
47008 1
47018 1
47023 1
47030 1
47039 1
47042 1
47076 1
47077 1
47084 1
47091 1
47102 1
47111 1
47120 1
47123 1
47142 1
47144 1
47153 1
47156 1
47157 1
47176 1
47183 1
47202 1
47205 1
47207 1
47216 1
47234 1
47237 1
47241 1
47249 1
47255 1
47264 1
47277 1
47301 1
47325 1
47341 1
47344 1
47363 1
47367 1
47383 1
47398 1
47423 1
47429 1
47430 1
47441 1
47450 1
47454 1
47483 1
47489 1
47520 1
47528 1
47541 1
47566 1
47582 1
47587 1
47590 1
47609 1
47640 1
47652 1
47657 1
47665 1
47673 1
47677 1
47697 1
47699 1
47701 1
47707 1
47709 1
47712 1
47723 1
47733 1
47755 1
47759 1
47763 1
47767 1
47779 1
47794 1
47796 1
47811 1
47832 1
47838 1
47840 1
47875 1
47889 1
47891 1
47898 1
47901 1
47933 1
47938 1
47943 1
47954 1
47980 1
47984 1
48002 1
48009 1
48025 1
48064 1
48074 1
48078 1
48080 1
48087 1
48106 1
48122 1
48127 1
48131 1
48141 1
48143 1
48151 1
48152 1
48160 1
48163 1
48173 1
48176 1
48198 1
48205 1
48217 1
48220 1
48229 1
48234 1
48250 1
48261 1
48276 1
48278 1
48288 1
48304 1
48313 1
48316 1
48331 1
48333 1
48346 1
48356 1
48361 1
48364 1
48365 1
48379 1
48380 1
48381 1
48392 1
48397 1
48405 1
48422 1
48434 1
48441 1
48448 1
48459 1
48469 1
48471 1
48494 1
48497 1
48515 1
48528 1
48532 1
48543 1
48560 1
48567 1
48571 1
48589 1
48619 1
48629 1
48634 1
48653 1
48660 1
48663 1
48665 1
48666 1
48677 1
48685 1
48686 1
48691 1
48694 1
48696 1
48703 1
48707 1
48710 1
48716 1
48786 1
48800 1
48815 1
48818 1
48822 1
48824 1
48826 1
48850 1
48867 1
48892 1
48908 1
48925 1
48942 1
48946 1
48962 1
48968 1
48987 1
48993 1
48994 1
48996 1
49026 1
49045 1
49062 1
49068 1
49083 1
49090 1
49092 1
49097 1
49102 1
49116 1
49180 1
49189 1
49192 1
49201 1
49209 1
49215 1
49221 1
49227 1
49234 1
49253 1
49258 1
49267 1
49274 1
49288 1
49293 1
49317 1
49321 1
49326 1
49333 1
49341 1
49367 1
49369 1
49376 1
49382 1
49392 1
49397 1
49400 1
49423 1
49424 1
49430 1
49436 1
49442 1
49448 1
49449 1
49462 1
49479 1
49481 1
49485 1
49487 1
49494 1
49498 1
49500 1
49506 1
49509 1
49524 1
49525 1
49530 1
49537 1
49540 1
49541 1
49544 1
49547 1
49551 1
49562 1
49570 1
49577 1
49599 1
49601 1
49617 1
49618 1
49621 1
49624 1
49635 1
49648 1
49656 1
49685 1
49702 1
49720 1
49736 1
49740 1
49741 1
49752 1
49754 1
49758 1
49772 1
49774 1
49778 1
49779 1
49786 1
49798 1
49800 1
49808 1
49811 1
49814 1
49827 1
49832 1
49842 1
49855 1
49860 1
49898 1
49899 1
49900 1
49905 1
49916 1
49919 1
49924 1
49932 1
49935 1
49943 1
49947 1
49948 1
49956 1
49968 1
49984 1
49991 1
49994 1
50000 1
50004 1
50008 1
50021 1
50028 1
50033 1
50051 1
50053 1
50055 1
50084 1
50085 1
50114 1
50119 1
50135 1
50142 1
50146 1
50155 1
50174 1
50208 1
50213 1
50221 1
50235 1
50251 1
50256 1
50274 1
50276 1
50288 1
50295 1
50298 1
50302 1
50326 1
50334 1
50338 1
50346 1
50350 1
50352 1
50355 1
50362 1
50366 1
50367 1
50368 1
50371 1
50389 1
50392 1
50402 1
50411 1
50416 1
50428 1
50441 1
50451 1
50453 1
50458 1
50463 1
50466 1
50467 1
50475 1
50483 1
50496 1
50502 1
50512 1
50520 1
50539 1
50550 1
50560 1
50565 1
50571 1
50599 1
50645 1
50718 1
50730 1
50731 1
50733 1
50734 1
50736 1
50775 1
50804 1
50815 1
50817 1
50858 1
50884 1
50889 1
50891 1
50901 1
50908 1
50910 1
50918 1
50938 1
50948 1
50960 1
50968 1
50972 1
50978 1
50979 1
50991 1
50994 1
50998 1
51050 1
51051 1
51059 1
51077 1
51080 1
51082 1
51083 1
51095 1
51105 1
51120 1
51157 1
51163 1
51177 1
51182 1
51210 1
51215 1
51217 1
51221 1
51226 1
51267 1
51270 1
51283 1
51297 1
51308 1
51315 1
51317 1
51325 1
51335 1
51343 1
51346 1
51348 1
51357 1
51375 1
51384 1
51406 1
51411 1
51417 1
51426 1
51427 1
51437 1
51438 1
51439 1
51450 1
51455 1
51473 1
51475 1
51483 1
51498 1
51502 1
51534 1
51543 1
51553 1
51570 1
51572 1
51574 1
51577 1
51589 1
51618 1
51630 1
51635 1
51644 1
51658 1
51662 1
51667 1
51669 1
51673 1
51689 1
51698 1
51719 1
51723 1
51741 1
51747 1
51748 1
51758 1
51783 1
51794 1
51810 1
51812 1
51815 1
51816 1
51829 1
51834 1
51842 1
51847 1
51853 1
51862 1
51866 1
51892 1
51893 1
51911 1
51916 1
51924 1
51932 1
51945 1
51961 1
51964 1
51966 1
51978 1
51982 1
51988 1
51992 1
51993 1
52000 1
52006 1
52013 1
52016 1
52019 1
52037 1
52040 1
52043 1
52057 1
52059 1
52064 1
52067 1
52073 1
52105 1
52126 1
52134 1
52161 1
52171 1
52220 1
52225 1
52230 1
52232 1
52239 1
52240 1
52248 1
52273 1
52278 1
52279 1
52280 1
52282 1
52301 1
52308 1
52313 1
52319 1
52329 1
52337 1
52365 1
52373 1
52380 1
52388 1
52392 1
52399 1
52404 1
52407 1
52409 1
52411 1
52412 1
52439 1
52444 1
52452 1
52455 1
52471 1
52483 1
52502 1
52508 1
52514 1
52522 1
52526 1
52531 1
52532 1
52540 1
52545 1
52547 1
52552 1
52570 1
52572 1
52573 1
52580 1
52594 1
52611 1
52633 1
52661 1
52666 1
52678 1
52684 1
52687 1
52691 1
52695 1
52723 1
52734 1
52746 1
52757 1
52766 1
52769 1
52771 1
52785 1
52786 1
52789 1
52811 1
52837 1
52840 1
52862 1
52864 1
52866 1
52880 1
52881 1
52895 1
52898 1
52908 1
52911 1
52913 1
52920 1
52946 1
52966 1
52988 1
53004 1
53009 1
53012 1
53015 1
53028 1
53037 1
53039 1
53042 1
53043 1
53056 1
53064 1
53077 1
53092 1
53133 1
53137 1
53140 1
53141 1
53145 1
53146 1
53156 1
53170 1
53176 1
53193 1
53200 1
53201 1
53206 1
53235 1
53252 1
53255 1
53267 1
53272 1
53281 1
53309 1
53314 1
53330 1
53334 1
53338 1
53348 1
53349 1
53355 1
53361 1
53374 1
53375 1
53393 1
53400 1
53403 1
53406 1
53417 1
53430 1
53438 1
53440 1
53457 1
53466 1
53484 1
53497 1
53507 1
53521 1
53543 1
53547 1
53557 1
53560 1
53566 1
53570 1
53576 1
53589 1
53596 1
53602 1
53605 1
53606 1
53611 1
53627 1
53639 1
53640 1
53646 1
53649 1
53667 1
53680 1
53702 1
53707 1
53709 1
53711 1
53731 1
53743 1
53748 1
53782 1
53784 1
53805 1
53840 1
53844 1
53884 1
53899 1
53906 1
53918 1
53923 1
53933 1
53952 1
53967 1
53969 1
53970 1
53972 1
53985 1
53986 1
53991 1
54034 1
54037 1
54045 1
54054 1
54077 1
54090 1
54100 1
54116 1
54127 1
54128 1
54149 1
54155 1
54179 1
54188 1
54206 1
54224 1
54231 1
54235 1
54237 1
54265 1
54267 1
54275 1
54283 1
54292 1
54293 1
54345 1
54396 1
54416 1
54423 1
54427 1
54447 1
54450 1
54461 1
54467 1
54480 1
54491 1
54496 1
54500 1
54517 1
54519 1
54522 1
54523 1
54527 1
54535 1
54542 1
54549 1
54550 1
54574 1
54583 1
54589 1
54624 1
54632 1
54642 1
54646 1
54670 1
54675 1
54685 1
54701 1
54710 1
54712 1
54715 1
54723 1
54726 1
54746 1
54766 1
54767 1
54772 1
54775 1
54780 1
54791 1
54806 1
54810 1
54826 1
54828 1
54860 1
54862 1
54873 1
54874 1
54887 1
54895 1
54903 1
54911 1
54917 1
54938 1
54939 1
54940 1
54955 1
54970 1
54993 1
54994 1
55002 1
55014 1
55019 1
55024 1
55027 1
55037 1
55073 1
55083 1
55091 1
55099 1
55108 1
55113 1
55156 1
55185 1
55201 1
55233 1
55252 1
55257 1
55262 1
55270 1
55294 1
55302 1
55306 1
55316 1
55329 1
55335 1
55367 1
55368 1
55413 1
55436 1
55439 1
55446 1
55452 1
55460 1
55462 1
55518 1
55529 1
55549 1
55552 1
55558 1
55563 1
55573 1
55597 1
55639 1
55642 1
55659 1
55684 1
55685 1
55686 1
55710 1
55727 1
55742 1
55753 1
55756 1
55768 1
55772 1
55775 1
55790 1
55803 1
55817 1
55836 1
55846 1
55872 1
55873 1
55908 1
55917 1
55918 1
55929 1
55931 1
55975 1
55976 1
55977 1
55981 1
56004 1
56010 1
56020 1
56021 1
56074 1
56095 1
56099 1
56105 1
56111 1
56117 1
56141 1
56152 1
56154 1
56160 1
56167 1
56172 1
56187 1
56192 1
56193 1
56228 1
56234 1
56238 1
56245 1
56250 1
56264 1
56285 1
56308 1
56312 1
56316 1
56330 1
56340 1
56349 1
56351 1
56354 1
56356 1
56367 1
56374 1
56393 1
56414 1
56437 1
56441 1
56446 1
56451 1
56463 1
56472 1
56475 1
56481 1
56486 1
56487 1
56492 1
56500 1
56506 1
56514 1
56546 1
56548 1
56550 1
56570 1
56591 1
56597 1
56601 1
56620 1
56623 1
56641 1
56651 1
56652 1
56657 1
56663 1
56665 1
56667 1
56669 1
56691 1
56707 1
56709 1
56719 1
56734 1
56735 1
56737 1
56767 1
56786 1
56823 1
56829 1
56832 1
56846 1
56859 1
56861 1
56883 1
56894 1
56912 1
56931 1
56932 1
56936 1
56947 1
56963 1
56992 1
57001 1
57004 1
57006 1
57023 1
57026 1
57035 1
57046 1
57054 1
57056 1
57060 1
57067 1
57070 1
57078 1
57087 1
57088 1
57107 1
57126 1
57134 1
57141 1
57143 1
57156 1
57162 1
57191 1
57200 1
57211 1
57221 1
57239 1
57272 1
57282 1
57286 1
57288 1
57304 1
57309 1
57310 1
57319 1
57321 1
57335 1
57343 1
57361 1
57371 1
57379 1
57380 1
57414 1
57425 1
57432 1
57435 1
57447 1
57455 1
57475 1
57483 1
57494 1
57517 1
57533 1
57565 1
57569 1
57581 1
57583 1
57620 1
57623 1
57627 1
57636 1
57638 1
57654 1
57656 1
57674 1
57676 1
57680 1
57686 1
57687 1
57710 1
57718 1
57721 1
57740 1
57764 1
57779 1
57783 1
57785 1
57813 1
57840 1
57852 1
57853 1
57855 1
57858 1
57860 1
57862 1
57877 1
57881 1
57882 1
57883 1
57891 1
57896 1
57906 1
57910 1
57915 1
57916 1
57920 1
57928 1
57941 1
57951 1
57964 1
57984 1
58014 1
58024 1
58025 1
58026 1
58028 1
58034 1
58040 1
58048 1
58057 1
58059 1
58065 1
58074 1
58106 1
58112 1
58115 1
58136 1
58137 1
58138 1
58140 1
58159 1
58162 1
58170 1
58174 1
58186 1
58189 1
58215 1
58233 1
58239 1
58253 1
58265 1
58323 1
58328 1
58351 1
58355 1
58358 1
58367 1
58377 1
58381 1
58386 1
58418 1
58429 1
58437 1
58446 1
58458 1
58492 1
58496 1
58500 1
58509 1
58519 1
58530 1
58533 1
58553 1
58581 1
58606 1
58610 1
58646 1
58650 1
58662 1
58666 1
58671 1
58673 1
58682 1
58683 1
58692 1
58695 1
58697 1
58698 1
58709 1
58775 1
58795 1
58796 1
58810 1
58823 1
58839 1
58844 1
58848 1
58859 1
58893 1
58896 1
58903 1
58904 1
58914 1
58915 1
58920 1
58928 1
58956 1
58962 1
58991 1
59023 1
59028 1
59035 1
59050 1
59051 1
59059 1
59065 1
59071 1
59075 1
59082 1
59094 1
59109 1
59133 1
59149 1
59150 1
59154 1
59158 1
59174 1
59186 1
59197 1
59205 1
59221 1
59227 1
59229 1
59232 1
59233 1
59239 1
59241 1
59244 1
59300 1
59304 1
59305 1
59318 1
59332 1
59333 1
59344 1
59347 1
59371 1
59376 1
59384 1
59396 1
59417 1
59427 1
59428 1
59444 1
59446 1
59450 1
59458 1
59459 1
59488 1
59496 1
59541 1
59543 1
59549 1
59558 1
59577 1
59590 1
59593 1
59604 1
59621 1
59622 1
59626 1
59627 1
59634 1
59645 1
59649 1
59658 1
59670 1
59676 1
59687 1
59693 1
59696 1
59700 1
59710 1
59728 1
59732 1
59745 1
59748 1
59751 1
59753 1
59758 1
59774 1
59792 1
59795 1
59799 1
59803 1
59808 1
59832 1
59840 1
59865 1
59869 1
59870 1
59871 1
59885 1
59892 1
59900 1
59914 1
59922 1
59932 1
59954 1
59973 1
59979 1
59986 1
59990 1
59996 1
59998 1
60001 1
60002 1
60029 1
60054 1
60062 1
60065 1
60075 1
60080 1
60084 1
60090 1
60101 1
60107 1
60108 1
60119 1
60130 1
60131 1
60135 1
60148 1
60151 1
60168 1
60169 1
60180 1
60204 1
60207 1
60219 1
60227 1
60228 1
60237 1
60242 1
60256 1
60258 1
60264 1
60274 1
60277 1
60305 1
60307 1
60353 1
60354 1
60361 1
60388 1
60412 1
60432 1
60437 1
60440 1
60474 1
60478 1
60479 1
60490 1
60507 1
60512 1
60522 1
60523 1
60556 1
60560 1
60565 1
60566 1
60592 1
60599 1
60608 1
60609 1
60618 1
60645 1
60655 1
60662 1
60668 1
60682 1
60687 1
60688 1
60695 1
60706 1
60717 1
60719 1
60722 1
60731 1
60735 1
60740 1
60741 1
60742 1
60752 1
60763 1
60770 1
60786 1
60787 1
60794 1
60804 1
60806 1
60815 1
60818 1
60819 1
60821 1
60829 1
60841 1
60844 1
60871 1
60886 1
60887 1
60893 1
60897 1
60906 1
60921 1
60958 1
60963 1
60966 1
60969 1
60977 1
60980 1
61019 1
61020 1
61024 1
61033 1
61037 1
61043 1
61044 1
61050 1
61055 1
61063 1
61074 1
61085 1
61096 1
61097 1
61120 1
61123 1
61127 1
61128 1
61131 1
61174 1
61196 1
61204 1
61227 1
61247 1
61260 1
61280 1
61284 1
61309 1
61316 1
61336 1
61343 1
61361 1
61371 1
61373 1
61382 1
61386 1
61401 1
61406 1
61409 1
61421 1
61423 1
61436 1
61440 1
61444 1
61446 1
61448 1
61457 1
61470 1
61483 1
61487 1
61488 1
61531 1
61533 1
61537 1
61549 1
61552 1
61556 1
61557 1
61570 1
61579 1
61590 1
61591 1
61603 1
61617 1
61623 1
61624 1
61625 1
61628 1
61631 1
61641 1
61648 1
61653 1
61655 1
61658 1
61701 1
61708 1
61718 1
61734 1
61769 1
61778 1
61781 1
61796 1
61797 1
61798 1
61820 1
61821 1
61822 1
61838 1
61846 1
61877 1
61880 1
61885 1
61887 1
61890 1
61896 1
61903 1
61922 1
61923 1
61925 1
61929 1
61936 1
61968 1
61971 1
61978 1
62005 1
62010 1
62035 1
62060 1
62063 1
62068 1
62072 1
62074 1
62078 1
62085 1
62100 1
62116 1
62117 1
62124 1
62133 1
62137 1
62145 1
62147 1
62149 1
62165 1
62177 1
62192 1
62213 1
62220 1
62229 1
62236 1
62237 1
62244 1
62246 1
62251 1
62261 1
62269 1
62271 1
62273 1
62275 1
62280 1
62281 1
62290 1
62323 1
62325 1
62327 1
62331 1
62336 1
62340 1
62358 1
62366 1
62367 1
62393 1
62398 1
62456 1
62467 1
62474 1
62480 1
62487 1
62495 1
62500 1
62517 1
62522 1
62524 1
62527 1
62528 1
62534 1
62536 1
62541 1
62550 1
62554 1
62565 1
62572 1
62590 1
62599 1
62614 1
62616 1
62622 1
62635 1
62639 1
62646 1
62666 1
62672 1
62698 1
62699 1
62713 1
62722 1
62729 1
62743 1
62744 1
62748 1
62752 1
62757 1
62764 1
62775 1
62782 1
62795 1
62803 1
62813 1
62834 1
62839 1
62840 1
62854 1
62873 1
62878 1
62896 1
62906 1
62955 1
62957 1
62958 1
62967 1
62985 1
62986 1
62998 1
63040 1
63045 1
63057 1
63067 1
63082 1
63085 1
63093 1
63094 1
63108 1
63115 1
63123 1
63127 1
63150 1
63164 1
63167 1
63186 1
63197 1
63210 1
63215 1
63221 1
63230 1
63259 1
63270 1
63277 1
63286 1
63298 1
63300 1
63313 1
63325 1
63376 1
63377 1
63384 1
63395 1
63397 1
63409 1
63420 1
63425 1
63434 1
63437 1
63442 1
63445 1
63452 1
63462 1
63466 1
63470 1
63473 1
63485 1
63503 1
63509 1
63512 1
63532 1
63538 1
63542 1
63549 1
63563 1
63584 1
63600 1
63605 1
63616 1
63643 1
63648 1
63661 1
63682 1
63683 1
63721 1
63723 1
63726 1
63741 1
63748 1
63750 1
63752 1
63753 1
63757 1
63777 1
63778 1
63799 1
63806 1
63807 1
63810 1
63818 1
63825 1
63838 1
63853 1
63855 1
63899 1
63900 1
63907 1
63919 1
63921 1
63922 1
63933 1
63937 1
63944 1
63947 1
63950 1
63956 1
63965 1
63969 1
63981 1
63998 1
64004 1
64021 1
64023 1
64033 1
64035 1
64047 1
64060 1
64072 1
64105 1
64107 1
64115 1
64128 1
64137 1
64142 1
64160 1
64178 1
64181 1
64182 1
64187 1
64200 1
64207 1
64209 1
64213 1
64221 1
64232 1
64252 1
64257 1
64263 1
64273 1
64284 1
64289 1
64291 1
64296 1
64329 1
64351 1
64355 1
64357 1
64389 1
64393 1
64413 1
64422 1
64442 1
64453 1
64456 1
64459 1
64473 1
64475 1
64482 1
64485 1
64495 1
64498 1
64502 1
64519 1
64521 1
64524 1
64526 1
64536 1
64564 1
64567 1
64572 1
64573 1
64576 1
64593 1
64598 1
64626 1
64632 1
64642 1
64660 1
64696 1
64733 1
64745 1
64770 1
64776 1
64807 1
64826 1
64833 1
64837 1
64839 1
64843 1
64845 1
64898 1
64907 1
64917 1
64946 1
64958 1
64988 1
64992 1
64996 1
65000 1
65002 1
65003 1
65016 1
65022 1
65033 1
65036 1
65040 1
65052 1
65069 1
65082 1
65125 1
65132 1
65139 1
65148 1
65152 1
65166 1
65167 1
65178 1
65190 1
65192 1
65196 1
65197 1
65203 1
65209 1
65223 1
65229 1
65234 1
65235 1
65239 1
65244 1
65248 1
65249 1
65260 1
65267 1
65268 1
65288 1
65337 1
65354 1
65357 1
65378 1
65395 1
65406 1
65408 1
65411 1
65434 1
65439 1
65451 1
65455 1
65462 1
65470 1
65473 1
65483 1
65498 1
65505 1
65514 1
65548 1
65567 1
65589 1
65593 1
65606 1
65622 1
65631 1
65641 1
65664 1
65684 1
65689 1
65711 1
65714 1
65715 1
65736 1
65745 1
65763 1
65774 1
65786 1
65787 1
65798 1
65800 1
65802 1
65807 1
65808 1
65814 1
65815 1
65830 1
65849 1
65850 1
65854 1
65868 1
65872 1
65881 1
65885 1
65887 1
65934 1
65937 1
65963 1
65964 1
65978 1
65983 1
65994 1
65997 1
66012 1
66015 1
66020 1
66039 1
66070 1
66074 1
66085 1
66100 1
66103 1
66104 1
66106 1
66114 1
66115 1
66122 1
66133 1
66139 1
66150 1
66153 1
66198 1
66202 1
66205 1
66208 1
66238 1
66244 1
66258 1
66263 1
66289 1
66296 1
66348 1
66350 1
66358 1
66360 1
66410 1
66427 1
66435 1
66446 1
66447 1
66456 1
66461 1
66471 1
66476 1
66484 1
66511 1
66513 1
66523 1
66532 1
66539 1
66549 1
66559 1
66560 1
66565 1
66569 1
66584 1
66586 1
66589 1
66592 1
66616 1
66626 1
66636 1
66663 1
66690 1
66724 1
66727 1
66729 1
66731 1
66736 1
66763 1
66769 1
66782 1
66790 1
66796 1
66804 1
66805 1
66809 1
66816 1
66855 1
66858 1
66860 1
66861 1
66864 1
66866 1
66900 1
66922 1
66928 1
66929 1
66932 1
66935 1
66936 1
66942 1
66965 1
66969 1
66989 1
66997 1
67012 1
67013 1
67015 1
67029 1
67032 1
67042 1
67055 1
67059 1
67060 1
67062 1
67068 1
67075 1
67080 1
67082 1
67086 1
67088 1
67103 1
67104 1
67106 1
67107 1
67116 1
67145 1
67160 1
67174 1
67177 1
67182 1
67183 1
67190 1
67191 1
67203 1
67211 1
67225 1
67231 1
67240 1
67241 1
67246 1
67284 1
67287 1
67294 1
67298 1
67299 1
67301 1
67304 1
67323 1
67332 1
67336 1
67338 1
67349 1
67360 1
67362 1
67368 1
67385 1
67401 1
67403 1
67412 1
67417 1
67422 1
67433 1
67438 1
67507 1
67515 1
67525 1
67528 1
67534 1
67540 1
67586 1
67590 1
67602 1
67607 1
67637 1
67644 1
67648 1
67655 1
67664 1
67672 1
67700 1
67704 1
67714 1
67722 1
67727 1
67730 1
67734 1
67740 1
67741 1
67754 1
67763 1
67765 1
67774 1
67780 1
67786 1
67787 1
67788 1
67805 1
67809 1
67816 1
67826 1
67831 1
67844 1
67852 1
67863 1
67866 1
67892 1
67900 1
67904 1
67905 1
67914 1
67943 1
67958 1
67972 1
67982 1
67983 1
67992 1
68010 1
68012 1
68018 1
68024 1
68028 1
68031 1
68041 1
68055 1
68065 1
68085 1
68089 1
68098 1
68124 1
68126 1
68127 1
68136 1
68141 1
68157 1
68174 1
68176 1
68177 1
68202 1
68209 1
68213 1
68225 1
68244 1
68247 1
68249 1
68262 1
68276 1
68288 1
68290 1
68299 1
68342 1
68373 1
68374 1
68380 1
68394 1
68434 1
68435 1
68445 1
68451 1
68463 1
68464 1
68484 1
68513 1
68535 1
68538 1
68548 1
68549 1
68558 1
68566 1
68568 1
68574 1
68582 1
68584 1
68611 1
68622 1
68623 1
68626 1
68672 1
68680 1
68694 1
68700 1
68702 1
68718 1
68721 1
68739 1
68744 1
68764 1
68767 1
68779 1
68785 1
68805 1
68835 1
68845 1
68861 1
68877 1
68898 1
68901 1
68913 1
68934 1
68950 1
68973 1
68987 1
68998 1
69014 1
69018 1
69027 1
69033 1
69037 1
69048 1
69050 1
69054 1
69055 1
69056 1
69066 1
69081 1
69084 1
69098 1
69103 1
69114 1
69129 1
69135 1
69141 1
69161 1
69169 1
69176 1
69184 1
69188 1
69194 1
69198 1
69202 1
69203 1
69219 1
69224 1
69228 1
69230 1
69237 1
69243 1
69244 1
69261 1
69274 1
69281 1
69289 1
69294 1
69304 1
69305 1
69310 1
69324 1
69329 1
69338 1
69339 1
69341 1
69343 1
69352 1
69365 1
69366 1
69377 1
69381 1
69410 1
69413 1
69432 1
69453 1
69461 1
69475 1
69477 1
69485 1
69503 1
69505 1
69510 1
69512 1
69517 1
69523 1
69529 1
69531 1
69549 1
69556 1
69562 1
69566 1
69567 1
69572 1
69584 1
69593 1
69599 1
69608 1
69609 1
69612 1
69616 1
69685 1
69721 1
69732 1
69737 1
69756 1
69763 1
69764 1
69768 1
69770 1
69781 1
69787 1
69791 1
69802 1
69805 1
69818 1
69822 1
69828 1
69832 1
69838 1
69842 1
69843 1
69848 1
69853 1
69858 1
69859 1
69860 1
69866 1
69871 1
69887 1
69896 1
69901 1
69903 1
69913 1
69919 1
69920 1
69931 1
69936 1
69954 1
69962 1
69963 1
69965 1
69967 1
69977 1
70010 1
70011 1
70015 1
70029 1
70031 1
70055 1
70056 1
70068 1
70088 1
70093 1
70106 1
70113 1
70125 1
70127 1
70146 1
70161 1
70203 1
70215 1
70216 1
70222 1
70226 1
70235 1
70236 1
70241 1
70261 1
70262 1
70266 1
70297 1
70299 1
70309 1
70314 1
70322 1
70326 1
70354 1
70360 1
70369 1
70378 1
70391 1
70397 1
70431 1
70435 1
70437 1
70457 1
70459 1
70460 1
70461 1
70464 1
70470 1
70486 1
70499 1
70514 1
70531 1
70539 1
70549 1
70571 1
70582 1
70587 1
70591 1
70597 1
70603 1
70609 1
70614 1
70632 1
70634 1
70653 1
70654 1
70659 1
70664 1
70691 1
70694 1
70696 1
70700 1
70701 1
70713 1
70723 1
70740 1
70744 1
70752 1
70765 1
70784 1
70787 1
70789 1
70799 1
70801 1
70817 1
70824 1
70842 1
70846 1
70853 1
70877 1
70882 1
70891 1
70909 1
70910 1
70918 1
70923 1
70932 1
70934 1
70937 1
70945 1
70948 1
70955 1
70959 1
70994 1
71010 1
71014 1
71040 1
71055 1
71076 1
71096 1
71097 1
71130 1
71132 1
71135 1
71136 1
71147 1
71160 1
71171 1
71200 1
71215 1
71224 1
71244 1
71261 1
71264 1
71266 1
71274 1
71281 1
71302 1
71327 1
71349 1
71351 1
71372 1
71378 1
71379 1
71387 1
71389 1
71411 1
71424 1
71427 1
71430 1
71443 1
71454 1
71461 1
71478 1
71480 1
71483 1
71484 1
71485 1
71489 1
71491 1
71520 1
71526 1
71530 1
71531 1
71540 1
71553 1
71556 1
71559 1
71588 1
71589 1
71594 1
71599 1
71608 1
71624 1
71664 1
71680 1
71692 1
71695 1
71696 1
71699 1
71712 1
71714 1
71718 1
71731 1
71735 1
71758 1
71759 1
71762 1
71777 1
71782 1
71784 1
71787 1
71813 1
71815 1
71821 1
71836 1
71850 1
71865 1
71881 1
71882 1
71915 1
71921 1
71927 1
71943 1
71951 1
71953 1
71954 1
71979 1
71981 1
71999 1
72000 1
72002 1
72008 1
72009 1
72010 1
72014 1
72024 1
72038 1
72044 1
72049 1
72051 1
72058 1
72100 1
72106 1
72107 1
72108 1
72119 1
72125 1
72129 1
72137 1
72143 1
72155 1
72164 1
72180 1
72182 1
72195 1
72196 1
72199 1
72200 1
72203 1
72218 1
72226 1
72230 1
72254 1
72278 1
72332 1
72341 1
72342 1
72343 1
72348 1
72358 1
72361 1
72372 1
72377 1
72382 1
72386 1
72455 1
72467 1
72477 1
72499 1
72502 1
72509 1
72521 1
72524 1
72533 1
72538 1
72543 1
72563 1
72569 1
72617 1
72623 1
72625 1
72632 1
72651 1
72660 1
72673 1
72689 1
72698 1
72709 1
72712 1
72719 1
72733 1
72737 1
72764 1
72769 1
72771 1
72789 1
72807 1
72816 1
72819 1
72867 1
72878 1
72883 1
72902 1
72922 1
72938 1
72941 1
72951 1
72956 1
72957 1
73026 1
73029 1
73031 1
73043 1
73048 1
73058 1
73061 1
73070 1
73088 1
73093 1
73097 1
73100 1
73124 1
73126 1
73138 1
73141 1
73203 1
73207 1
73231 1
73232 1
73238 1
73244 1
73247 1
73249 1
73255 1
73284 1
73294 1
73299 1
73313 1
73316 1
73318 1
73321 1
73336 1
73353 1
73356 1
73362 1
73363 1
73377 1
73430 1
73435 1
73440 1
73454 1
73455 1
73464 1
73466 1
73492 1
73494 1
73498 1
73510 1
73527 1
73554 1
73555 1
73561 1
73564 1
73581 1
73589 1
73593 1
73619 1
73622 1
73625 1
73638 1
73662 1
73676 1
73686 1
73687 1
73694 1
73699 1
73714 1
73725 1
73728 1
73732 1
73744 1
73745 1
73756 1
73763 1
73764 1
73767 1
73768 1
73789 1
73799 1
73816 1
73818 1
73827 1
73842 1
73850 1
73864 1
73880 1
73883 1
73906 1
73920 1
73926 1
73939 1
73943 1
73956 1
73976 1
73981 1
73987 1
73992 1
73995 1
73998 1
74004 1
74008 1
74009 1
74020 1
74039 1
74044 1
74048 1
74095 1
74103 1
74109 1
74125 1
74148 1
74154 1
74160 1
74173 1
74183 1
74184 1
74190 1
74214 1
74251 1
74258 1
74262 1
74265 1
74271 1
74281 1
74288 1
74291 1
74295 1
74307 1
74310 1
74330 1
74341 1
74357 1
74368 1
74378 1
74389 1
74396 1
74398 1
74400 1
74404 1
74448 1
74458 1
74468 1
74469 1
74476 1
74491 1
74502 1
74519 1
74532 1
74535 1
74540 1
74558 1
74567 1
74580 1
74583 1
74597 1
74598 1
74602 1
74603 1
74617 1
74624 1
74626 1
74634 1
74637 1
74639 1
74650 1
74652 1
74672 1
74677 1
74686 1
74691 1
74716 1
74720 1
74743 1
74744 1
74748 1
74756 1
74772 1
74775 1
74788 1
74798 1
74804 1
74815 1
74818 1
74823 1
74839 1
74846 1
74847 1
74860 1
74866 1
74896 1
74900 1
74928 1
74956 1
74957 1
74959 1
74968 1
74985 1
75001 1
75011 1
75012 1
75025 1
75045 1
75054 1
75056 1
75061 1
75063 1
75064 1
75068 1
75079 1
75084 1
75090 1
75097 1
75098 1
75113 1
75114 1
75115 1
75117 1
75125 1
75132 1
75144 1
75153 1
75169 1
75171 1
75179 1
75189 1
75195 1
75201 1
75203 1
75206 1
75207 1
75209 1
75231 1
75234 1
75256 1
75257 1
75258 1
75262 1
75265 1
75266 1
75267 1
75272 1
75274 1
75278 1
75282 1
75285 1
75310 1
75317 1
75318 1
75325 1
75328 1
75329 1
75354 1
75362 1
75382 1
75387 1
75390 1
75391 1
75397 1
75404 1
75406 1
75421 1
75475 1
75477 1
75480 1
75483 1
75488 1
75489 1
75494 1
75503 1
75531 1
75538 1
75541 1
75559 1
75570 1
75584 1
75587 1
75609 1
75622 1
75643 1
75648 1
75650 1
75651 1
75657 1
75668 1
75681 1
75694 1
75720 1
75724 1
75726 1
75732 1
75740 1
75747 1
75757 1
75765 1
75779 1
75781 1
75785 1
75790 1
75808 1
75831 1
75833 1
75837 1
75839 1
75845 1
75850 1
75859 1
75874 1
75886 1
75892 1
75904 1
75906 1
75907 1
75908 1
75913 1
75917 1
75919 1
75941 1
75956 1
75977 1
75981 1
75983 1
75985 1
75992 1
75993 1
76002 1
76066 1
76083 1
76089 1
76097 1
76103 1
76111 1
76128 1
76134 1
76142 1
76160 1
76167 1
76213 1
76219 1
76244 1
76318 1
76327 1
76347 1
76365 1
76378 1
76382 1
76384 1
76392 1
76409 1
76411 1
76414 1
76422 1
76430 1
76446 1
76461 1
76463 1
76467 1
76469 1
76488 1
76490 1
76515 1
76523 1
76528 1
76532 1
76535 1
76544 1
76550 1
76553 1
76556 1
76558 1
76561 1
76584 1
76596 1
76606 1
76638 1
76639 1
76681 1
76682 1
76683 1
76687 1
76697 1
76708 1
76738 1
76742 1
76755 1
76772 1
76773 1
76784 1
76805 1
76813 1
76820 1
76826 1
76860 1
76866 1
76880 1
76889 1
76917 1
76941 1
76944 1
76948 1
76956 1
76970 1
76979 1
76984 1
76991 1
77000 1
77012 1
77022 1
77034 1
77044 1
77090 1
77097 1
77121 1
77132 1
77181 1
77186 1
77187 1
77188 1
77189 1
77202 1
77205 1
77214 1
77227 1
77256 1
77262 1
77281 1
77288 1
77296 1
77311 1
77317 1
77338 1
77341 1
77346 1
77348 1
77358 1
77362 1
77364 1
77375 1
77388 1
77392 1
77400 1
77407 1
77412 1
77414 1
77415 1
77435 1
77436 1
77440 1
77447 1
77460 1
77475 1
77477 1
77480 1
77503 1
77505 1
77507 1
77539 1
77548 1
77554 1
77556 1
77570 1
77581 1
77584 1
77593 1
77600 1
77612 1
77646 1
77647 1
77653 1
77666 1
77698 1
77711 1
77727 1
77744 1
77746 1
77749 1
77750 1
77753 1
77762 1
77772 1
77778 1
77782 1
77797 1
77807 1
77816 1
77819 1
77836 1
77837 1
77840 1
77858 1
77870 1
77871 1
77905 1
77915 1
77921 1
77964 1
77977 1
77980 1
78001 1
78015 1
78066 1
78069 1
78076 1
78080 1
78091 1
78116 1
78117 1
78118 1
78146 1
78169 1
78173 1
78177 1
78193 1
78203 1
78217 1
78219 1
78232 1
78246 1
78263 1
78274 1
78281 1
78289 1
78310 1
78342 1
78355 1
78359 1
78378 1
78379 1
78382 1
78390 1
78425 1
78440 1
78443 1
78467 1
78473 1
78481 1
78484 1
78498 1
78516 1
78518 1
78525 1
78534 1
78536 1
78555 1
78560 1
78567 1
78571 1
78584 1
78585 1
78602 1
78607 1
78609 1
78614 1
78625 1
78648 1
78656 1
78658 1
78659 1
78675 1
78676 1
78678 1
78680 1
78681 1
78687 1
78701 1
78711 1
78713 1
78714 1
78722 1
78729 1
78750 1
78752 1
78769 1
78794 1
78800 1
78801 1
78807 1
78808 1
78810 1
78821 1
78824 1
78835 1
78842 1
78849 1
78869 1
78871 1
78882 1
78883 1
78892 1
78920 1
78923 1
78950 1
78961 1
78965 1
78977 1
78997 1
78999 1
79019 1
79039 1
79049 1
79057 1
79058 1
79063 1
79069 1
79085 1
79091 1
79113 1
79140 1
79154 1
79175 1
79190 1
79196 1
79200 1
79201 1
79210 1
79243 1
79244 1
79246 1
79260 1
79264 1
79268 1
79273 1
79277 1
79298 1
79301 1
79318 1
79328 1
79331 1
79380 1
79404 1
79441 1
79445 1
79451 1
79459 1
79470 1
79482 1
79489 1
79494 1
79510 1
79513 1
79521 1
79530 1
79544 1
79552 1
79564 1
79571 1
79572 1
79581 1
79594 1
79599 1
79605 1
79607 1
79610 1
79618 1
79628 1
79638 1
79648 1
79659 1
79660 1
79662 1
79666 1
79694 1
79707 1
79715 1
79721 1
79734 1
79742 1
79757 1
79761 1
79767 1
79777 1
79786 1
79791 1
79798 1
79834 1
79837 1
79841 1
79850 1
79855 1
79872 1
79878 1
79891 1
79917 1
79926 1
79932 1
79944 1
79949 1
79956 1
79957 1
79968 1
79973 1
79980 1
79993 1
80010 1
80015 1
80016 1
80028 1
80073 1
80074 1
80090 1
80096 1
80108 1
80109 1
80110 1
80115 1
80134 1
80136 1
80149 1
80171 1
80181 1
80194 1
80200 1
80219 1
80224 1
80244 1
80252 1
80255 1
80266 1
80274 1
80283 1
80309 1
80311 1
80319 1
80327 1
80335 1
80337 1
80341 1
80353 1
80354 1
80370 1
80371 1
80388 1
80392 1
80404 1
80409 1
80422 1
80441 1
80458 1
80467 1
80474 1
80480 1
80502 1
80506 1
80529 1
80532 1
80541 1
80542 1
80548 1
80568 1
80569 1
80577 1
80578 1
80598 1
80602 1
80603 1
80617 1
80646 1
80658 1
80671 1
80673 1
80688 1
80693 1
80696 1
80699 1
80725 1
80737 1
80745 1
80753 1
80756 1
80758 1
80767 1
80771 1
80779 1
80798 1
80810 1
80812 1
80823 1
80832 1
80840 1
80853 1
80858 1
80863 1
80868 1
80875 1
80898 1
80904 1
80909 1
80923 1
80934 1
80947 1
80966 1
80972 1
80979 1
80987 1
80990 1
80993 1
81008 1
81013 1
81029 1
81034 1
81041 1
81049 1
81057 1
81058 1
81060 1
81075 1
81100 1
81126 1
81132 1
81145 1
81152 1
81159 1
81165 1
81171 1
81180 1
81221 1
81226 1
81237 1
81239 1
81242 1
81246 1
81273 1
81274 1
81276 1
81281 1
81283 1
81303 1
81306 1
81328 1
81329 1
81332 1
81346 1
81366 1
81385 1
81407 1
81411 1
81414 1
81424 1
81428 1
81432 1
81447 1
81474 1
81484 1
81500 1
81502 1
81511 1
81543 1
81550 1
81555 1
81571 1
81579 1
81586 1
81639 1
81640 1
81654 1
81664 1
81678 1
81716 1
81729 1
81751 1
81752 1
81754 1
81789 1
81790 1
81792 1
81808 1
81809 1
81810 1
81817 1
81824 1
81852 1
81869 1
81874 1
81877 1
81892 1
81917 1
81921 1
81926 1
81938 1
81949 1
81951 1
81956 1
81980 1
81994 1
82034 1
82061 1
82076 1
82096 1
82100 1
82103 1
82108 1
82113 1
82121 1
82137 1
82139 1
82156 1
82185 1
82203 1
82244 1
82253 1
82285 1
82288 1
82316 1
82319 1
82343 1
82345 1
82346 1
82377 1
82387 1
82394 1
82397 1
82403 1
82408 1
82421 1
82423 1
82427 1
82442 1
82474 1
82477 1
82478 1
82481 1
82519 1
82544 1
82548 1
82551 1
82555 1
82558 1
82560 1
82564 1
82565 1
82579 1
82582 1
82587 1
82597 1
82600 1
82602 1
82617 1
82619 1
82637 1
82640 1
82649 1
82654 1
82659 1
82660 1
82661 1
82677 1
82683 1
82684 1
82688 1
82694 1
82704 1
82716 1
82721 1
82723 1
82768 1
82771 1
82772 1
82788 1
82801 1
82803 1
82806 1
82821 1
82822 1
82828 1
82839 1
82845 1
82864 1
82873 1
82883 1
82888 1
82919 1
82925 1
82926 1
82928 1
82944 1
82947 1
82953 1
82961 1
82968 1
82987 1
83024 1
83039 1
83054 1
83057 1
83061 1
83075 1
83127 1
83131 1
83147 1
83151 1
83170 1
83194 1
83212 1
83235 1
83256 1
83260 1
83275 1
83283 1
83289 1
83292 1
83296 1
83303 1
83316 1
83329 1
83348 1
83362 1
83371 1
83382 1
83405 1
83422 1
83442 1
83448 1
83450 1
83452 1
83461 1
83463 1
83464 1
83471 1
83491 1
83503 1
83504 1
83514 1
83516 1
83537 1
83544 1
83552 1
83557 1
83570 1
83571 1
83581 1
83592 1
83598 1
83604 1
83619 1
83642 1
83646 1
83655 1
83672 1
83693 1
83706 1
83717 1
83744 1
83760 1
83766 1
83779 1
83783 1
83785 1
83794 1
83821 1
83826 1
83829 1
83842 1
83853 1
83860 1
83864 1
83870 1
83882 1
83883 1
83886 1
83900 1
83906 1
83907 1
83910 1
83911 1
83912 1
83927 1
83939 1
83987 1
83988 1
84006 1
84014 1
84025 1
84026 1
84033 1
84090 1
84130 1
84151 1
84155 1
84159 1
84173 1
84182 1
84188 1
84190 1
84200 1
84201 1
84206 1
84209 1
84218 1
84232 1
84236 1
84248 1
84255 1
84268 1
84283 1
84342 1
84347 1
84350 1
84354 1
84356 1
84364 1
84366 1
84372 1
84378 1
84390 1
84393 1
84407 1
84415 1
84422 1
84440 1
84448 1
84457 1
84460 1
84476 1
84477 1
84498 1
84499 1
84516 1
84532 1
84548 1
84549 1
84561 1
84567 1
84574 1
84581 1
84596 1
84598 1
84603 1
84612 1
84616 1
84621 1
84624 1
84637 1
84642 1
84646 1
84658 1
84660 1
84672 1
84676 1
84697 1
84702 1
84706 1
84723 1
84729 1
84782 1
84811 1
84839 1
84842 1
84854 1
84863 1
84872 1
84882 1
84885 1
84890 1
84894 1
84899 1
84944 1
84982 1
84990 1
84993 1
84996 1
85002 1
85003 1
85010 1
85014 1
85016 1
85018 1
85021 1
85026 1
85028 1
85032 1
85047 1
85050 1
85062 1
85067 1
85071 1
85075 1
85084 1
85106 1
85127 1
85131 1
85133 1
85140 1
85144 1
85145 1
85146 1
85152 1
85164 1
85188 1
85198 1
85199 1
85204 1
85210 1
85226 1
85227 1
85231 1
85240 1
85253 1
85261 1
85264 1
85281 1
85283 1
85307 1
85309 1
85324 1
85329 1
85340 1
85351 1
85352 1
85355 1
85367 1
85374 1
85378 1
85405 1
85410 1
85413 1
85432 1
85450 1
85463 1
85469 1
85471 1
85475 1
85481 1
85484 1
85486 1
85490 1
85512 1
85513 1
85517 1
85529 1
85531 1
85541 1
85562 1
85573 1
85587 1
85606 1
85629 1
85639 1
85644 1
85651 1
85662 1
85673 1
85683 1
85702 1
85710 1
85725 1
85758 1
85767 1
85770 1
85772 1
85780 1
85786 1
85790 1
85791 1
85793 1
85794 1
85808 1
85815 1
85826 1
85832 1
85839 1
85849 1
85886 1
85914 1
85916 1
85926 1
85930 1
85943 1
85952 1
85967 1
85977 1
85979 1
85981 1
85989 1
86012 1
86015 1
86035 1
86043 1
86049 1
86069 1
86070 1
86072 1
86078 1
86080 1
86087 1
86098 1
86100 1
86107 1
86114 1
86123 1
86149 1
86152 1
86173 1
86180 1
86193 1
86196 1
86201 1
86221 1
86228 1
86238 1
86243 1
86255 1
86261 1
86264 1
86283 1
86285 1
86303 1
86306 1
86323 1
86327 1
86335 1
86343 1
86344 1
86358 1
86361 1
86387 1
86395 1
86422 1
86430 1
86433 1
86439 1
86450 1
86453 1
86461 1
86462 1
86472 1
86473 1
86491 1
86495 1
86507 1
86541 1
86545 1
86548 1
86555 1
86578 1
86593 1
86606 1
86610 1
86611 1
86618 1
86620 1
86623 1
86635 1
86643 1
86647 1
86678 1
86692 1
86699 1
86708 1
86714 1
86719 1
86729 1
86730 1
86747 1
86750 1
86762 1
86769 1
86790 1
86814 1
86842 1
86851 1
86867 1
86878 1
86883 1
86913 1
86952 1
86979 1
86987 1
86993 1
87007 1
87018 1
87024 1
87038 1
87039 1
87041 1
87046 1
87059 1
87068 1
87083 1
87089 1
87093 1
87095 1
87096 1
87097 1
87099 1
87101 1
87115 1
87121 1
87123 1
87135 1
87137 1
87157 1
87159 1
87200 1
87208 1
87217 1
87225 1
87228 1
87253 1
87256 1
87264 1
87269 1
87291 1
87294 1
87308 1
87326 1
87328 1
87333 1
87339 1
87353 1
87391 1
87422 1
87428 1
87446 1
87458 1
87478 1
87484 1
87494 1
87499 1
87503 1
87527 1
87530 1
87532 1
87537 1
87581 1
87582 1
87592 1
87594 1
87602 1
87612 1
87618 1
87620 1
87638 1
87641 1
87653 1
87656 1
87658 1
87660 1
87678 1
87688 1
87690 1
87692 1
87696 1
87698 1
87709 1
87716 1
87717 1
87720 1
87723 1
87742 1
87753 1
87756 1
87762 1
87776 1
87783 1
87786 1
87790 1
87792 1
87802 1
87813 1
87823 1
87824 1
87840 1
87843 1
87858 1
87860 1
87865 1
87876 1
87878 1
87883 1
87888 1
87889 1
87893 1
87899 1
87900 1
87921 1
87922 1
87928 1
87933 1
87941 1
87960 1
87963 1
87988 1
87991 1
87994 1
88001 1
88005 1
88010 1
88015 1
88026 1
88051 1
88058 1
88061 1
88062 1
88080 1
88105 1
88111 1
88115 1
88131 1
88161 1
88162 1
88179 1
88182 1
88192 1
88210 1
88222 1
88235 1
88243 1
88251 1
88269 1
88295 1
88313 1
88335 1
88342 1
88352 1
88358 1
88364 1
88380 1
88390 1
88396 1
88398 1
88425 1
88430 1
88443 1
88451 1
88456 1
88457 1
88459 1
88470 1
88492 1
88496 1
88497 1
88503 1
88517 1
88522 1
88542 1
88543 1
88583 1
88589 1
88597 1
88603 1
88610 1
88614 1
88617 1
88625 1
88626 1
88627 1
88632 1
88633 1
88639 1
88660 1
88687 1
88695 1
88696 1
88697 1
88699 1
88700 1
88712 1
88729 1
88737 1
88742 1
88753 1
88777 1
88781 1
88787 1
88790 1
88793 1
88808 1
88811 1
88838 1
88846 1
88887 1
88889 1
88897 1
88903 1
88931 1
88932 1
88948 1
88962 1
88974 1
88979 1
89014 1
89041 1
89045 1
89061 1
89066 1
89069 1
89093 1
89094 1
89117 1
89124 1
89130 1
89140 1
89141 1
89146 1
89150 1
89161 1
89163 1
89166 1
89177 1
89195 1
89210 1
89212 1
89217 1
89233 1
89238 1
89241 1
89260 1
89268 1
89272 1
89278 1
89282 1
89283 1
89293 1
89297 1
89308 1
89312 1
89313 1
89314 1
89315 1
89330 1
89347 1
89371 1
89377 1
89378 1
89383 1
89388 1
89391 1
89397 1
89405 1
89411 1
89422 1
89423 1
89424 1
89425 1
89453 1
89457 1
89464 1
89504 1
89515 1
89572 1
89598 1
89599 1
89604 1
89607 1
89627 1
89631 1
89641 1
89651 1
89662 1
89666 1
89667 1
89686 1
89702 1
89705 1
89706 1
89716 1
89724 1
89773 1
89777 1
89785 1
89788 1
89802 1
89805 1
89817 1
89819 1
89820 1
89824 1
89826 1
89839 1
89840 1
89844 1
89850 1
89856 1
89884 1
89885 1
89896 1
89899 1
89926 1
89946 1
89952 1
89955 1
89957 1
89962 1
89977 1
89990 1
89996 1
90004 1
90021 1
90026 1
90027 1
90054 1
90060 1
90061 1
90065 1
90066 1
90070 1
90082 1
90094 1
90096 1
90112 1
90128 1
90132 1
90135 1
90142 1
90153 1
90175 1
90188 1
90191 1
90199 1
90204 1
90215 1
90222 1
90225 1
90229 1
90230 1
90244 1
90267 1
90277 1
90318 1
90325 1
90328 1
90332 1
90343 1
90344 1
90375 1
90386 1
90390 1
90394 1
90398 1
90409 1
90410 1
90430 1
90432 1
90435 1
90440 1
90441 1
90459 1
90462 1
90464 1
90471 1
90476 1
90484 1
90491 1
90511 1
90519 1
90520 1
90521 1
90524 1
90525 1
90537 1
90562 1
90565 1
90566 1
90588 1
90590 1
90595 1
90616 1
90618 1
90620 1
90622 1
90626 1
90630 1
90645 1
90666 1
90697 1
90709 1
90769 1
90775 1
90777 1
90778 1
90782 1
90783 1
90789 1
90791 1
90804 1
90816 1
90824 1
90825 1
90835 1
90842 1
90848 1
90861 1
90865 1
90871 1
90885 1
90917 1
90920 1
90933 1
90962 1
90974 1
90975 1
90989 1
90998 1
91043 1
91054 1
91078 1
91107 1
91112 1
91126 1
91136 1
91141 1
91149 1
91155 1
91164 1
91167 1
91174 1
91180 1
91198 1
91213 1
91222 1
91227 1
91229 1
91233 1
91234 1
91252 1
91254 1
91256 1
91258 1
91263 1
91264 1
91280 1
91288 1
91289 1
91300 1
91311 1
91318 1
91325 1
91326 1
91333 1
91338 1
91344 1
91354 1
91355 1
91357 1
91359 1
91361 1
91369 1
91372 1
91402 1
91410 1
91417 1
91433 1
91436 1
91461 1
91463 1
91468 1
91483 1
91485 1
91497 1
91535 1
91536 1
91538 1
91544 1
91545 1
91555 1
91562 1
91586 1
91606 1
91607 1
91608 1
91610 1
91617 1
91620 1
91622 1
91624 1
91631 1
91633 1
91643 1
91645 1
91655 1
91656 1
91657 1
91664 1
91671 1
91673 1
91698 1
91702 1
91710 1
91729 1
91733 1
91793 1
91808 1
91841 1
91850 1
91864 1
91868 1
91869 1
91872 1
91873 1
91880 1
91905 1
91931 1
91939 1
91971 1
91989 1
92045 1
92060 1
92077 1
92081 1
92093 1
92097 1
92099 1
92111 1
92116 1
92146 1
92152 1
92153 1
92157 1
92177 1
92189 1
92192 1
92200 1
92201 1
92210 1
92211 1
92212 1
92228 1
92259 1
92265 1
92285 1
92289 1
92298 1
92306 1
92320 1
92322 1
92335 1
92340 1
92413 1
92419 1
92439 1
92442 1
92456 1
92509 1
92513 1
92522 1
92525 1
92528 1
92535 1
92537 1
92544 1
92575 1
92577 1
92579 1
92582 1
92587 1
92591 1
92593 1
92598 1
92611 1
92616 1
92620 1
92631 1
92640 1
92660 1
92675 1
92680 1
92696 1
92703 1
92706 1
92714 1
92717 1
92726 1
92730 1
92733 1
92734 1
92735 1
92736 1
92745 1
92747 1
92760 1
92769 1
92781 1
92786 1
92796 1
92804 1
92811 1
92814 1
92835 1
92840 1
92853 1
92856 1
92857 1
92859 1
92864 1
92869 1
92885 1
92914 1
92915 1
92919 1
92925 1
92935 1
92939 1
92943 1
92955 1
92960 1
92966 1
92967 1
92980 1
92986 1
93007 1
93030 1
93035 1
93039 1
93041 1
93059 1
93066 1
93082 1
93096 1
93102 1
93126 1
93127 1
93133 1
93137 1
93185 1
93189 1
93200 1
93210 1
93223 1
93231 1
93232 1
93248 1
93262 1
93276 1
93281 1
93292 1
93319 1
93320 1
93322 1
93326 1
93334 1
93335 1
93356 1
93362 1
93369 1
93380 1
93384 1
93387 1
93388 1
93399 1
93416 1
93418 1
93425 1
93432 1
93441 1
93449 1
93451 1
93465 1
93493 1
93515 1
93516 1
93518 1
93519 1
93521 1
93532 1
93534 1
93549 1
93567 1
93568 1
93576 1
93578 1
93584 1
93618 1
93641 1
93649 1
93676 1
93677 1
93679 1
93698 1
93700 1
93733 1
93742 1
93745 1
93784 1
93824 1
93828 1
93830 1
93832 1
93833 1
93848 1
93849 1
93871 1
93884 1
93900 1
93907 1
93917 1
93927 1
93928 1
93938 1
93956 1
93958 1
93966 1
93978 1
93981 1
93993 1
93997 1
93998 1
94008 1
94010 1
94011 1
94018 1
94020 1
94025 1
94026 1
94033 1
94040 1
94043 1
94047 1
94055 1
94062 1
94070 1
94093 1
94095 1
94101 1
94118 1
94126 1
94135 1
94136 1
94146 1
94147 1
94166 1
94167 1
94170 1
94184 1
94210 1
94214 1
94217 1
94232 1
94234 1
94237 1
94247 1
94251 1
94272 1
94273 1
94290 1
94309 1
94310 1
94327 1
94331 1
94365 1
94385 1
94386 1
94391 1
94392 1
94404 1
94435 1
94468 1
94475 1
94476 1
94480 1
94488 1
94507 1
94512 1
94513 1
94514 1
94530 1
94541 1
94549 1
94558 1
94564 1
94581 1
94597 1
94598 1
94621 1
94624 1
94634 1
94644 1
94650 1
94655 1
94665 1
94674 1
94679 1
94696 1
94700 1
94716 1
94723 1
94735 1
94738 1
94747 1
94750 1
94759 1
94760 1
94768 1
94772 1
94782 1
94785 1
94796 1
94812 1
94818 1
94831 1
94847 1
94849 1
94884 1
94885 1
94894 1
94906 1
94923 1
94926 1
94943 1
94959 1
94969 1
94972 1
94975 1
94989 1
95004 1
95041 1
95046 1
95056 1
95064 1
95068 1
95070 1
95103 1
95108 1
95137 1
95139 1
95145 1
95151 1
95163 1
95196 1
95199 1
95209 1
95210 1
95228 1
95238 1
95257 1
95258 1
95286 1
95287 1
95293 1
95299 1
95312 1
95332 1
95339 1
95358 1
95389 1
95394 1
95403 1
95407 1
95428 1
95431 1
95434 1
95440 1
95448 1
95474 1
95479 1
95480 1
95502 1
95504 1
95508 1
95511 1
95520 1
95527 1
95541 1
95566 1
95567 1
95574 1
95579 1
95588 1
95594 1
95598 1
95617 1
95620 1
95621 1
95626 1
95633 1
95638 1
95640 1
95647 1
95648 1
95655 1
95661 1
95681 1
95688 1
95689 1
95694 1
95697 1
95704 1
95709 1
95716 1
95748 1
95756 1
95774 1
95780 1
95781 1
95786 1
95797 1
95819 1
95833 1
95837 1
95854 1
95863 1
95887 1
95903 1
95918 1
95932 1
95939 1
95948 1
95955 1
95970 1
95972 1
95990 1
96010 1
96012 1
96023 1
96029 1
96033 1
96035 1
96036 1
96039 1
96045 1
96055 1
96057 1
96061 1
96067 1
96068 1
96072 1
96073 1
96076 1
96093 1
96130 1
96144 1
96149 1
96167 1
96171 1
96175 1
96176 1
96179 1
96180 1
96181 1
96184 1
96187 1
96190 1
96191 1
96194 1
96203 1
96214 1
96216 1
96221 1
96234 1
96252 1
96259 1
96263 1
96278 1
96337 1
96391 1
96393 1
96396 1
96403 1
96408 1
96416 1
96426 1
96459 1
96461 1
96468 1
96476 1
96479 1
96501 1
96502 1
96503 1
96504 1
96510 1
96512 1
96538 1
96541 1
96545 1
96547 1
96563 1
96565 1
96567 1
96577 1
96587 1
96588 1
96595 1
96630 1
96638 1
96646 1
96652 1
96673 1
96677 1
96701 1
96705 1
96709 1
96713 1
96733 1
96740 1
96744 1
96766 1
96771 1
96780 1
96791 1
96798 1
96805 1
96824 1
96825 1
96852 1
96867 1
96873 1
96905 1
96906 1
96909 1
96910 1
96911 1
96922 1
96923 1
96925 1
96946 1
96951 1
96963 1
96981 1
96991 1
96996 1
97002 1
97007 1
97013 1
97018 1
97022 1
97023 1
97029 1
97044 1
97052 1
97063 1
97065 1
97071 1
97082 1
97087 1
97113 1
97157 1
97158 1
97168 1
97184 1
97202 1
97203 1
97216 1
97222 1
97224 1
97235 1
97251 1
97258 1
97265 1
97292 1
97302 1
97308 1
97332 1
97339 1
97358 1
97369 1
97370 1
97396 1
97404 1
97418 1
97430 1
97441 1
97447 1
97461 1
97470 1
97475 1
97479 1
97486 1
97495 1
97509 1
97511 1
97558 1
97559 1
97563 1
97566 1
97598 1
97600 1
97611 1
97614 1
97617 1
97619 1
97635 1
97640 1
97645 1
97660 1
97675 1
97693 1
97702 1
97703 1
97722 1
97733 1
97735 1
97741 1
97750 1
97767 1
97773 1
97779 1
97783 1
97791 1
97809 1
97822 1
97825 1
97862 1
97888 1
97908 1
97921 1
97927 1
97935 1
97936 1
97945 1
97950 1
97953 1
97959 1
97969 1
97973 1
97974 1
97995 1
98004 1
98012 1
98026 1
98037 1
98058 1
98067 1
98079 1
98085 1
98105 1
98106 1
98142 1
98146 1
98160 1
98166 1
98171 1
98179 1
98184 1
98197 1
98210 1
98213 1
98221 1
98228 1
98231 1
98259 1
98266 1
98278 1
98291 1
98292 1
98303 1
98310 1
98313 1
98314 1
98316 1
98334 1
98335 1
98340 1
98342 1
98352 1
98353 1
98363 1
98364 1
98370 1
98389 1
98391 1
98392 1
98393 1
98399 1
98420 1
98430 1
98444 1
98450 1
98452 1
98455 1
98458 1
98462 1
98473 1
98489 1
98520 1
98521 1
98551 1
98565 1
98591 1
98595 1
98606 1
98618 1
98620 1
98630 1
98633 1
98640 1
98649 1
98650 1
98670 1
98688 1
98692 1
98698 1
98709 1
98731 1
98739 1
98748 1
98749 1
98755 1
98765 1
98769 1
98799 1
98819 1
98828 1
98833 1
98834 1
98841 1
98857 1
98875 1
98883 1
98897 1
98907 1
98916 1
98939 1
98943 1
98948 1
98951 1
98962 1
98990 1
99001 1
99008 1
99025 1
99028 1
99034 1
99038 1
99042 1
99052 1
99062 1
99064 1
99075 1
99084 1
99087 1
99092 1
99095 1
99104 1
99106 1
99132 1
99135 1
99145 1
99151 1
99156 1
99160 1
99171 1
99174 1
99187 1
99205 1
99215 1
99217 1
99219 1
99221 1
99225 1
99227 1
99242 1
99244 1
99245 1
99269 1
99272 1
99288 1
99307 1
99318 1
99320 1
99321 1
99326 1
99331 1
99341 1
99380 1
99391 1
99394 1
99410 1
99411 1
99414 1
99419 1
99421 1
99423 1
99426 1
99437 1
99441 1
99445 1
99463 1
99468 1
99478 1
99482 1
99486 1
99492 1
99508 1
99515 1
99518 1
99519 1
99533 1
99545 1
99569 1
99582 1
99584 1
99589 1
99597 1
99598 1
99614 1
99617 1
99632 1
99634 1
99658 1
99663 1
99665 1
99697 1
99706 1
99758 1
99767 1
99784 1
99785 1
99795 1
99800 1
99802 1
99811 1
99820 1
99825 1
99831 1
99835 1
99844 1
99846 1
99857 1
99864 1
99866 1
99867 1
99874 1
99879 1
99900 1
99905 1
99923 1
99933 1
99943 1
99950 1
99958 1
99959 1
99960 1
99962 1
99999 1
